Archive member included to satisfy reference by file (symbol)

C:/ST/STM32CubeIDE_1.18.1/STM32CubeIDE/plugins/com.st.stm32cube.ide.mcu.externaltools.gnu-tools-for-stm32.14.3.rel1.win32_1.0.100.202602081740/tools/bin/../lib/gcc/arm-none-eabi/14.3.1/../../../../arm-none-eabi/lib/thumb/v7e-m+fp/hard\libc_nano.a(libc_a-exit.o)
                              C:/ST/STM32CubeIDE_1.18.1/STM32CubeIDE/plugins/com.st.stm32cube.ide.mcu.externaltools.gnu-tools-for-stm32.14.3.rel1.win32_1.0.100.202602081740/tools/bin/../lib/gcc/arm-none-eabi/14.3.1/../../../../arm-none-eabi/lib/thumb/v7e-m+fp/hard/crt0.o (exit)
C:/ST/STM32CubeIDE_1.18.1/STM32CubeIDE/plugins/com.st.stm32cube.ide.mcu.externaltools.gnu-tools-for-stm32.14.3.rel1.win32_1.0.100.202602081740/tools/bin/../lib/gcc/arm-none-eabi/14.3.1/../../../../arm-none-eabi/lib/thumb/v7e-m+fp/hard\libc_nano.a(libc_a-findfp.o)
                              C:/ST/STM32CubeIDE_1.18.1/STM32CubeIDE/plugins/com.st.stm32cube.ide.mcu.externaltools.gnu-tools-for-stm32.14.3.rel1.win32_1.0.100.202602081740/tools/bin/../lib/gcc/arm-none-eabi/14.3.1/../../../../arm-none-eabi/lib/thumb/v7e-m+fp/hard\libc_nano.a(libc_a-exit.o) (__stdio_exit_handler)
C:/ST/STM32CubeIDE_1.18.1/STM32CubeIDE/plugins/com.st.stm32cube.ide.mcu.externaltools.gnu-tools-for-stm32.14.3.rel1.win32_1.0.100.202602081740/tools/bin/../lib/gcc/arm-none-eabi/14.3.1/../../../../arm-none-eabi/lib/thumb/v7e-m+fp/hard\libc_nano.a(libc_a-fwalk.o)
                              C:/ST/STM32CubeIDE_1.18.1/STM32CubeIDE/plugins/com.st.stm32cube.ide.mcu.externaltools.gnu-tools-for-stm32.14.3.rel1.win32_1.0.100.202602081740/tools/bin/../lib/gcc/arm-none-eabi/14.3.1/../../../../arm-none-eabi/lib/thumb/v7e-m+fp/hard\libc_nano.a(libc_a-findfp.o) (_fwalk_sglue)
C:/ST/STM32CubeIDE_1.18.1/STM32CubeIDE/plugins/com.st.stm32cube.ide.mcu.externaltools.gnu-tools-for-stm32.14.3.rel1.win32_1.0.100.202602081740/tools/bin/../lib/gcc/arm-none-eabi/14.3.1/../../../../arm-none-eabi/lib/thumb/v7e-m+fp/hard\libc_nano.a(libc_a-stdio.o)
                              C:/ST/STM32CubeIDE_1.18.1/STM32CubeIDE/plugins/com.st.stm32cube.ide.mcu.externaltools.gnu-tools-for-stm32.14.3.rel1.win32_1.0.100.202602081740/tools/bin/../lib/gcc/arm-none-eabi/14.3.1/../../../../arm-none-eabi/lib/thumb/v7e-m+fp/hard\libc_nano.a(libc_a-findfp.o) (__sread)
C:/ST/STM32CubeIDE_1.18.1/STM32CubeIDE/plugins/com.st.stm32cube.ide.mcu.externaltools.gnu-tools-for-stm32.14.3.rel1.win32_1.0.100.202602081740/tools/bin/../lib/gcc/arm-none-eabi/14.3.1/../../../../arm-none-eabi/lib/thumb/v7e-m+fp/hard\libc_nano.a(libc_a-memset.o)
                              C:/ST/STM32CubeIDE_1.18.1/STM32CubeIDE/plugins/com.st.stm32cube.ide.mcu.externaltools.gnu-tools-for-stm32.14.3.rel1.win32_1.0.100.202602081740/tools/bin/../lib/gcc/arm-none-eabi/14.3.1/../../../../arm-none-eabi/lib/thumb/v7e-m+fp/hard/crt0.o (memset)
C:/ST/STM32CubeIDE_1.18.1/STM32CubeIDE/plugins/com.st.stm32cube.ide.mcu.externaltools.gnu-tools-for-stm32.14.3.rel1.win32_1.0.100.202602081740/tools/bin/../lib/gcc/arm-none-eabi/14.3.1/../../../../arm-none-eabi/lib/thumb/v7e-m+fp/hard\libc_nano.a(libc_a-closer.o)
                              C:/ST/STM32CubeIDE_1.18.1/STM32CubeIDE/plugins/com.st.stm32cube.ide.mcu.externaltools.gnu-tools-for-stm32.14.3.rel1.win32_1.0.100.202602081740/tools/bin/../lib/gcc/arm-none-eabi/14.3.1/../../../../arm-none-eabi/lib/thumb/v7e-m+fp/hard\libc_nano.a(libc_a-stdio.o) (_close_r)
C:/ST/STM32CubeIDE_1.18.1/STM32CubeIDE/plugins/com.st.stm32cube.ide.mcu.externaltools.gnu-tools-for-stm32.14.3.rel1.win32_1.0.100.202602081740/tools/bin/../lib/gcc/arm-none-eabi/14.3.1/../../../../arm-none-eabi/lib/thumb/v7e-m+fp/hard\libc_nano.a(libc_a-reent.o)
                              C:/ST/STM32CubeIDE_1.18.1/STM32CubeIDE/plugins/com.st.stm32cube.ide.mcu.externaltools.gnu-tools-for-stm32.14.3.rel1.win32_1.0.100.202602081740/tools/bin/../lib/gcc/arm-none-eabi/14.3.1/../../../../arm-none-eabi/lib/thumb/v7e-m+fp/hard\libc_nano.a(libc_a-closer.o) (errno)
C:/ST/STM32CubeIDE_1.18.1/STM32CubeIDE/plugins/com.st.stm32cube.ide.mcu.externaltools.gnu-tools-for-stm32.14.3.rel1.win32_1.0.100.202602081740/tools/bin/../lib/gcc/arm-none-eabi/14.3.1/../../../../arm-none-eabi/lib/thumb/v7e-m+fp/hard\libc_nano.a(libc_a-impure.o)
                              C:/ST/STM32CubeIDE_1.18.1/STM32CubeIDE/plugins/com.st.stm32cube.ide.mcu.externaltools.gnu-tools-for-stm32.14.3.rel1.win32_1.0.100.202602081740/tools/bin/../lib/gcc/arm-none-eabi/14.3.1/../../../../arm-none-eabi/lib/thumb/v7e-m+fp/hard\libc_nano.a(libc_a-reent.o) (_impure_ptr)
C:/ST/STM32CubeIDE_1.18.1/STM32CubeIDE/plugins/com.st.stm32cube.ide.mcu.externaltools.gnu-tools-for-stm32.14.3.rel1.win32_1.0.100.202602081740/tools/bin/../lib/gcc/arm-none-eabi/14.3.1/../../../../arm-none-eabi/lib/thumb/v7e-m+fp/hard\libc_nano.a(libc_a-lseekr.o)
[...]
Memory Configuration

Name             Origin             Length             Attributes
RAM              0x20000000         0x00020000         xrw
FLASH            0x08000000         0x00080000         xr
*default*        0x00000000         0xffffffff

Linker script and memory map

LOAD C:/ST/STM32CubeIDE_1.18.1/STM32CubeIDE/plugins/com.st.stm32cube.ide.mcu.externaltools.gnu-tools-for-stm32.14.3.rel1.win32_1.0.100.202602081740/tools/bin/../lib/gcc/arm-none-eabi/14.3.1/thumb/v7e-m+fp/hard/crti.o
LOAD C:/ST/STM32CubeIDE_1.18.1/STM32CubeIDE/plugins/com.st.stm32cube.ide.mcu.externaltools.gnu-tools-for-stm32.14.3.rel1.win32_1.0.100.202602081740/tools/bin/../lib/gcc/arm-none-eabi/14.3.1/thumb/v7e-m+fp/hard/crtbegin.o
LOAD C:/ST/STM32CubeIDE_1.18.1/STM32CubeIDE/plugins/com.st.stm32cube.ide.mcu.externaltools.gnu-tools-for-stm32.14.3.rel1.win32_1.0.100.202602081740/tools/bin/../lib/gcc/arm-none-eabi/14.3.1/../../../../arm-none-eabi/lib/thumb/v7e-m+fp/hard/crt0.o
LOAD ./Core/Src/main.o
LOAD ./Core/Src/stm32f4xx_hal_msp.o
LOAD ./Core/Src/stm32f4xx_it.o
LOAD ./Core/Src/syscalls.o
LOAD ./Core/Src/sysmem.o
LOAD ./Core/Src/system_stm32f4xx.o
LOAD ./Core/Src/vl53l0x_api.o
LOAD ./Core/Src/vl53l0x_api_calibration.o
LOAD ./Core/Src/vl53l0x_api_core.o
LOAD ./Core/Src/vl53l0x_api_ranging.o
LOAD ./Core/Src/vl53l0x_api_strings.o
LOAD ./Core/Startup/startup_stm32f446retx.o
LOAD ./Drivers/STM32F4xx_HAL_Driver/Src/stm32f4xx_hal.o
LOAD ./Drivers/STM32F4xx_HAL_Driver/Src/stm32f4xx_hal_cortex.o
LOAD ./Drivers/STM32F4xx_HAL_Driver/Src/stm32f4xx_hal_dma.o
LOAD ./Drivers/STM32F4xx_HAL_Driver/Src/stm32f4xx_hal_dma_ex.o
LOAD ./Drivers/STM32F4xx_HAL_Driver/Src/stm32f4xx_hal_exti.o
LOAD ./Drivers/STM32F4xx_HAL_Driver/Src/stm32f4xx_hal_flash.o
LOAD ./Drivers/STM32F4xx_HAL_Driver/Src/stm32f4xx_hal_flash_ex.o
LOAD ./Drivers/STM32F4xx_HAL_Driver/Src/stm32f4xx_hal_flash_ramfunc.o
LOAD ./Drivers/STM32F4xx_HAL_Driver/Src/stm32f4xx_hal_gpio.o
LOAD ./Drivers/STM32F4xx_HAL_Driver/Src/stm32f4xx_hal_i2c.o
LOAD ./Drivers/STM32F4xx_HAL_Driver/Src/stm32f4xx_hal_i2c_ex.o
LOAD ./Drivers/STM32F4xx_HAL_Driver/Src/stm32f4xx_hal_pwr.o
LOAD ./Drivers/STM32F4xx_HAL_Driver/Src/stm32f4xx_hal_pwr_ex.o
LOAD ./Drivers/STM32F4xx_HAL_Driver/Src/stm32f4xx_hal_rcc.o
LOAD ./Drivers/STM32F4xx_HAL_Driver/Src/stm32f4xx_hal_rcc_ex.o
LOAD ./Drivers/STM32F4xx_HAL_Driver/Src/stm32f4xx_hal_tim.o
LOAD ./Drivers/STM32F4xx_HAL_Driver/Src/stm32f4xx_hal_tim_ex.o
LOAD ./Drivers/STM32F4xx_HAL_Driver/Src/stm32f4xx_hal_uart.o
START GROUP
LOAD C:/ST/STM32CubeIDE_1.18.1/STM32CubeIDE/plugins/com.st.stm32cube.ide.mcu.externaltools.gnu-tools-for-stm32.14.3.rel1.win32_1.0.100.202602081740/tools/bin/../lib/gcc/arm-none-eabi/14.3.1/../../../../arm-none-eabi/lib/thumb/v7e-m+fp/hard\libc_nano.a
LOAD C:/ST/STM32CubeIDE_1.18.1/STM32CubeIDE/plugins/com.st.stm32cube.ide.mcu.externaltools.gnu-tools-for-stm32.14.3.rel1.win32_1.0.100.202602081740/tools/bin/../lib/gcc/arm-none-eabi/14.3.1/../../../../arm-none-eabi/lib/thumb/v7e-m+fp/hard\libm.a
END GROUP
START GROUP
LOAD C:/ST/STM32CubeIDE_1.18.1/STM32CubeIDE/plugins/com.st.stm32cube.ide.mcu.externaltools.gnu-tools-for-stm32.14.3.rel1.win32_1.0.100.202602081740/tools/bin/../lib/gcc/arm-none-eabi/14.3.1/thumb/v7e-m+fp/hard\libgcc.a
LOAD C:/ST/STM32CubeIDE_1.18.1/STM32CubeIDE/plugins/com.st.stm32cube.ide.mcu.externaltools.gnu-tools-for-stm32.14.3.rel1.win32_1.0.100.202602081740/tools/bin/../lib/gcc/arm-none-eabi/14.3.1/../../../../arm-none-eabi/lib/thumb/v7e-m+fp/hard\libc_nano.a
END GROUP
START GROUP
LOAD C:/ST/STM32CubeIDE_1.18.1/STM32CubeIDE/plugins/com.st.stm32cube.ide.mcu.externaltools.gnu-tools-for-stm32.14.3.rel1.win32_1.0.100.202602081740/tools/bin/../lib/gcc/arm-none-eabi/14.3.1/thumb/v7e-m+fp/hard\libgcc.a
LOAD C:/ST/STM32CubeIDE_1.18.1/STM32CubeIDE/plugins/com.st.stm32cube.ide.mcu.externaltools.gnu-tools-for-stm32.14.3.rel1.win32_1.0.100.202602081740/tools/bin/../lib/gcc/arm-none-eabi/14.3.1/../../../../arm-none-eabi/lib/thumb/v7e-m+fp/hard\libc_nano.a
LOAD C:/ST/STM32CubeIDE_1.18.1/STM32CubeIDE/plugins/com.st.stm32cube.ide.mcu.externaltools.gnu-tools-for-stm32.14.3.rel1.win32_1.0.100.202602081740/tools/bin/../lib/gcc/arm-none-eabi/14.3.1/../../../../arm-none-eabi/lib/thumb/v7e-m+fp/hard\libnosys.a
END GROUP
START GROUP
LOAD C:/ST/STM32CubeIDE_1.18.1/STM32CubeIDE/plugins/com.st.stm32cube.ide.mcu.externaltools.gnu-tools-for-stm32.14.3.rel1.win32_1.0.100.202602081740/tools/bin/../lib/gcc/arm-none-eabi/14.3.1/thumb/v7e-m+fp/hard\libgcc.a
LOAD C:/ST/STM32CubeIDE_1.18.1/STM32CubeIDE/plugins/com.st.stm32cube.ide.mcu.externaltools.gnu-tools-for-stm32.14.3.rel1.win32_1.0.100.202602081740/tools/bin/../lib/gcc/arm-none-eabi/14.3.1/../../../../arm-none-eabi/lib/thumb/v7e-m+fp/hard\libc_nano.a
LOAD C:/ST/STM32CubeIDE_1.18.1/STM32CubeIDE/plugins/com.st.stm32cube.ide.mcu.externaltools.gnu-tools-for-stm32.14.3.rel1.win32_1.0.100.202602081740/tools/bin/../lib/gcc/arm-none-eabi/14.3.1/../../../../arm-none-eabi/lib/thumb/v7e-m+fp/hard\libnosys.a
END GROUP
LOAD C:/ST/STM32CubeIDE_1.18.1/STM32CubeIDE/plugins/com.st.stm32cube.ide.mcu.externaltools.gnu-tools-for-stm32.14.3.rel1.win32_1.0.100.202602081740/tools/bin/../lib/gcc/arm-none-eabi/14.3.1/thumb/v7e-m+fp/hard/crtend.o
LOAD C:/ST/STM32CubeIDE_1.18.1/STM32CubeIDE/plugins/com.st.stm32cube.ide.mcu.externaltools.gnu-tools-for-stm32.14.3.rel1.win32_1.0.100.202602081740/tools/bin/../lib/gcc/arm-none-eabi/14.3.1/thumb/v7e-m+fp/hard/crtn.o
                0x20020000                        _estack = (ORIGIN (RAM) + LENGTH (RAM))
                0x00000200                        _Min_Heap_Size = 0x200
                0x00000400                        _Min_Stack_Size = 0x400

.isr_vector     0x08000000      0x1c4
                0x08000000                        . = ALIGN (0x4)
 *(.isr_vector)
 .isr_vector    0x08000000      0x1c4 ./Core/Startup/startup_stm32f446retx.o
                0x08000000                g_pfnVectors
                0x080001c4                        . = ALIGN (0x4)

.text           0x080001c8     0x8f68
                0x080001c8                        . = ALIGN (0x4)
 *(.text)
 .text          0x080001c8       0x40 C:/ST/STM32CubeIDE_1.18.1/STM32CubeIDE/plugins/com.st.stm32cube.ide.mcu.externaltools.gnu-tools-for-stm32.14.3.rel1.win32_1.0.100.202602081740/tools/bin/../lib/gcc/arm-none-eabi/14.3.1/thumb/v7e-m+fp/hard/crtbegin.o
 .text          0x08000208      0x378 C:/ST/STM32CubeIDE_1.18.1/STM32CubeIDE/plugins/com.st.stm32cube.ide.mcu.externaltools.gnu-tools-for-stm32.14.3.rel1.win32_1.0.100.202602081740/tools/bin/../lib/gcc/arm-none-eabi/14.3.1/thumb/v7e-m+fp/hard\libgcc.a(_arm_addsubdf3.o)
                0x08000208                __aeabi_drsub
                0x08000210                __aeabi_dsub
                0x08000210                __subdf3
                0x08000214                __aeabi_dadd
                0x08000214                __adddf3
                0x0800048c                __floatunsidf
                0x0800048c                __aeabi_ui2d
                0x080004ac                __floatsidf
                0x080004ac                __aeabi_i2d
                0x080004d0                __aeabi_f2d
                0x080004d0                __extendsfdf2
                0x08000514                __floatundidf
                0x08000514                __aeabi_ul2d
                0x08000524                __floatdidf
                0x08000524                __aeabi_l2d
 .text          0x08000580      0x424 C:/ST/STM32CubeIDE_1.18.1/STM32CubeIDE/plugins/com.st.stm32cube.ide.mcu.externaltools.gnu-tools-for-stm32.14.3.rel1.win32_1.0.100.202602081740/tools/bin/../lib/gcc/arm-none-eabi/14.3.1/thumb/v7e-m+fp/hard\libgcc.a(_arm_muldivdf3.o)
                0x08000580                __aeabi_dmul
                0x08000580                __muldf3
                0x080007d4                __divdf3
                0x080007d4                __aeabi_ddiv
 .text          0x080009a4      0x110 C:/ST/STM32CubeIDE_1.18.1/STM32CubeIDE/plugins/com.st.stm32cube.ide.mcu.externaltools.gnu-tools-for-stm32.14.3.rel1.win32_1.0.100.202602081740/tools/bin/../lib/gcc/arm-none-eabi/14.3.1/thumb/v7e-m+fp/hard\libgcc.a(_arm_cmpdf2.o)
                0x080009a4                __gtdf2
                0x080009a4                __gedf2
                0x080009ac                __ltdf2
                0x080009ac                __ledf2
                0x080009b4                __nedf2
                0x080009b4                __eqdf2
                0x080009b4                __cmpdf2
                0x08000a30                __aeabi_cdrcmple
                0x08000a40                __aeabi_cdcmpeq
                0x08000a40                __aeabi_cdcmple
                0x08000a50                __aeabi_dcmpeq
                0x08000a64                __aeabi_dcmplt
                0x08000a78                __aeabi_dcmple
                0x08000a8c                __aeabi_dcmpge
                0x08000aa0                __aeabi_dcmpgt
 .text          0x08000ab4       0x50 C:/ST/STM32CubeIDE_1.18.1/STM32CubeIDE/plugins/com.st.stm32cube.ide.mcu.externaltools.gnu-tools-for-stm32.14.3.rel1.win32_1.0.100.202602081740/tools/bin/../lib/gcc/arm-none-eabi/14.3.1/thumb/v7e-m+fp/hard\libgcc.a(_arm_fixdfsi.o)
                0x08000ab4                __aeabi_d2iz
                0x08000ab4                __fixdfsi
 .text          0x08000b04       0x30 C:/ST/STM32CubeIDE_1.18.1/STM32CubeIDE/plugins/com.st.stm32cube.ide.mcu.externaltools.gnu-tools-for-stm32.14.3.rel1.win32_1.0.100.202602081740/tools/bin/../lib/gcc/arm-none-eabi/14.3.1/thumb/v7e-m+fp/hard\libgcc.a(_aeabi_uldivmod.o)
                0x08000b04                __aeabi_uldivmod
 .text          0x08000b34      0x2f8 C:/ST/STM32CubeIDE_1.18.1/STM32CubeIDE/plugins/com.st.stm32cube.ide.mcu.externaltools.gnu-tools-for-stm32.14.3.rel1.win32_1.0.100.202602081740/tools/bin/../lib/gcc/arm-none-eabi/14.3.1/thumb/v7e-m+fp/hard\libgcc.a(_udivmoddi4.o)
                0x08000b34                __udivmoddi4
 .text          0x08000e2c        0x4 C:/ST/STM32CubeIDE_1.18.1/STM32CubeIDE/plugins/com.st.stm32cube.ide.mcu.externaltools.gnu-tools-for-stm32.14.3.rel1.win32_1.0.100.202602081740/tools/bin/../lib/gcc/arm-none-eabi/14.3.1/thumb/v7e-m+fp/hard\libgcc.a(_dvmd_tls.o)
                0x08000e2c                __aeabi_idiv0
                0x08000e2c                __aeabi_ldiv0
 *(.text*)
 .text.moveStepper_Blocking
                0x08000e30       0x84 ./Core/Src/main.o
                0x08000e30                moveStepper_Blocking
 .text.VL53L0X_WriteMulti
                0x08000eb4       0x50 ./Core/Src/main.o
                0x08000eb4                VL53L0X_WriteMulti
 .text.VL53L0X_ReadMulti
                0x08000f04       0x50 ./Core/Src/main.o
                0x08000f04                VL53L0X_ReadMulti
 .text.VL53L0X_WrByte
                0x08000f54       0x26 ./Core/Src/main.o
                0x08000f54                VL53L0X_WrByte
 .text.VL53L0X_RdByte
                0x08000f7a       0x24 ./Core/Src/main.o
                0x08000f7a                VL53L0X_RdByte
 .text.VL53L0X_WrWord
                0x08000f9e       0x38 ./Core/Src/main.o
                0x08000f9e                VL53L0X_WrWord
 .text.VL53L0X_RdWord
                0x08000fd6       0x42 ./Core/Src/main.o
                0x08000fd6                VL53L0X_RdWord
 .text.VL53L0X_RdDWord
                0x08001018       0x44 ./Core/Src/main.o
                0x08001018                VL53L0X_RdDWord
 .text.VL53L0X_UpdateByte
                0x0800105c       0x6a ./Core/Src/main.o
                0x0800105c                VL53L0X_UpdateByte
 .text.VL53L0X_PollingDelay
                0x080010c6       0x18 ./Core/Src/main.o
                0x080010c6                VL53L0X_PollingDelay
 *fill*         0x080010de        0x2 
 .text.VL53L0X_Init
                0x080010e0       0x90 ./Core/Src/main.o
 .text.HAL_SYSTICK_Callback
                0x08001170       0x34 ./Core/Src/main.o
                0x08001170                HAL_SYSTICK_Callback
 .text.Motor_Step_Handler
                0x080011a4       0x90 ./Core/Src/main.o
                0x080011a4                Motor_Step_Handler
 *fill*         0x08001234        0x4 
 .text.main     0x08001238      0x2dc ./Core/Src/main.o
                0x08001238                main
 .text.SystemClock_Config
                0x08001514       0xe4 ./Core/Src/main.o
                0x08001514                SystemClock_Config
 .text.MX_I2C1_Init
                0x080015f8       0x5c ./Core/Src/main.o
 .text.MX_TIM6_Init
                0x08001654       0x6c ./Core/Src/main.o
 .text.MX_USART2_UART_Init
                0x080016c0       0x54 ./Core/Src/main.o
 .text.MX_GPIO_Init
                0x08001714       0xdc ./Core/Src/main.o
 .text.HAL_TIM_PeriodElapsedCallback
                0x080017f0       0x24 ./Core/Src/main.o
                0x080017f0                HAL_TIM_PeriodElapsedCallback
 .text.Error_Handler
                0x08001814        0xc ./Core/Src/main.o
                0x08001814                Error_Handler
 .text.HAL_MspInit
                0x08001820       0x50 ./Core/Src/stm32f4xx_hal_msp.o
                0x08001820                HAL_MspInit
 .text.HAL_I2C_MspInit
                0x08001870       0x90 ./Core/Src/stm32f4xx_hal_msp.o
                0x08001870                HAL_I2C_MspInit
 .text.HAL_TIM_Base_MspInit
                0x08001900       0x50 ./Core/Src/stm32f4xx_hal_msp.o
                0x08001900                HAL_TIM_Base_MspInit
 .text.HAL_UART_MspInit
                0x08001950       0x90 ./Core/Src/stm32f4xx_hal_msp.o
                0x08001950                HAL_UART_MspInit
 .text.NMI_Handler
                0x080019e0        0x8 ./Core/Src/stm32f4xx_it.o
                0x080019e0                NMI_Handler
 .text.HardFault_Handler
                0x080019e8        0x8 ./Core/Src/stm32f4xx_it.o
                0x080019e8                HardFault_Handler
 .text.MemManage_Handler
                0x080019f0        0x8 ./Core/Src/stm32f4xx_it.o
                0x080019f0                MemManage_Handler
 .text.BusFault_Handler
                0x080019f8        0x8 ./Core/Src/stm32f4xx_it.o
                0x080019f8                BusFault_Handler
 .text.UsageFault_Handler
                0x08001a00        0x8 ./Core/Src/stm32f4xx_it.o
                0x08001a00                UsageFault_Handler
 .text.SVC_Handler
                0x08001a08        0xe ./Core/Src/stm32f4xx_it.o
                0x08001a08                SVC_Handler
 .text.DebugMon_Handler
                0x08001a16        0xe ./Core/Src/stm32f4xx_it.o
                0x08001a16                DebugMon_Handler
 .text.PendSV_Handler
                0x08001a24        0xe ./Core/Src/stm32f4xx_it.o
                0x08001a24                PendSV_Handler
 .text.SysTick_Handler
                0x08001a32       0x10 ./Core/Src/stm32f4xx_it.o
                0x08001a32                SysTick_Handler
 *fill*         0x08001a42        0x2 
 .text.TIM6_DAC_IRQHandler
                0x08001a44       0x14 ./Core/Src/stm32f4xx_it.o
                0x08001a44                TIM6_DAC_IRQHandler
 .text.SystemInit
                0x08001a58       0x24 ./Core/Src/system_stm32f4xx.o
                0x08001a58                SystemInit
 .text.VL53L0X_GetOffsetCalibrationDataMicroMeter
                0x08001a7c       0x26 ./Core/Src/vl53l0x_api.o
                0x08001a7c                VL53L0X_GetOffsetCalibrationDataMicroMeter
 *fill*         0x08001aa2        0x2 
 .text.VL53L0X_DataInit
                0x08001aa4      0x2c8 ./Core/Src/vl53l0x_api.o
                0x08001aa4                VL53L0X_DataInit
 .text.VL53L0X_StaticInit
                0x08001d6c      0x300 ./Core/Src/vl53l0x_api.o
                0x08001d6c                VL53L0X_StaticInit
 .text.VL53L0X_GetDeviceParameters
                0x0800206c      0x120 ./Core/Src/vl53l0x_api.o
                0x0800206c                VL53L0X_GetDeviceParameters
 .text.VL53L0X_SetDeviceMode
                0x0800218c       0x58 ./Core/Src/vl53l0x_api.o
                0x0800218c                VL53L0X_SetDeviceMode
 .text.VL53L0X_GetDeviceMode
                0x080021e4       0x26 ./Core/Src/vl53l0x_api.o
                0x080021e4                VL53L0X_GetDeviceMode
 .text.VL53L0X_GetFractionEnable
                0x0800220a       0x3e ./Core/Src/vl53l0x_api.o
                0x0800220a                VL53L0X_GetFractionEnable
 .text.VL53L0X_SetMeasurementTimingBudgetMicroSeconds
                0x08002248       0x26 ./Core/Src/vl53l0x_api.o
                0x08002248                VL53L0X_SetMeasurementTimingBudgetMicroSeconds
 .text.VL53L0X_GetMeasurementTimingBudgetMicroSeconds
                0x0800226e       0x26 ./Core/Src/vl53l0x_api.o
                0x0800226e                VL53L0X_GetMeasurementTimingBudgetMicroSeconds
 .text.VL53L0X_GetVcselPulsePeriod
                0x08002294       0x2e ./Core/Src/vl53l0x_api.o
                0x08002294                VL53L0X_GetVcselPulsePeriod
 *fill*         0x080022c2        0x2 
 .text.VL53L0X_SetSequenceStepEnable
                0x080022c4      0x140 ./Core/Src/vl53l0x_api.o
                0x080022c4                VL53L0X_SetSequenceStepEnable
 .text.sequence_step_enabled
                0x08002404       0xa4 ./Core/Src/vl53l0x_api.o
                0x08002404                sequence_step_enabled
 .text.VL53L0X_GetSequenceStepEnables
                0x080024a8       0xb0 ./Core/Src/vl53l0x_api.o
                0x080024a8                VL53L0X_GetSequenceStepEnables
 .text.VL53L0X_GetInterMeasurementPeriodMilliSeconds
                0x08002558       0x68 ./Core/Src/vl53l0x_api.o
                0x08002558                VL53L0X_GetInterMeasurementPeriodMilliSeconds
 .text.VL53L0X_GetXTalkCompensationEnable
                0x080025c0       0x2a ./Core/Src/vl53l0x_api.o
                0x080025c0                VL53L0X_GetXTalkCompensationEnable
 .text.VL53L0X_GetXTalkCompensationRateMegaCps
                0x080025ea       0x66 ./Core/Src/vl53l0x_api.o
                0x080025ea                VL53L0X_GetXTalkCompensationRateMegaCps
 .text.VL53L0X_SetLimitCheckEnable
                0x08002650      0x118 ./Core/Src/vl53l0x_api.o
                0x08002650                VL53L0X_SetLimitCheckEnable
 .text.VL53L0X_GetLimitCheckEnable
                0x08002768       0x46 ./Core/Src/vl53l0x_api.o
                0x08002768                VL53L0X_GetLimitCheckEnable
 *fill*         0x080027ae        0x2 
 .text.VL53L0X_SetLimitCheckValue
                0x080027b0       0xc4 ./Core/Src/vl53l0x_api.o
                0x080027b0                VL53L0X_SetLimitCheckValue
 .text.VL53L0X_GetLimitCheckValue
                0x08002874      0x11c ./Core/Src/vl53l0x_api.o
                0x08002874                VL53L0X_GetLimitCheckValue
 .text.VL53L0X_GetWrapAroundCheckEnable
                0x08002990       0x64 ./Core/Src/vl53l0x_api.o
                0x08002990                VL53L0X_GetWrapAroundCheckEnable
 .text.VL53L0X_PerformSingleMeasurement
                0x080029f4       0x68 ./Core/Src/vl53l0x_api.o
                0x080029f4                VL53L0X_PerformSingleMeasurement
 .text.VL53L0X_PerformRefCalibration
                0x08002a5c       0x2c ./Core/Src/vl53l0x_api.o
                0x08002a5c                VL53L0X_PerformRefCalibration
 .text.VL53L0X_CheckAndLoadInterruptSettings
                0x08002a88       0xcc ./Core/Src/vl53l0x_api.o
                0x08002a88                VL53L0X_CheckAndLoadInterruptSettings
 .text.VL53L0X_StartMeasurement
                0x08002b54      0x184 ./Core/Src/vl53l0x_api.o
                0x08002b54                VL53L0X_StartMeasurement
 .text.VL53L0X_GetMeasurementDataReady
                0x08002cd8       0x80 ./Core/Src/vl53l0x_api.o
                0x08002cd8                VL53L0X_GetMeasurementDataReady
 .text.VL53L0X_GetRangingMeasurementData
                0x08002d58      0x238 ./Core/Src/vl53l0x_api.o
                0x08002d58                VL53L0X_GetRangingMeasurementData
 .text.VL53L0X_PerformSingleRangingMeasurement
                0x08002f90       0x60 ./Core/Src/vl53l0x_api.o
                0x08002f90                VL53L0X_PerformSingleRangingMeasurement
 .text.VL53L0X_SetGpioConfig
                0x08002ff0      0x244 ./Core/Src/vl53l0x_api.o
                0x08002ff0                VL53L0X_SetGpioConfig
 .text.VL53L0X_GetInterruptThresholds
                0x08003234       0x68 ./Core/Src/vl53l0x_api.o
                0x08003234                VL53L0X_GetInterruptThresholds
 .text.VL53L0X_ClearInterruptMask
                0x0800329c       0x80 ./Core/Src/vl53l0x_api.o
                0x0800329c                VL53L0X_ClearInterruptMask
 .text.VL53L0X_GetInterruptMaskStatus
                0x0800331c       0x44 ./Core/Src/vl53l0x_api.o
                0x0800331c                VL53L0X_GetInterruptMaskStatus
 .text.VL53L0X_PerformRefSpadManagement
                0x08003360       0x2a ./Core/Src/vl53l0x_api.o
                0x08003360                VL53L0X_PerformRefSpadManagement
 .text.VL53L0X_get_offset_calibration_data_micro_meter
                0x0800338a       0x7e ./Core/Src/vl53l0x_api_calibration.o
                0x0800338a                VL53L0X_get_offset_calibration_data_micro_meter
 .text.get_next_good_spad
                0x08003408       0xbc ./Core/Src/vl53l0x_api_calibration.o
                0x08003408                get_next_good_spad
 .text.is_aperture
                0x080034c4       0x34 ./Core/Src/vl53l0x_api_calibration.o
                0x080034c4                is_aperture
 .text.enable_spad_bit
                0x080034f8       0x70 ./Core/Src/vl53l0x_api_calibration.o
                0x080034f8                enable_spad_bit
 .text.set_ref_spad_map
                0x08003568       0x26 ./Core/Src/vl53l0x_api_calibration.o
                0x08003568                set_ref_spad_map
 .text.get_ref_spad_map
                0x0800358e       0x26 ./Core/Src/vl53l0x_api_calibration.o
                0x0800358e                get_ref_spad_map
 .text.enable_ref_spads
                0x080035b4       0xf8 ./Core/Src/vl53l0x_api_calibration.o
                0x080035b4                enable_ref_spads
 .text.perform_ref_signal_measurement
                0x080036ac       0xd4 ./Core/Src/vl53l0x_api_calibration.o
                0x080036ac                perform_ref_signal_measurement
 .text.VL53L0X_perform_ref_spad_management
                0x08003780      0x418 ./Core/Src/vl53l0x_api_calibration.o
                0x08003780                VL53L0X_perform_ref_spad_management
 .text.VL53L0X_set_reference_spads
                0x08003b98      0x14a ./Core/Src/vl53l0x_api_calibration.o
                0x08003b98                VL53L0X_set_reference_spads
 .text.VL53L0X_perform_single_ref_calibration
                0x08003ce2       0x76 ./Core/Src/vl53l0x_api_calibration.o
                0x08003ce2                VL53L0X_perform_single_ref_calibration
 .text.VL53L0X_ref_calibration_io
                0x08003d58      0x132 ./Core/Src/vl53l0x_api_calibration.o
                0x08003d58                VL53L0X_ref_calibration_io
 .text.VL53L0X_perform_vhv_calibration
                0x08003e8a       0xce ./Core/Src/vl53l0x_api_calibration.o
                0x08003e8a                VL53L0X_perform_vhv_calibration
 .text.VL53L0X_perform_phase_calibration
                0x08003f58       0xca ./Core/Src/vl53l0x_api_calibration.o
                0x08003f58                VL53L0X_perform_phase_calibration
 .text.VL53L0X_perform_ref_calibration
                0x08004022       0x7a ./Core/Src/vl53l0x_api_calibration.o
                0x08004022                VL53L0X_perform_ref_calibration
 .text.VL53L0X_measurement_poll_for_completion
                0x0800409c       0x60 ./Core/Src/vl53l0x_api_core.o
                0x0800409c                VL53L0X_measurement_poll_for_completion
 .text.VL53L0X_decode_vcsel_period
                0x080040fc       0x26 ./Core/Src/vl53l0x_api_core.o
                0x080040fc                VL53L0X_decode_vcsel_period
 .text.VL53L0X_isqrt
                0x08004122       0x68 ./Core/Src/vl53l0x_api_core.o
                0x08004122                VL53L0X_isqrt
 .text.VL53L0X_device_read_strobe
                0x0800418a       0x86 ./Core/Src/vl53l0x_api_core.o
                0x0800418a                VL53L0X_device_read_strobe
 .text.VL53L0X_get_info_from_device
                0x08004210      0x99a ./Core/Src/vl53l0x_api_core.o
                0x08004210                VL53L0X_get_info_from_device
 .text.VL53L0X_calc_macro_period_ps
                0x08004baa       0x3c ./Core/Src/vl53l0x_api_core.o
                0x08004baa                VL53L0X_calc_macro_period_ps
 .text.VL53L0X_encode_timeout
                0x08004be6       0x54 ./Core/Src/vl53l0x_api_core.o
                0x08004be6                VL53L0X_encode_timeout
 .text.VL53L0X_decode_timeout
                0x08004c3a       0x2c ./Core/Src/vl53l0x_api_core.o
                0x08004c3a                VL53L0X_decode_timeout
 *fill*         0x08004c66        0x2 
 .text.VL53L0X_calc_timeout_mclks
                0x08004c68       0x54 ./Core/Src/vl53l0x_api_core.o
                0x08004c68                VL53L0X_calc_timeout_mclks
 .text.VL53L0X_calc_timeout_us
                0x08004cbc       0x54 ./Core/Src/vl53l0x_api_core.o
                0x08004cbc                VL53L0X_calc_timeout_us
 .text.get_sequence_step_timeout
                0x08004d10      0x1c0 ./Core/Src/vl53l0x_api_core.o
                0x08004d10                get_sequence_step_timeout
 .text.set_sequence_step_timeout
                0x08004ed0      0x1e4 ./Core/Src/vl53l0x_api_core.o
                0x08004ed0                set_sequence_step_timeout
 .text.VL53L0X_get_vcsel_pulse_period
                0x080050b4       0x6e ./Core/Src/vl53l0x_api_core.o
                0x080050b4                VL53L0X_get_vcsel_pulse_period
 .text.VL53L0X_set_measurement_timing_budget_micro_seconds
                0x08005122      0x1c0 ./Core/Src/vl53l0x_api_core.o
                0x08005122                VL53L0X_set_measurement_timing_budget_micro_seconds
 .text.VL53L0X_get_measurement_timing_budget_micro_seconds
                0x080052e2      0x162 ./Core/Src/vl53l0x_api_core.o
                0x080052e2                VL53L0X_get_measurement_timing_budget_micro_seconds
 .text.VL53L0X_load_tuning_settings
                0x08005444      0x1c4 ./Core/Src/vl53l0x_api_core.o
                0x08005444                VL53L0X_load_tuning_settings
 .text.VL53L0X_get_total_xtalk_rate
                0x08005608       0x5e ./Core/Src/vl53l0x_api_core.o
                0x08005608                VL53L0X_get_total_xtalk_rate
 .text.VL53L0X_get_total_signal_rate
                0x08005666       0x4a ./Core/Src/vl53l0x_api_core.o
                0x08005666                VL53L0X_get_total_signal_rate
 .text.VL53L0X_calc_dmax
                0x080056b0      0x238 ./Core/Src/vl53l0x_api_core.o
                0x080056b0                VL53L0X_calc_dmax
 .text.VL53L0X_calc_sigma_estimate
                0x080058e8      0x498 ./Core/Src/vl53l0x_api_core.o
                0x080058e8                VL53L0X_calc_sigma_estimate
 .text.VL53L0X_get_pal_range_status
                0x08005d80      0x3b6 ./Core/Src/vl53l0x_api_core.o
                0x08005d80                VL53L0X_get_pal_range_status
 *fill*         0x08006136        0x2 
 .text.Reset_Handler
                0x08006138       0x50 ./Core/Startup/startup_stm32f446retx.o
                0x08006138                Reset_Handler
 .text.Default_Handler
                0x08006188        0x2 ./Core/Startup/startup_stm32f446retx.o
                0x08006188                RTC_Alarm_IRQHandler
                0x08006188                EXTI2_IRQHandler
                0x08006188                TIM8_CC_IRQHandler
                0x08006188                FMPI2C1_EV_IRQHandler
                0x08006188                SPI4_IRQHandler
                0x08006188                TIM1_CC_IRQHandler
                0x08006188                DMA2_Stream5_IRQHandler
                0x08006188                DMA1_Stream5_IRQHandler
                0x08006188                PVD_IRQHandler
                0x08006188                SDIO_IRQHandler
                0x08006188                TAMP_STAMP_IRQHandler
                0x08006188                CAN2_RX1_IRQHandler
                0x08006188                EXTI3_IRQHandler
                0x08006188                TIM8_TRG_COM_TIM14_IRQHandler
                0x08006188                TIM1_UP_TIM10_IRQHandler
                0x08006188                TIM8_UP_TIM13_IRQHandler
                0x08006188                I2C3_ER_IRQHandler
                0x08006188                EXTI0_IRQHandler
                0x08006188                I2C2_EV_IRQHandler
                0x08006188                DMA1_Stream2_IRQHandler
                0x08006188                CAN1_RX0_IRQHandler
                0x08006188                FPU_IRQHandler
                0x08006188                OTG_HS_WKUP_IRQHandler
                0x08006188                CAN2_SCE_IRQHandler
                0x08006188                DMA2_Stream2_IRQHandler
                0x08006188                SPI1_IRQHandler
                0x08006188                TIM1_BRK_TIM9_IRQHandler
                0x08006188                DCMI_IRQHandler
                0x08006188                CAN2_RX0_IRQHandler
                0x08006188                DMA2_Stream3_IRQHandler
                0x08006188                SAI2_IRQHandler
                0x08006188                USART6_IRQHandler
                0x08006188                USART3_IRQHandler
                0x08006188                CAN1_RX1_IRQHandler
                0x08006188                UART5_IRQHandler
                0x08006188                DMA2_Stream0_IRQHandler
                0x08006188                TIM4_IRQHandler
                0x08006188                QUADSPI_IRQHandler
                0x08006188                I2C1_EV_IRQHandler
                0x08006188                DMA1_Stream6_IRQHandler
                0x08006188                DMA1_Stream1_IRQHandler
                0x08006188                UART4_IRQHandler
                0x08006188                TIM3_IRQHandler
                0x08006188                RCC_IRQHandler
                0x08006188                TIM8_BRK_TIM12_IRQHandler
                0x08006188                Default_Handler
                0x08006188                CEC_IRQHandler
                0x08006188                EXTI15_10_IRQHandler
                0x08006188                ADC_IRQHandler
                0x08006188                DMA1_Stream7_IRQHandler
                0x08006188                TIM7_IRQHandler
                0x08006188                CAN2_TX_IRQHandler
                0x08006188                TIM5_IRQHandler
                0x08006188                DMA2_Stream7_IRQHandler
                0x08006188                I2C3_EV_IRQHandler
                0x08006188                EXTI9_5_IRQHandler
                0x08006188                RTC_WKUP_IRQHandler
                0x08006188                SPDIF_RX_IRQHandler
                0x08006188                SPI2_IRQHandler
                0x08006188                OTG_HS_EP1_IN_IRQHandler
                0x08006188                DMA1_Stream0_IRQHandler
                0x08006188                CAN1_TX_IRQHandler
                0x08006188                FMPI2C1_ER_IRQHandler
                0x08006188                EXTI4_IRQHandler
                0x08006188                OTG_HS_EP1_OUT_IRQHandler
                0x08006188                WWDG_IRQHandler
                0x08006188                TIM2_IRQHandler
                0x08006188                OTG_FS_WKUP_IRQHandler
                0x08006188                TIM1_TRG_COM_TIM11_IRQHandler
                0x08006188                OTG_HS_IRQHandler
                0x08006188                EXTI1_IRQHandler
                0x08006188                USART2_IRQHandler
                0x08006188                I2C2_ER_IRQHandler
                0x08006188                DMA2_Stream1_IRQHandler
                0x08006188                CAN1_SCE_IRQHandler
                0x08006188                FLASH_IRQHandler
                0x08006188                DMA2_Stream4_IRQHandler
                0x08006188                USART1_IRQHandler
                0x08006188                OTG_FS_IRQHandler
                0x08006188                SPI3_IRQHandler
                0x08006188                DMA1_Stream4_IRQHandler
                0x08006188                I2C1_ER_IRQHandler
                0x08006188                FMC_IRQHandler
                0x08006188                DMA2_Stream6_IRQHandler
                0x08006188                SAI1_IRQHandler
                0x08006188                DMA1_Stream3_IRQHandler
 *fill*         0x0800618a        0x2 
 .text.HAL_Init
                0x0800618c       0x44 ./Drivers/STM32F4xx_HAL_Driver/Src/stm32f4xx_hal.o
                0x0800618c                HAL_Init
 .text.HAL_InitTick
                0x080061d0       0x60 ./Drivers/STM32F4xx_HAL_Driver/Src/stm32f4xx_hal.o
                0x080061d0                HAL_InitTick
 .text.HAL_IncTick
                0x08006230       0x28 ./Drivers/STM32F4xx_HAL_Driver/Src/stm32f4xx_hal.o
                0x08006230                HAL_IncTick
 .text.HAL_GetTick
                0x08006258       0x18 ./Drivers/STM32F4xx_HAL_Driver/Src/stm32f4xx_hal.o
                0x08006258                HAL_GetTick
 .text.HAL_Delay
                0x08006270       0x48 ./Drivers/STM32F4xx_HAL_Driver/Src/stm32f4xx_hal.o
                0x08006270                HAL_Delay
 .text.__NVIC_SetPriorityGrouping
                0x080062b8       0x48 ./Drivers/STM32F4xx_HAL_Driver/Src/stm32f4xx_hal_cortex.o
 .text.__NVIC_GetPriorityGrouping
                0x08006300       0x1c ./Drivers/STM32F4xx_HAL_Driver/Src/stm32f4xx_hal_cortex.o
 .text.__NVIC_EnableIRQ
                0x0800631c       0x3c ./Drivers/STM32F4xx_HAL_Driver/Src/stm32f4xx_hal_cortex.o
 .text.__NVIC_SetPriority
                0x08006358       0x54 ./Drivers/STM32F4xx_HAL_Driver/Src/stm32f4xx_hal_cortex.o
 .text.NVIC_EncodePriority
                0x080063ac       0x66 ./Drivers/STM32F4xx_HAL_Driver/Src/stm32f4xx_hal_cortex.o
 *fill*         0x08006412        0x2 
 .text.SysTick_Config
                0x08006414       0x44 ./Drivers/STM32F4xx_HAL_Driver/Src/stm32f4xx_hal_cortex.o
 .text.HAL_NVIC_SetPriorityGrouping
                0x08006458       0x16 ./Drivers/STM32F4xx_HAL_Driver/Src/stm32f4xx_hal_cortex.o
                0x08006458                HAL_NVIC_SetPriorityGrouping
 .text.HAL_NVIC_SetPriority
                0x0800646e       0x38 ./Drivers/STM32F4xx_HAL_Driver/Src/stm32f4xx_hal_cortex.o
                0x0800646e                HAL_NVIC_SetPriority
 .text.HAL_NVIC_EnableIRQ
                0x080064a6       0x1c ./Drivers/STM32F4xx_HAL_Driver/Src/stm32f4xx_hal_cortex.o
                0x080064a6                HAL_NVIC_EnableIRQ
 .text.HAL_SYSTICK_Config
                0x080064c2       0x18 ./Drivers/STM32F4xx_HAL_Driver/Src/stm32f4xx_hal_cortex.o
                0x080064c2                HAL_SYSTICK_Config
 *fill*         0x080064da        0x2 
 .text.HAL_GPIO_Init
                0x080064dc      0x328 ./Drivers/STM32F4xx_HAL_Driver/Src/stm32f4xx_hal_gpio.o
                0x080064dc                HAL_GPIO_Init
 .text.HAL_GPIO_WritePin
                0x08006804       0x32 ./Drivers/STM32F4xx_HAL_Driver/Src/stm32f4xx_hal_gpio.o
                0x08006804                HAL_GPIO_WritePin
 *fill*         0x08006836        0x2 
 .text.HAL_I2C_Init
                0x08006838      0x288 ./Drivers/STM32F4xx_HAL_Driver/Src/stm32f4xx_hal_i2c.o
                0x08006838                HAL_I2C_Init
 .text.HAL_I2C_Mem_Write
                0x08006ac0      0x1f4 ./Drivers/STM32F4xx_HAL_Driver/Src/stm32f4xx_hal_i2c.o
                0x08006ac0                HAL_I2C_Mem_Write
 .text.HAL_I2C_Mem_Read
                0x08006cb4      0x464 ./Drivers/STM32F4xx_HAL_Driver/Src/stm32f4xx_hal_i2c.o
                0x08006cb4                HAL_I2C_Mem_Read
 .text.I2C_RequestMemoryWrite
                0x08007118      0x12c ./Drivers/STM32F4xx_HAL_Driver/Src/stm32f4xx_hal_i2c.o
 .text.I2C_RequestMemoryRead
                0x08007244      0x1d0 ./Drivers/STM32F4xx_HAL_Driver/Src/stm32f4xx_hal_i2c.o
 .text.I2C_WaitOnFlagUntilTimeout
                0x08007414       0xf4 ./Drivers/STM32F4xx_HAL_Driver/Src/stm32f4xx_hal_i2c.o
 .text.I2C_WaitOnMasterAddressFlagUntilTimeout
                0x08007508      0x140 ./Drivers/STM32F4xx_HAL_Driver/Src/stm32f4xx_hal_i2c.o
 .text.I2C_WaitOnTXEFlagUntilTimeout
                0x08007648       0x90 ./Drivers/STM32F4xx_HAL_Driver/Src/stm32f4xx_hal_i2c.o
 .text.I2C_WaitOnBTFFlagUntilTimeout
                0x080076d8       0x90 ./Drivers/STM32F4xx_HAL_Driver/Src/stm32f4xx_hal_i2c.o
 .text.I2C_WaitOnRXNEFlagUntilTimeout
                0x08007768       0xba ./Drivers/STM32F4xx_HAL_Driver/Src/stm32f4xx_hal_i2c.o
 .text.I2C_IsAcknowledgeFailed
                0x08007822       0x5e ./Drivers/STM32F4xx_HAL_Driver/Src/stm32f4xx_hal_i2c.o
 .text.HAL_PWREx_EnableOverDrive
                0x08007880       0xa0 ./Drivers/STM32F4xx_HAL_Driver/Src/stm32f4xx_hal_pwr_ex.o
                0x08007880                HAL_PWREx_EnableOverDrive
 .text.HAL_RCC_ClockConfig
                0x08007920      0x1cc ./Drivers/STM32F4xx_HAL_Driver/Src/stm32f4xx_hal_rcc.o
                0x08007920                HAL_RCC_ClockConfig
 .text.HAL_RCC_GetHCLKFreq
                0x08007aec       0x18 ./Drivers/STM32F4xx_HAL_Driver/Src/stm32f4xx_hal_rcc.o
                0x08007aec                HAL_RCC_GetHCLKFreq
 .text.HAL_RCC_GetPCLK1Freq
                0x08007b04       0x28 ./Drivers/STM32F4xx_HAL_Driver/Src/stm32f4xx_hal_rcc.o
                0x08007b04                HAL_RCC_GetPCLK1Freq
 .text.HAL_RCC_GetPCLK2Freq
                0x08007b2c       0x28 ./Drivers/STM32F4xx_HAL_Driver/Src/stm32f4xx_hal_rcc.o
                0x08007b2c                HAL_RCC_GetPCLK2Freq
 .text.HAL_RCC_GetSysClockFreq
                0x08007b54      0x460 ./Drivers/STM32F4xx_HAL_Driver/Src/stm32f4xx_hal_rcc_ex.o
                0x08007b54                HAL_RCC_GetSysClockFreq
 .text.HAL_RCC_OscConfig
                0x08007fb4      0x53c ./Drivers/STM32F4xx_HAL_Driver/Src/stm32f4xx_hal_rcc_ex.o
                0x08007fb4                HAL_RCC_OscConfig
 .text.HAL_TIM_Base_Init
                0x080084f0       0x9e ./Drivers/STM32F4xx_HAL_Driver/Src/stm32f4xx_hal_tim.o
                0x080084f0                HAL_TIM_Base_Init
 *fill*         0x0800858e        0x2 
 .text.HAL_TIM_Base_Start_IT
                0x08008590       0xe0 ./Drivers/STM32F4xx_HAL_Driver/Src/stm32f4xx_hal_tim.o
                0x08008590                HAL_TIM_Base_Start_IT
 .text.HAL_TIM_IRQHandler
                0x08008670      0x1e0 ./Drivers/STM32F4xx_HAL_Driver/Src/stm32f4xx_hal_tim.o
                0x08008670                HAL_TIM_IRQHandler
 .text.HAL_TIM_OC_DelayElapsedCallback
                0x08008850       0x14 ./Drivers/STM32F4xx_HAL_Driver/Src/stm32f4xx_hal_tim.o
                0x08008850                HAL_TIM_OC_DelayElapsedCallback
 .text.HAL_TIM_IC_CaptureCallback
                0x08008864       0x14 ./Drivers/STM32F4xx_HAL_Driver/Src/stm32f4xx_hal_tim.o
                0x08008864                HAL_TIM_IC_CaptureCallback
 .text.HAL_TIM_PWM_PulseFinishedCallback
                0x08008878       0x14 ./Drivers/STM32F4xx_HAL_Driver/Src/stm32f4xx_hal_tim.o
                0x08008878                HAL_TIM_PWM_PulseFinishedCallback
 .text.HAL_TIM_TriggerCallback
                0x0800888c       0x14 ./Drivers/STM32F4xx_HAL_Driver/Src/stm32f4xx_hal_tim.o
                0x0800888c                HAL_TIM_TriggerCallback
 .text.TIM_Base_SetConfig
                0x080088a0      0x14c ./Drivers/STM32F4xx_HAL_Driver/Src/stm32f4xx_hal_tim.o
                0x080088a0                TIM_Base_SetConfig
 .text.HAL_TIMEx_MasterConfigSynchronization
                0x080089ec       0xf8 ./Drivers/STM32F4xx_HAL_Driver/Src/stm32f4xx_hal_tim_ex.o
                0x080089ec                HAL_TIMEx_MasterConfigSynchronization
 .text.HAL_TIMEx_CommutCallback
                0x08008ae4       0x14 ./Drivers/STM32F4xx_HAL_Driver/Src/stm32f4xx_hal_tim_ex.o
                0x08008ae4                HAL_TIMEx_CommutCallback
 .text.HAL_TIMEx_BreakCallback
                0x08008af8       0x14 ./Drivers/STM32F4xx_HAL_Driver/Src/stm32f4xx_hal_tim_ex.o
                0x08008af8                HAL_TIMEx_BreakCallback
 .text.HAL_UART_Init
                0x08008b0c       0xa0 ./Drivers/STM32F4xx_HAL_Driver/Src/stm32f4xx_hal_uart.o
                0x08008b0c                HAL_UART_Init
 .text.UART_SetConfig
                0x08008bac      0x4e8 ./Drivers/STM32F4xx_HAL_Driver/Src/stm32f4xx_hal_uart.o
 .text.memset   0x08009094       0x10 C:/ST/STM32CubeIDE_1.18.1/STM32CubeIDE/plugins/com.st.stm32cube.ide.mcu.externaltools.gnu-tools-for-stm32.14.3.rel1.win32_1.0.100.202602081740/tools/bin/../lib/gcc/arm-none-eabi/14.3.1/../../../../arm-none-eabi/lib/thumb/v7e-m+fp/hard\libc_nano.a(libc_a-memset.o)
                0x08009094                memset
 .text.__libc_init_array
                0x080090a4       0x48 C:/ST/STM32CubeIDE_1.18.1/STM32CubeIDE/plugins/com.st.stm32cube.ide.mcu.externaltools.gnu-tools-for-stm32.14.3.rel1.win32_1.0.100.202602081740/tools/bin/../lib/gcc/arm-none-eabi/14.3.1/../../../../arm-none-eabi/lib/thumb/v7e-m+fp/hard\libc_nano.a(libc_a-init.o)
                0x080090a4                __libc_init_array
 .text.strcpy   0x080090ec       0x10 C:/ST/STM32CubeIDE_1.18.1/STM32CubeIDE/plugins/com.st.stm32cube.ide.mcu.externaltools.gnu-tools-for-stm32.14.3.rel1.win32_1.0.100.202602081740/tools/bin/../lib/gcc/arm-none-eabi/14.3.1/../../../../arm-none-eabi/lib/thumb/v7e-m+fp/hard\libc_nano.a(libc_a-strcpy.o)
                0x080090ec                strcpy
 .text.memcpy   0x080090fc       0x1c C:/ST/STM32CubeIDE_1.18.1/STM32CubeIDE/plugins/com.st.stm32cube.ide.mcu.externaltools.gnu-tools-for-stm32.14.3.rel1.win32_1.0.100.202602081740/tools/bin/../lib/gcc/arm-none-eabi/14.3.1/../../../../arm-none-eabi/lib/thumb/v7e-m+fp/hard\libc_nano.a(libc_a-memcpy-stub.o)
                0x080090fc                memcpy
 *(.glue_7)
 .glue_7        0x08009118        0x0 linker stubs
 *(.glue_7t)
 .glue_7t       0x08009118        0x0 linker stubs
 *(.eh_frame)
 .eh_frame      0x08009118        0x0 C:/ST/STM32CubeIDE_1.18.1/STM32CubeIDE/plugins/com.st.stm32cube.ide.mcu.externaltools.gnu-tools-for-stm32.14.3.rel1.win32_1.0.100.202602081740/tools/bin/../lib/gcc/arm-none-eabi/14.3.1/thumb/v7e-m+fp/hard/crtbegin.o
 *(.init)
 .init          0x08009118        0x4 C:/ST/STM32CubeIDE_1.18.1/STM32CubeIDE/plugins/com.st.stm32cube.ide.mcu.externaltools.gnu-tools-for-stm32.14.3.rel1.win32_1.0.100.202602081740/tools/bin/../lib/gcc/arm-none-eabi/14.3.1/thumb/v7e-m+fp/hard/crti.o
                0x08009118                _init
 .init          0x0800911c        0x8 C:/ST/STM32CubeIDE_1.18.1/STM32CubeIDE/plugins/com.st.stm32cube.ide.mcu.externaltools.gnu-tools-for-stm32.14.3.rel1.win32_1.0.100.202602081740/tools/bin/../lib/gcc/arm-none-eabi/14.3.1/thumb/v7e-m+fp/hard/crtn.o
 *(.fini)
 .fini          0x08009124        0x4 C:/ST/STM32CubeIDE_1.18.1/STM32CubeIDE/plugins/com.st.stm32cube.ide.mcu.externaltools.gnu-tools-for-stm32.14.3.rel1.win32_1.0.100.202602081740/tools/bin/../lib/gcc/arm-none-eabi/14.3.1/thumb/v7e-m+fp/hard/crti.o
                0x08009124                _fini
 .fini          0x08009128        0x8 C:/ST/STM32CubeIDE_1.18.1/STM32CubeIDE/plugins/com.st.stm32cube.ide.mcu.externaltools.gnu-tools-for-stm32.14.3.rel1.win32_1.0.100.202602081740/tools/bin/../lib/gcc/arm-none-eabi/14.3.1/thumb/v7e-m+fp/hard/crtn.o
                0x08009130                        . = ALIGN (0x4)
                0x08009130                        _etext = .

.vfp11_veneer   0x08009130        0x0
 .vfp11_veneer  0x08009130        0x0 linker stubs

.v4_bx          0x08009130        0x0
 .v4_bx         0x08009130        0x0 linker stubs

.iplt           0x08009130        0x0
 .iplt          0x08009130        0x0 C:/ST/STM32CubeIDE_1.18.1/STM32CubeIDE/plugins/com.st.stm32cube.ide.mcu.externaltools.gnu-tools-for-stm32.14.3.rel1.win32_1.0.100.202602081740/tools/bin/../lib/gcc/arm-none-eabi/14.3.1/thumb/v7e-m+fp/hard/crtbegin.o

.rodata         0x08009130       0x18
                0x08009130                        . = ALIGN (0x4)
 *(.rodata)
 *(.rodata*)
 .rodata.AHBPrescTable
                0x08009130       0x10 ./Core/Src/system_stm32f4xx.o
                0x08009130                AHBPrescTable
 .rodata.APBPrescTable
                0x08009140        0x8 ./Core/Src/system_stm32f4xx.o
                0x08009140                APBPrescTable
                0x08009148                        . = ALIGN (0x4)

.ARM.extab      0x08009148        0x0
                0x08009148                        . = ALIGN (0x4)
 *(.ARM.extab* .gnu.linkonce.armextab.*)
                0x08009148                        . = ALIGN (0x4)

.ARM            0x08009148        0x8
                0x08009148                        . = ALIGN (0x4)
                0x08009148                        __exidx_start = .
 *(.ARM.exidx*)
 .ARM.exidx     0x08009148        0x8 C:/ST/STM32CubeIDE_1.18.1/STM32CubeIDE/plugins/com.st.stm32cube.ide.mcu.externaltools.gnu-tools-for-stm32.14.3.rel1.win32_1.0.100.202602081740/tools/bin/../lib/gcc/arm-none-eabi/14.3.1/thumb/v7e-m+fp/hard\libgcc.a(_udivmoddi4.o)
                0x08009150                        __exidx_end = .
                0x08009150                        . = ALIGN (0x4)

.preinit_array  0x08009150        0x0
                0x08009150                        . = ALIGN (0x4)
                0x08009150                        PROVIDE (__preinit_array_start = .)
 *(.preinit_array*)
                0x08009150                        PROVIDE (__preinit_array_end = .)
                0x08009150                        . = ALIGN (0x4)

.init_array     0x08009150        0x4
                0x08009150                        . = ALIGN (0x4)
                0x08009150                        PROVIDE (__init_array_start = .)
 *(SORT_BY_NAME(.init_array.*))
 *(.init_array*)
 .init_array    0x08009150        0x4 C:/ST/STM32CubeIDE_1.18.1/STM32CubeIDE/plugins/com.st.stm32cube.ide.mcu.externaltools.gnu-tools-for-stm32.14.3.rel1.win32_1.0.100.202602081740/tools/bin/../lib/gcc/arm-none-eabi/14.3.1/thumb/v7e-m+fp/hard/crtbegin.o
                0x08009154                        PROVIDE (__init_array_end = .)
                0x08009154                        . = ALIGN (0x4)

.fini_array     0x08009154        0x4
                0x08009154                        . = ALIGN (0x4)
                [!provide]                        PROVIDE (__fini_array_start = .)
 *(SORT_BY_NAME(.fini_array.*))
 *(.fini_array*)
 .fini_array    0x08009154        0x4 C:/ST/STM32CubeIDE_1.18.1/STM32CubeIDE/plugins/com.st.stm32cube.ide.mcu.externaltools.gnu-tools-for-stm32.14.3.rel1.win32_1.0.100.202602081740/tools/bin/../lib/gcc/arm-none-eabi/14.3.1/thumb/v7e-m+fp/hard/crtbegin.o
                [!provide]                        PROVIDE (__fini_array_end = .)
                0x08009158                        . = ALIGN (0x4)
                0x08009158                        _sidata = LOADADDR (.data)

.rel.dyn        0x08009158        0x0
 .rel.iplt      0x08009158        0x0 C:/ST/STM32CubeIDE_1.18.1/STM32CubeIDE/plugins/com.st.stm32cube.ide.mcu.externaltools.gnu-tools-for-stm32.14.3.rel1.win32_1.0.100.202602081740/tools/bin/../lib/gcc/arm-none-eabi/14.3.1/thumb/v7e-m+fp/hard/crtbegin.o

.data           0x20000000      0x2e8 load address 0x08009158
                0x20000000                        . = ALIGN (0x4)
                0x20000000                        _sdata = .
 *(.data)
 *(.data*)
 .data.setpoint
                0x20000000        0x8 ./Core/Src/main.o
                0x20000000                setpoint
 .data.Kp       0x20000008        0x8 ./Core/Src/main.o
                0x20000008                Kp
 .data.Kd       0x20000010        0x8 ./Core/Src/main.o
                0x20000010                Kd
 .data.currentStep
                0x20000018        0x4 ./Core/Src/main.o
                0x20000018                currentStep
 .data.targetStep
                0x2000001c        0x4 ./Core/Src/main.o
                0x2000001c                targetStep
 .data.SystemCoreClock
                0x20000020        0x4 ./Core/Src/system_stm32f4xx.o
                0x20000020                SystemCoreClock
 .data.DefaultTuningSettings
                0x20000024       0xf3 ./Core/Src/vl53l0x_api.o
                0x20000024                DefaultTuningSettings
 *fill*         0x20000117        0x1 
 .data.InterruptThresholdSettings
                0x20000118      0x1b6 ./Core/Src/vl53l0x_api.o
                0x20000118                InterruptThresholdSettings
 *fill*         0x200002ce        0x2 
 .data.refArrayQuadrants
                0x200002d0       0x10 ./Core/Src/vl53l0x_api_calibration.o
                0x200002d0                refArrayQuadrants
 .data.uwTickPrio
                0x200002e0        0x4 ./Drivers/STM32F4xx_HAL_Driver/Src/stm32f4xx_hal.o
                0x200002e0                uwTickPrio
 .data.uwTickFreq
                0x200002e4        0x1 ./Drivers/STM32F4xx_HAL_Driver/Src/stm32f4xx_hal.o
                0x200002e4                uwTickFreq
 *(.RamFunc)
 *(.RamFunc*)
                0x200002e8                        . = ALIGN (0x4)
 *fill*         0x200002e5        0x3 
                0x200002e8                        _edata = .

.igot.plt       0x200002e8        0x0 load address 0x08009440
 .igot.plt      0x200002e8        0x0 C:/ST/STM32CubeIDE_1.18.1/STM32CubeIDE/plugins/com.st.stm32cube.ide.mcu.externaltools.gnu-tools-for-stm32.14.3.rel1.win32_1.0.100.202602081740/tools/bin/../lib/gcc/arm-none-eabi/14.3.1/thumb/v7e-m+fp/hard/crtbegin.o
                0x200002e8                        . = ALIGN (0x4)

.bss            0x200002e8      0x2b4 load address 0x08009440
                0x200002e8                        _sbss = .
                0x200002e8                        __bss_start__ = _sbss
 *(.bss)
 .bss           0x200002e8       0x1c C:/ST/STM32CubeIDE_1.18.1/STM32CubeIDE/plugins/com.st.stm32cube.ide.mcu.externaltools.gnu-tools-for-stm32.14.3.rel1.win32_1.0.100.202602081740/tools/bin/../lib/gcc/arm-none-eabi/14.3.1/thumb/v7e-m+fp/hard/crtbegin.o
 *(.bss*)
 .bss.hi2c1     0x20000304       0x54 ./Core/Src/main.o
                0x20000304                hi2c1
 .bss.htim6     0x20000358       0x48 ./Core/Src/main.o
                0x20000358                htim6
 .bss.huart2    0x200003a0       0x48 ./Core/Src/main.o
                0x200003a0                huart2
 .bss.vl53_dev  0x200003e8      0x160 ./Core/Src/main.o
 .bss.range_data
                0x20000548       0x1c ./Core/Src/main.o
 *fill*         0x20000564        0x4 
 .bss.Ki        0x20000568        0x8 ./Core/Src/main.o
                0x20000568                Ki
 .bss.previousError
                0x20000570        0x8 ./Core/Src/main.o
                0x20000570                previousError
 .bss.integral  0x20000578        0x8 ./Core/Src/main.o
                0x20000578                integral
 .bss.currentDistance
                0x20000580        0x8 ./Core/Src/main.o
                0x20000580                currentDistance
 .bss.stepsRemaining
                0x20000588        0x4 ./Core/Src/main.o
                0x20000588                stepsRemaining
 .bss.motorDirection
                0x2000058c        0x4 ./Core/Src/main.o
                0x2000058c                motorDirection
 .bss.stepPinState
                0x20000590        0x1 ./Core/Src/main.o
                0x20000590                stepPinState
 .bss.pid_flag_20ms
                0x20000591        0x1 ./Core/Src/main.o
                0x20000591                pid_flag_20ms
 *fill*         0x20000592        0x2 
 .bss.ms_tick_count
                0x20000594        0x4 ./Core/Src/main.o
                0x20000594                ms_tick_count
 .bss.uwTick    0x20000598        0x4 ./Drivers/STM32F4xx_HAL_Driver/Src/stm32f4xx_hal.o
                0x20000598                uwTick
 *(COMMON)
                0x2000059c                        . = ALIGN (0x4)
                0x2000059c                        _ebss = .
                0x2000059c                        __bss_end__ = _ebss

._user_heap_stack
                0x2000059c      0x604 load address 0x08009440
                0x200005a0                        . = ALIGN (0x8)
 *fill*         0x2000059c        0x4 
                [!provide]                        PROVIDE (end = .)
                0x200005a0                        PROVIDE (_end = .)
                0x200007a0                        . = (. + _Min_Heap_Size)
 *fill*         0x200005a0      0x200 
                0x20000ba0                        . = (. + _Min_Stack_Size)
 *fill*         0x200007a0      0x400 
                0x20000ba0                        . = ALIGN (0x8)

/DISCARD/
 libc.a(*)
 libm.a(*)
 libgcc.a(*)

.ARM.attributes
                0x00000000       0x30
 *(.ARM.attributes)
 .ARM.attributes
                0x00000000       0x22 C:/ST/STM32CubeIDE_1.18.1/STM32CubeIDE/plugins/com.st.stm32cube.ide.mcu.externaltools.gnu-tools-for-stm32.14.3.rel1.win32_1.0.100.202602081740/tools/bin/../lib/gcc/arm-none-eabi/14.3.1/thumb/v7e-m+fp/hard/crti.o
 .ARM.attributes
                0x00000022       0x34 C:/ST/STM32CubeIDE_1.18.1/STM32CubeIDE/plugins/com.st.stm32cube.ide.mcu.externaltools.gnu-tools-for-stm32.14.3.rel1.win32_1.0.100.202602081740/tools/bin/../lib/gcc/arm-none-eabi/14.3.1/thumb/v7e-m+fp/hard/crtbegin.o
 .ARM.attributes
                0x00000056       0x34 ./Core/Src/main.o
 .ARM.attributes
                0x0000008a       0x34 ./Core/Src/stm32f4xx_hal_msp.o
 .ARM.attributes
                0x000000be       0x34 ./Core/Src/stm32f4xx_it.o
 .ARM.attributes
                0x000000f2       0x34 ./Core/Src/system_stm32f4xx.o
 .ARM.attributes
                0x00000126       0x34 ./Core/Src/vl53l0x_api.o
 .ARM.attributes
                0x0000015a       0x34 ./Core/Src/vl53l0x_api_calibration.o
 .ARM.attributes
                0x0000018e       0x34 ./Core/Src/vl53l0x_api_core.o
 .ARM.attributes
                0x000001c2       0x21 ./Core/Startup/startup_stm32f446retx.o
 .ARM.attributes
                0x000001e3       0x34 ./Drivers/STM32F4xx_HAL_Driver/Src/stm32f4xx_hal.o
 .ARM.attributes
                0x00000217       0x34 ./Drivers/STM32F4xx_HAL_Driver/Src/stm32f4xx_hal_cortex.o
 .ARM.attributes
                0x0000024b       0x34 ./Drivers/STM32F4xx_HAL_Driver/Src/stm32f4xx_hal_gpio.o
 .ARM.attributes
                0x0000027f       0x34 ./Drivers/STM32F4xx_HAL_Driver/Src/stm32f4xx_hal_i2c.o
 .ARM.attributes
                0x000002b3       0x34 ./Drivers/STM32F4xx_HAL_Driver/Src/stm32f4xx_hal_pwr_ex.o
 .ARM.attributes
                0x000002e7       0x34 ./Drivers/STM32F4xx_HAL_Driver/Src/stm32f4xx_hal_rcc.o
 .ARM.attributes
                0x0000031b       0x34 ./Drivers/STM32F4xx_HAL_Driver/Src/stm32f4xx_hal_rcc_ex.o
 .ARM.attributes
                0x0000034f       0x34 ./Drivers/STM32F4xx_HAL_Driver/Src/stm32f4xx_hal_tim.o
 .ARM.attributes
                0x00000383       0x34 ./Drivers/STM32F4xx_HAL_Driver/Src/stm32f4xx_hal_tim_ex.o
 .ARM.attributes
                0x000003b7       0x34 ./Drivers/STM32F4xx_HAL_Driver/Src/stm32f4xx_hal_uart.o
 .ARM.attributes
                0x000003eb       0x34 C:/ST/STM32CubeIDE_1.18.1/STM32CubeIDE/plugins/com.st.stm32cube.ide.mcu.externaltools.gnu-tools-for-stm32.14.3.rel1.win32_1.0.100.202602081740/tools/bin/../lib/gcc/arm-none-eabi/14.3.1/../../../../arm-none-eabi/lib/thumb/v7e-m+fp/hard\libc_nano.a(libc_a-memset.o)
 .ARM.attributes
                0x0000041f       0x34 C:/ST/STM32CubeIDE_1.18.1/STM32CubeIDE/plugins/com.st.stm32cube.ide.mcu.externaltools.gnu-tools-for-stm32.14.3.rel1.win32_1.0.100.202602081740/tools/bin/../lib/gcc/arm-none-eabi/14.3.1/../../../../arm-none-eabi/lib/thumb/v7e-m+fp/hard\libc_nano.a(libc_a-init.o)
 .ARM.attributes
                0x00000453       0x34 C:/ST/STM32CubeIDE_1.18.1/STM32CubeIDE/plugins/com.st.stm32cube.ide.mcu.externaltools.gnu-tools-for-stm32.14.3.rel1.win32_1.0.100.202602081740/tools/bin/../lib/gcc/arm-none-eabi/14.3.1/../../../../arm-none-eabi/lib/thumb/v7e-m+fp/hard\libc_nano.a(libc_a-strcpy.o)
 .ARM.attributes
                0x00000487       0x34 C:/ST/STM32CubeIDE_1.18.1/STM32CubeIDE/plugins/com.st.stm32cube.ide.mcu.externaltools.gnu-tools-for-stm32.14.3.rel1.win32_1.0.100.202602081740/tools/bin/../lib/gcc/arm-none-eabi/14.3.1/../../../../arm-none-eabi/lib/thumb/v7e-m+fp/hard\libc_nano.a(libc_a-memcpy-stub.o)
 .ARM.attributes
                0x000004bb       0x22 C:/ST/STM32CubeIDE_1.18.1/STM32CubeIDE/plugins/com.st.stm32cube.ide.mcu.externaltools.gnu-tools-for-stm32.14.3.rel1.win32_1.0.100.202602081740/tools/bin/../lib/gcc/arm-none-eabi/14.3.1/thumb/v7e-m+fp/hard\libgcc.a(_arm_addsubdf3.o)
 .ARM.attributes
                0x000004dd       0x22 C:/ST/STM32CubeIDE_1.18.1/STM32CubeIDE/plugins/com.st.stm32cube.ide.mcu.externaltools.gnu-tools-for-stm32.14.3.rel1.win32_1.0.100.202602081740/tools/bin/../lib/gcc/arm-none-eabi/14.3.1/thumb/v7e-m+fp/hard\libgcc.a(_arm_muldivdf3.o)
 .ARM.attributes
                0x000004ff       0x22 C:/ST/STM32CubeIDE_1.18.1/STM32CubeIDE/plugins/com.st.stm32cube.ide.mcu.externaltools.gnu-tools-for-stm32.14.3.rel1.win32_1.0.100.202602081740/tools/bin/../lib/gcc/arm-none-eabi/14.3.1/thumb/v7e-m+fp/hard\libgcc.a(_arm_cmpdf2.o)
 .ARM.attributes
                0x00000521       0x22 C:/ST/STM32CubeIDE_1.18.1/STM32CubeIDE/plugins/com.st.stm32cube.ide.mcu.externaltools.gnu-tools-for-stm32.14.3.rel1.win32_1.0.100.202602081740/tools/bin/../lib/gcc/arm-none-eabi/14.3.1/thumb/v7e-m+fp/hard\libgcc.a(_arm_fixdfsi.o)
 .ARM.attributes
                0x00000543       0x22 C:/ST/STM32CubeIDE_1.18.1/STM32CubeIDE/plugins/com.st.stm32cube.ide.mcu.externaltools.gnu-tools-for-stm32.14.3.rel1.win32_1.0.100.202602081740/tools/bin/../lib/gcc/arm-none-eabi/14.3.1/thumb/v7e-m+fp/hard\libgcc.a(_aeabi_uldivmod.o)
 .ARM.attributes
                0x00000565       0x34 C:/ST/STM32CubeIDE_1.18.1/STM32CubeIDE/plugins/com.st.stm32cube.ide.mcu.externaltools.gnu-tools-for-stm32.14.3.rel1.win32_1.0.100.202602081740/tools/bin/../lib/gcc/arm-none-eabi/14.3.1/thumb/v7e-m+fp/hard\libgcc.a(_udivmoddi4.o)
 .ARM.attributes
                0x00000599       0x22 C:/ST/STM32CubeIDE_1.18.1/STM32CubeIDE/plugins/com.st.stm32cube.ide.mcu.externaltools.gnu-tools-for-stm32.14.3.rel1.win32_1.0.100.202602081740/tools/bin/../lib/gcc/arm-none-eabi/14.3.1/thumb/v7e-m+fp/hard\libgcc.a(_dvmd_tls.o)
 .ARM.attributes
                0x000005bb       0x22 C:/ST/STM32CubeIDE_1.18.1/STM32CubeIDE/plugins/com.st.stm32cube.ide.mcu.externaltools.gnu-tools-for-stm32.14.3.rel1.win32_1.0.100.202602081740/tools/bin/../lib/gcc/arm-none-eabi/14.3.1/thumb/v7e-m+fp/hard/crtn.o
OUTPUT(pid_f446re.elf elf32-littlearm)
LOAD linker stubs
LOAD C:/ST/STM32CubeIDE_1.18.1/STM32CubeIDE/plugins/com.st.stm32cube.ide.mcu.externaltools.gnu-tools-for-stm32.14.3.rel1.win32_1.0.100.202602081740/tools/bin/../lib/gcc/arm-none-eabi/14.3.1/../../../../arm-none-eabi/lib/thumb/v7e-m+fp/hard\libc.a
LOAD C:/ST/STM32CubeIDE_1.18.1/STM32CubeIDE/plugins/com.st.stm32cube.ide.mcu.externaltools.gnu-tools-for-stm32.14.3.rel1.win32_1.0.100.202602081740/tools/bin/../lib/gcc/arm-none-eabi/14.3.1/../../../../arm-none-eabi/lib/thumb/v7e-m+fp/hard\libm.a
LOAD C:/ST/STM32CubeIDE_1.18.1/STM32CubeIDE/plugins/com.st.stm32cube.ide.mcu.externaltools.gnu-tools-for-stm32.14.3.rel1.win32_1.0.100.202602081740/tools/bin/../lib/gcc/arm-none-eabi/14.3.1/thumb/v7e-m+fp/hard\libgcc.a

.debug_info     0x00000000    0x16bc2
 .debug_info    0x00000000     0x20fb ./Core/Src/main.o
 .debug_info    0x000020fb     0x12b8 ./Core/Src/stm32f4xx_hal_msp.o
 .debug_info    0x000033b3      0x6ea ./Core/Src/stm32f4xx_it.o
 .debug_info    0x00003a9d      0x54a ./Core/Src/system_stm32f4xx.o
 .debug_info    0x00003fe7     0x2f4c ./Core/Src/vl53l0x_api.o
 .debug_info    0x00006f33     0x171b ./Core/Src/vl53l0x_api_calibration.o
 .debug_info    0x0000864e     0x1bd4 ./Core/Src/vl53l0x_api_core.o
 .debug_info    0x0000a222       0x30 ./Core/Startup/startup_stm32f446retx.o
 .debug_info    0x0000a252      0x99a ./Drivers/STM32F4xx_HAL_Driver/Src/stm32f4xx_hal.o
 .debug_info    0x0000abec      0xdaa ./Drivers/STM32F4xx_HAL_Driver/Src/stm32f4xx_hal_cortex.o
 .debug_info    0x0000b996      0x70b ./Drivers/STM32F4xx_HAL_Driver/Src/stm32f4xx_hal_gpio.o
 .debug_info    0x0000c0a1     0x2421 ./Drivers/STM32F4xx_HAL_Driver/Src/stm32f4xx_hal_i2c.o
 .debug_info    0x0000e4c2      0x6da ./Drivers/STM32F4xx_HAL_Driver/Src/stm32f4xx_hal_pwr_ex.o
 .debug_info    0x0000eb9c      0x8ff ./Drivers/STM32F4xx_HAL_Driver/Src/stm32f4xx_hal_rcc.o
 .debug_info    0x0000f49b      0x960 ./Drivers/STM32F4xx_HAL_Driver/Src/stm32f4xx_hal_rcc_ex.o
 .debug_info    0x0000fdfb     0x299d ./Drivers/STM32F4xx_HAL_Driver/Src/stm32f4xx_hal_tim.o
 .debug_info    0x00012798     0x14db ./Drivers/STM32F4xx_HAL_Driver/Src/stm32f4xx_hal_tim_ex.o
 .debug_info    0x00013c73     0x2f4f ./Drivers/STM32F4xx_HAL_Driver/Src/stm32f4xx_hal_uart.o

.debug_abbrev   0x00000000     0x2791
 .debug_abbrev  0x00000000      0x3a9 ./Core/Src/main.o
 .debug_abbrev  0x000003a9      0x1de ./Core/Src/stm32f4xx_hal_msp.o
 .debug_abbrev  0x00000587      0x1a5 ./Core/Src/stm32f4xx_it.o
 .debug_abbrev  0x0000072c      0x11a ./Core/Src/system_stm32f4xx.o
 .debug_abbrev  0x00000846      0x248 ./Core/Src/vl53l0x_api.o
 .debug_abbrev  0x00000a8e      0x23e ./Core/Src/vl53l0x_api_calibration.o
 .debug_abbrev  0x00000ccc      0x24f ./Core/Src/vl53l0x_api_core.o
 .debug_abbrev  0x00000f1b       0x24 ./Core/Startup/startup_stm32f446retx.o
 .debug_abbrev  0x00000f3f      0x214 ./Drivers/STM32F4xx_HAL_Driver/Src/stm32f4xx_hal.o
 .debug_abbrev  0x00001153      0x31d ./Drivers/STM32F4xx_HAL_Driver/Src/stm32f4xx_hal_cortex.o
 .debug_abbrev  0x00001470      0x1d4 ./Drivers/STM32F4xx_HAL_Driver/Src/stm32f4xx_hal_gpio.o
 .debug_abbrev  0x00001644      0x2ad ./Drivers/STM32F4xx_HAL_Driver/Src/stm32f4xx_hal_i2c.o
 .debug_abbrev  0x000018f1      0x1cf ./Drivers/STM32F4xx_HAL_Driver/Src/stm32f4xx_hal_pwr_ex.o
 .debug_abbrev  0x00001ac0      0x2b7 ./Drivers/STM32F4xx_HAL_Driver/Src/stm32f4xx_hal_rcc.o
 .debug_abbrev  0x00001d77      0x211 ./Drivers/STM32F4xx_HAL_Driver/Src/stm32f4xx_hal_rcc_ex.o
 .debug_abbrev  0x00001f88      0x278 ./Drivers/STM32F4xx_HAL_Driver/Src/stm32f4xx_hal_tim.o
 .debug_abbrev  0x00002200      0x283 ./Drivers/STM32F4xx_HAL_Driver/Src/stm32f4xx_hal_tim_ex.o
 .debug_abbrev  0x00002483      0x30e ./Drivers/STM32F4xx_HAL_Driver/Src/stm32f4xx_hal_uart.o

.debug_aranges  0x00000000     0x1478
 .debug_aranges
                0x00000000       0xd0 ./Core/Src/main.o
 .debug_aranges
                0x000000d0       0x50 ./Core/Src/stm32f4xx_hal_msp.o
 .debug_aranges
                0x00000120       0x68 ./Core/Src/stm32f4xx_it.o
 .debug_aranges
                0x00000188       0x28 ./Core/Src/system_stm32f4xx.o
 .debug_aranges
                0x000001b0      0x330 ./Core/Src/vl53l0x_api.o
 .debug_aranges
                0x000004e0       0xd0 ./Core/Src/vl53l0x_api_calibration.o
 .debug_aranges
                0x000005b0       0xe0 ./Core/Src/vl53l0x_api_core.o
 .debug_aranges
                0x00000690       0x28 ./Core/Startup/startup_stm32f446retx.o
 .debug_aranges
                0x000006b8       0xf0 ./Drivers/STM32F4xx_HAL_Driver/Src/stm32f4xx_hal.o
 .debug_aranges
                0x000007a8      0x130 ./Drivers/STM32F4xx_HAL_Driver/Src/stm32f4xx_hal_cortex.o
 .debug_aranges
                0x000008d8       0x58 ./Drivers/STM32F4xx_HAL_Driver/Src/stm32f4xx_hal_gpio.o
 .debug_aranges
                0x00000930      0x2a8 ./Drivers/STM32F4xx_HAL_Driver/Src/stm32f4xx_hal_i2c.o
 .debug_aranges
                0x00000bd8       0x60 ./Drivers/STM32F4xx_HAL_Driver/Src/stm32f4xx_hal_pwr_ex.o
 .debug_aranges
                0x00000c38       0x88 ./Drivers/STM32F4xx_HAL_Driver/Src/stm32f4xx_hal_rcc.o
 .debug_aranges
                0x00000cc0       0x78 ./Drivers/STM32F4xx_HAL_Driver/Src/stm32f4xx_hal_rcc_ex.o
 .debug_aranges
                0x00000d38      0x3d0 ./Drivers/STM32F4xx_HAL_Driver/Src/stm32f4xx_hal_tim.o
 .debug_aranges
                0x00001108      0x168 ./Drivers/STM32F4xx_HAL_Driver/Src/stm32f4xx_hal_tim_ex.o
 .debug_aranges
                0x00001270      0x208 ./Drivers/STM32F4xx_HAL_Driver/Src/stm32f4xx_hal_uart.o

.debug_rnglists
                0x00000000     0x102a
 .debug_rnglists
                0x00000000       0x9d ./Core/Src/main.o
 .debug_rnglists
                0x0000009d       0x39 ./Core/Src/stm32f4xx_hal_msp.o
 .debug_rnglists
                0x000000d6       0x49 ./Core/Src/stm32f4xx_it.o
 .debug_rnglists
                0x0000011f       0x1a ./Core/Src/system_stm32f4xx.o
 .debug_rnglists
                0x00000139      0x276 ./Core/Src/vl53l0x_api.o
 .debug_rnglists
                0x000003af       0xa4 ./Core/Src/vl53l0x_api_calibration.o
 .debug_rnglists
                0x00000453       0xae ./Core/Src/vl53l0x_api_core.o
 .debug_rnglists
                0x00000501       0x19 ./Core/Startup/startup_stm32f446retx.o
 .debug_rnglists
                0x0000051a       0xaf ./Drivers/STM32F4xx_HAL_Driver/Src/stm32f4xx_hal.o
 .debug_rnglists
                0x000005c9       0xe0 ./Drivers/STM32F4xx_HAL_Driver/Src/stm32f4xx_hal_cortex.o
 .debug_rnglists
                0x000006a9       0x3f ./Drivers/STM32F4xx_HAL_Driver/Src/stm32f4xx_hal_gpio.o
 .debug_rnglists
                0x000006e8      0x23c ./Drivers/STM32F4xx_HAL_Driver/Src/stm32f4xx_hal_i2c.o
 .debug_rnglists
                0x00000924       0x47 ./Drivers/STM32F4xx_HAL_Driver/Src/stm32f4xx_hal_pwr_ex.o
 .debug_rnglists
                0x0000096b       0x66 ./Drivers/STM32F4xx_HAL_Driver/Src/stm32f4xx_hal_rcc.o
 .debug_rnglists
                0x000009d1       0x5e ./Drivers/STM32F4xx_HAL_Driver/Src/stm32f4xx_hal_rcc_ex.o
 .debug_rnglists
                0x00000a2f      0x31a ./Drivers/STM32F4xx_HAL_Driver/Src/stm32f4xx_hal_tim.o
 .debug_rnglists
                0x00000d49      0x125 ./Drivers/STM32F4xx_HAL_Driver/Src/stm32f4xx_hal_tim_ex.o
 .debug_rnglists
                0x00000e6e      0x1bc ./Drivers/STM32F4xx_HAL_Driver/Src/stm32f4xx_hal_uart.o

.debug_macro    0x00000000    0x2316b
 .debug_macro   0x00000000      0x384 ./Core/Src/main.o
 .debug_macro   0x00000384      0xad8 ./Core/Src/main.o
 .debug_macro   0x00000e5c      0x2a1 ./Core/Src/main.o
 .debug_macro   0x000010fd       0x2e ./Core/Src/main.o
 .debug_macro   0x0000112b       0x28 ./Core/Src/main.o
 .debug_macro   0x00001153       0x22 ./Core/Src/main.o
 .debug_macro   0x00001175       0x8e ./Core/Src/main.o
 .debug_macro   0x00001203       0x51 ./Core/Src/main.o
 .debug_macro   0x00001254      0x103 ./Core/Src/main.o
 .debug_macro   0x00001357       0x6a ./Core/Src/main.o
 .debug_macro   0x000013c1      0x1df ./Core/Src/main.o
 .debug_macro   0x000015a0       0x1c ./Core/Src/main.o
 .debug_macro   0x000015bc       0x22 ./Core/Src/main.o
 .debug_macro   0x000015de       0xfb ./Core/Src/main.o
 .debug_macro   0x000016d9     0x1011 ./Core/Src/main.o
 .debug_macro   0x000026ea      0x11f ./Core/Src/main.o
 .debug_macro   0x00002809    0x1675e ./Core/Src/main.o
 .debug_macro   0x00018f67       0x6d ./Core/Src/main.o
 .debug_macro   0x00018fd4     0x3693 ./Core/Src/main.o
 .debug_macro   0x0001c667      0x190 ./Core/Src/main.o
 .debug_macro   0x0001c7f7       0x5c ./Core/Src/main.o
 .debug_macro   0x0001c853      0xca5 ./Core/Src/main.o
 .debug_macro   0x0001d4f8      0x9e9 ./Core/Src/main.o
 .debug_macro   0x0001dee1      0x115 ./Core/Src/main.o
 .debug_macro   0x0001dff6      0x1a0 ./Core/Src/main.o
 .debug_macro   0x0001e196       0xa5 ./Core/Src/main.o
 .debug_macro   0x0001e23b      0x16d ./Core/Src/main.o
 .debug_macro   0x0001e3a8      0x287 ./Core/Src/main.o
 .debug_macro   0x0001e62f       0x5f ./Core/Src/main.o
 .debug_macro   0x0001e68e      0x236 ./Core/Src/main.o
 .debug_macro   0x0001e8c4      0x132 ./Core/Src/main.o
 .debug_macro   0x0001e9f6      0x29c ./Core/Src/main.o
 .debug_macro   0x0001ec92       0x2e ./Core/Src/main.o
 .debug_macro   0x0001ecc0      0x1b5 ./Core/Src/main.o
 .debug_macro   0x0001ee75       0x22 ./Core/Src/main.o
 .debug_macro   0x0001ee97       0xd6 ./Core/Src/main.o
 .debug_macro   0x0001ef6d      0x127 ./Core/Src/main.o
 .debug_macro   0x0001f094       0xe8 ./Core/Src/main.o
 .debug_macro   0x0001f17c       0x89 ./Core/Src/main.o
 .debug_macro   0x0001f205      0x8ed ./Core/Src/main.o
 .debug_macro   0x0001faf2       0x53 ./Core/Src/main.o
 .debug_macro   0x0001fb45      0x2aa ./Core/Src/main.o
 .debug_macro   0x0001fdef      0x126 ./Core/Src/main.o
 .debug_macro   0x0001ff15       0x58 ./Core/Src/main.o
 .debug_macro   0x0001ff6d       0x76 ./Core/Src/main.o
 .debug_macro   0x0001ffe3      0x29c ./Core/Src/main.o
 .debug_macro   0x0002027f      0x203 ./Core/Src/main.o
 .debug_macro   0x00020482       0x61 ./Core/Src/main.o
 .debug_macro   0x000204e3       0x2a ./Core/Src/main.o
 .debug_macro   0x0002050d       0x43 ./Core/Src/main.o
 .debug_macro   0x00020550       0x34 ./Core/Src/main.o
 .debug_macro   0x00020584       0x16 ./Core/Src/main.o
 .debug_macro   0x0002059a       0x3c ./Core/Src/main.o
 .debug_macro   0x000205d6      0x364 ./Core/Src/main.o
 .debug_macro   0x0002093a       0x10 ./Core/Src/main.o
 .debug_macro   0x0002094a       0x16 ./Core/Src/main.o
 .debug_macro   0x00020960       0x4a ./Core/Src/main.o
 .debug_macro   0x000209aa       0x34 ./Core/Src/main.o
 .debug_macro   0x000209de       0x10 ./Core/Src/main.o
 .debug_macro   0x000209ee       0x58 ./Core/Src/main.o
 .debug_macro   0x00020a46       0x8e ./Core/Src/main.o
 .debug_macro   0x00020ad4       0x1c ./Core/Src/main.o
 .debug_macro   0x00020af0      0x17e ./Core/Src/main.o
 .debug_macro   0x00020c6e       0x16 ./Core/Src/main.o
 .debug_macro   0x00020c84       0x16 ./Core/Src/main.o
 .debug_macro   0x00020c9a      0x146 ./Core/Src/main.o
 .debug_macro   0x00020de0       0x16 ./Core/Src/main.o
 .debug_macro   0x00020df6       0x20 ./Core/Src/main.o
 .debug_macro   0x00020e16       0x22 ./Core/Src/main.o
 .debug_macro   0x00020e38       0x4c ./Core/Src/main.o
 .debug_macro   0x00020e84       0x28 ./Core/Src/main.o
 .debug_macro   0x00020eac       0x10 ./Core/Src/main.o
 .debug_macro   0x00020ebc      0x1d2 ./Core/Src/main.o
 .debug_macro   0x0002108e      0x1f6 ./Core/Src/stm32f4xx_hal_msp.o
 .debug_macro   0x00021284      0x200 ./Core/Src/stm32f4xx_it.o
 .debug_macro   0x00021484      0x1e7 ./Core/Src/system_stm32f4xx.o
 .debug_macro   0x0002166b      0x262 ./Core/Src/vl53l0x_api.o
 .debug_macro   0x000218cd      0x25c ./Core/Src/vl53l0x_api_calibration.o
 .debug_macro   0x00021b29      0x24a ./Core/Src/vl53l0x_api_core.o
 .debug_macro   0x00021d73      0x247 ./Drivers/STM32F4xx_HAL_Driver/Src/stm32f4xx_hal.o
 .debug_macro   0x00021fba      0x1e7 ./Drivers/STM32F4xx_HAL_Driver/Src/stm32f4xx_hal_cortex.o
 .debug_macro   0x000221a1      0x1ed ./Drivers/STM32F4xx_HAL_Driver/Src/stm32f4xx_hal_gpio.o
 .debug_macro   0x0002238e      0x235 ./Drivers/STM32F4xx_HAL_Driver/Src/stm32f4xx_hal_i2c.o
 .debug_macro   0x000225c3      0x1ff ./Drivers/STM32F4xx_HAL_Driver/Src/stm32f4xx_hal_pwr_ex.o
 .debug_macro   0x000227c2      0x20b ./Drivers/STM32F4xx_HAL_Driver/Src/stm32f4xx_hal_rcc.o
 .debug_macro   0x000229cd      0x1e7 ./Drivers/STM32F4xx_HAL_Driver/Src/stm32f4xx_hal_rcc_ex.o
 .debug_macro   0x00022bb4      0x1e8 ./Drivers/STM32F4xx_HAL_Driver/Src/stm32f4xx_hal_tim.o
 .debug_macro   0x00022d9c      0x1e7 ./Drivers/STM32F4xx_HAL_Driver/Src/stm32f4xx_hal_tim_ex.o
 .debug_macro   0x00022f83      0x1e8 ./Drivers/STM32F4xx_HAL_Driver/Src/stm32f4xx_hal_uart.o

.debug_line     0x00000000    0x17091
 .debug_line    0x00000000      0xefc ./Core/Src/main.o
 .debug_line    0x00000efc      0x856 ./Core/Src/stm32f4xx_hal_msp.o
 .debug_line    0x00001752      0x847 ./Core/Src/stm32f4xx_it.o
 .debug_line    0x00001f99      0x7f5 ./Core/Src/system_stm32f4xx.o
 .debug_line    0x0000278e     0x1cb5 ./Core/Src/vl53l0x_api.o
 .debug_line    0x00004443     0x1040 ./Core/Src/vl53l0x_api_calibration.o
 .debug_line    0x00005483     0x17f2 ./Core/Src/vl53l0x_api_core.o
 .debug_line    0x00006c75       0x7a ./Core/Startup/startup_stm32f446retx.o
 .debug_line    0x00006cef      0xa74 ./Drivers/STM32F4xx_HAL_Driver/Src/stm32f4xx_hal.o
 .debug_line    0x00007763      0xd41 ./Drivers/STM32F4xx_HAL_Driver/Src/stm32f4xx_hal_cortex.o
 .debug_line    0x000084a4      0xbb2 ./Drivers/STM32F4xx_HAL_Driver/Src/stm32f4xx_hal_gpio.o
 .debug_line    0x00009056     0x3b1e ./Drivers/STM32F4xx_HAL_Driver/Src/stm32f4xx_hal_i2c.o
 .debug_line    0x0000cb74      0x9de ./Drivers/STM32F4xx_HAL_Driver/Src/stm32f4xx_hal_pwr_ex.o
 .debug_line    0x0000d552      0xe8c ./Drivers/STM32F4xx_HAL_Driver/Src/stm32f4xx_hal_rcc.o
 .debug_line    0x0000e3de     0x153d ./Drivers/STM32F4xx_HAL_Driver/Src/stm32f4xx_hal_rcc_ex.o
 .debug_line    0x0000f91b     0x37ec ./Drivers/STM32F4xx_HAL_Driver/Src/stm32f4xx_hal_tim.o
 .debug_line    0x00013107     0x19d1 ./Drivers/STM32F4xx_HAL_Driver/Src/stm32f4xx_hal_tim_ex.o
 .debug_line    0x00014ad8     0x25b9 ./Drivers/STM32F4xx_HAL_Driver/Src/stm32f4xx_hal_uart.o

.debug_str      0x00000000    0xd9e7e
 .debug_str     0x00000000    0xd9e7e ./Core/Src/main.o
                              0xd3c2f (size before relaxing)
 .debug_str     0x000d9e7e    0xcc360 ./Core/Src/stm32f4xx_hal_msp.o
 .debug_str     0x000d9e7e    0xcb7df ./Core/Src/stm32f4xx_it.o
 .debug_str     0x000d9e7e    0xcb291 ./Core/Src/system_stm32f4xx.o
 .debug_str     0x000d9e7e     0xd615 ./Core/Src/vl53l0x_api.o
 .debug_str     0x000d9e7e     0xc6bc ./Core/Src/vl53l0x_api_calibration.o
 .debug_str     0x000d9e7e     0xcc95 ./Core/Src/vl53l0x_api_core.o
 .debug_str     0x000d9e7e       0x79 ./Core/Startup/startup_stm32f446retx.o
 .debug_str     0x000d9e7e    0xcbe56 ./Drivers/STM32F4xx_HAL_Driver/Src/stm32f4xx_hal.o
 .debug_str     0x000d9e7e    0xcbbad ./Drivers/STM32F4xx_HAL_Driver/Src/stm32f4xx_hal_cortex.o
 .debug_str     0x000d9e7e    0xcb40c ./Drivers/STM32F4xx_HAL_Driver/Src/stm32f4xx_hal_gpio.o
 .debug_str     0x000d9e7e    0xcc28f ./Drivers/STM32F4xx_HAL_Driver/Src/stm32f4xx_hal_i2c.o
 .debug_str     0x000d9e7e    0xcb469 ./Drivers/STM32F4xx_HAL_Driver/Src/stm32f4xx_hal_pwr_ex.o
 .debug_str     0x000d9e7e    0xcb6ca ./Drivers/STM32F4xx_HAL_Driver/Src/stm32f4xx_hal_rcc.o
 .debug_str     0x000d9e7e    0xcb6fd ./Drivers/STM32F4xx_HAL_Driver/Src/stm32f4xx_hal_rcc_ex.o
 .debug_str     0x000d9e7e    0xcc5f6 ./Drivers/STM32F4xx_HAL_Driver/Src/stm32f4xx_hal_tim.o
 .debug_str     0x000d9e7e    0xcbe02 ./Drivers/STM32F4xx_HAL_Driver/Src/stm32f4xx_hal_tim_ex.o
 .debug_str     0x000d9e7e    0xcbc81 ./Drivers/STM32F4xx_HAL_Driver/Src/stm32f4xx_hal_uart.o

.comment        0x00000000       0x43
 .comment       0x00000000       0x43 ./Core/Src/main.o
                                 0x44 (size before relaxing)
 .comment       0x00000043       0x44 ./Core/Src/stm32f4xx_hal_msp.o
 .comment       0x00000043       0x44 ./Core/Src/stm32f4xx_it.o
 .comment       0x00000043       0x44 ./Core/Src/system_stm32f4xx.o
 .comment       0x00000043       0x44 ./Core/Src/vl53l0x_api.o
 .comment       0x00000043       0x44 ./Core/Src/vl53l0x_api_calibration.o
 .comment       0x00000043       0x44 ./Core/Src/vl53l0x_api_core.o
 .comment       0x00000043       0x44 ./Drivers/STM32F4xx_HAL_Driver/Src/stm32f4xx_hal.o
 .comment       0x00000043       0x44 ./Drivers/STM32F4xx_HAL_Driver/Src/stm32f4xx_hal_cortex.o
 .comment       0x00000043       0x44 ./Drivers/STM32F4xx_HAL_Driver/Src/stm32f4xx_hal_gpio.o
 .comment       0x00000043       0x44 ./Drivers/STM32F4xx_HAL_Driver/Src/stm32f4xx_hal_i2c.o
 .comment       0x00000043       0x44 ./Drivers/STM32F4xx_HAL_Driver/Src/stm32f4xx_hal_pwr_ex.o
 .comment       0x00000043       0x44 ./Drivers/STM32F4xx_HAL_Driver/Src/stm32f4xx_hal_rcc.o
 .comment       0x00000043       0x44 ./Drivers/STM32F4xx_HAL_Driver/Src/stm32f4xx_hal_rcc_ex.o
 .comment       0x00000043       0x44 ./Drivers/STM32F4xx_HAL_Driver/Src/stm32f4xx_hal_tim.o
 .comment       0x00000043       0x44 ./Drivers/STM32F4xx_HAL_Driver/Src/stm32f4xx_hal_tim_ex.o
 .comment       0x00000043       0x44 ./Drivers/STM32F4xx_HAL_Driver/Src/stm32f4xx_hal_uart.o

.debug_frame    0x00000000     0x5754
 .debug_frame   0x00000000      0x31c ./Core/Src/main.o
 .debug_frame   0x0000031c      0x10c ./Core/Src/stm32f4xx_hal_msp.o
 .debug_frame   0x00000428      0x114 ./Core/Src/stm32f4xx_it.o
 .debug_frame   0x0000053c       0x50 ./Core/Src/system_stm32f4xx.o
 .debug_frame   0x0000058c      0xe24 ./Core/Src/vl53l0x_api.o
 .debug_frame   0x000013b0      0x364 ./Core/Src/vl53l0x_api_calibration.o
 .debug_frame   0x00001714      0x3a8 ./Core/Src/vl53l0x_api_core.o
 .debug_frame   0x00001abc      0x31c ./Drivers/STM32F4xx_HAL_Driver/Src/stm32f4xx_hal.o
 .debug_frame   0x00001dd8      0x4b8 ./Drivers/STM32F4xx_HAL_Driver/Src/stm32f4xx_hal_cortex.o
 .debug_frame   0x00002290      0x130 ./Drivers/STM32F4xx_HAL_Driver/Src/stm32f4xx_hal_gpio.o
 .debug_frame   0x000023c0      0xbf4 ./Drivers/STM32F4xx_HAL_Driver/Src/stm32f4xx_hal_i2c.o
 .debug_frame   0x00002fb4      0x13c ./Drivers/STM32F4xx_HAL_Driver/Src/stm32f4xx_hal_pwr_ex.o
 .debug_frame   0x000030f0      0x1d8 ./Drivers/STM32F4xx_HAL_Driver/Src/stm32f4xx_hal_rcc.o
 .debug_frame   0x000032c8      0x1d8 ./Drivers/STM32F4xx_HAL_Driver/Src/stm32f4xx_hal_rcc_ex.o
 .debug_frame   0x000034a0     0x10f0 ./Drivers/STM32F4xx_HAL_Driver/Src/stm32f4xx_hal_tim.o
 .debug_frame   0x00004590      0x600 ./Drivers/STM32F4xx_HAL_Driver/Src/stm32f4xx_hal_tim_ex.o
 .debug_frame   0x00004b90      0x8ec ./Drivers/STM32F4xx_HAL_Driver/Src/stm32f4xx_hal_uart.o
 .debug_frame   0x0000547c       0x20 C:/ST/STM32CubeIDE_1.18.1/STM32CubeIDE/plugins/com.st.stm32cube.ide.mcu.externaltools.gnu-tools-for-stm32.14.3.rel1.win32_1.0.100.202602081740/tools/bin/../lib/gcc/arm-none-eabi/14.3.1/../../../../arm-none-eabi/lib/thumb/v7e-m+fp/hard\libc_nano.a(libc_a-memset.o)
 .debug_frame   0x0000549c       0x2c C:/ST/STM32CubeIDE_1.18.1/STM32CubeIDE/plugins/com.st.stm32cube.ide.mcu.externaltools.gnu-tools-for-stm32.14.3.rel1.win32_1.0.100.202602081740/tools/bin/../lib/gcc/arm-none-eabi/14.3.1/../../../../arm-none-eabi/lib/thumb/v7e-m+fp/hard\libc_nano.a(libc_a-init.o)
 .debug_frame   0x000054c8       0x20 C:/ST/STM32CubeIDE_1.18.1/STM32CubeIDE/plugins/com.st.stm32cube.ide.mcu.externaltools.gnu-tools-for-stm32.14.3.rel1.win32_1.0.100.202602081740/tools/bin/../lib/gcc/arm-none-eabi/14.3.1/../../../../arm-none-eabi/lib/thumb/v7e-m+fp/hard\libc_nano.a(libc_a-strcpy.o)
 .debug_frame   0x000054e8       0x28 C:/ST/STM32CubeIDE_1.18.1/STM32CubeIDE/plugins/com.st.stm32cube.ide.mcu.externaltools.gnu-tools-for-stm32.14.3.rel1.win32_1.0.100.202602081740/tools/bin/../lib/gcc/arm-none-eabi/14.3.1/../../../../arm-none-eabi/lib/thumb/v7e-m+fp/hard\libc_nano.a(libc_a-memcpy-stub.o)
 .debug_frame   0x00005510       0xac C:/ST/STM32CubeIDE_1.18.1/STM32CubeIDE/plugins/com.st.stm32cube.ide.mcu.externaltools.gnu-tools-for-stm32.14.3.rel1.win32_1.0.100.202602081740/tools/bin/../lib/gcc/arm-none-eabi/14.3.1/thumb/v7e-m+fp/hard\libgcc.a(_arm_addsubdf3.o)
 .debug_frame   0x000055bc       0x50 C:/ST/STM32CubeIDE_1.18.1/STM32CubeIDE/plugins/com.st.stm32cube.ide.mcu.externaltools.gnu-tools-for-stm32.14.3.rel1.win32_1.0.100.202602081740/tools/bin/../lib/gcc/arm-none-eabi/14.3.1/thumb/v7e-m+fp/hard\libgcc.a(_arm_muldivdf3.o)
 .debug_frame   0x0000560c       0xc4 C:/ST/STM32CubeIDE_1.18.1/STM32CubeIDE/plugins/com.st.stm32cube.ide.mcu.externaltools.gnu-tools-for-stm32.14.3.rel1.win32_1.0.100.202602081740/tools/bin/../lib/gcc/arm-none-eabi/14.3.1/thumb/v7e-m+fp/hard\libgcc.a(_arm_cmpdf2.o)
 .debug_frame   0x000056d0       0x24 C:/ST/STM32CubeIDE_1.18.1/STM32CubeIDE/plugins/com.st.stm32cube.ide.mcu.externaltools.gnu-tools-for-stm32.14.3.rel1.win32_1.0.100.202602081740/tools/bin/../lib/gcc/arm-none-eabi/14.3.1/thumb/v7e-m+fp/hard\libgcc.a(_arm_fixdfsi.o)
 .debug_frame   0x000056f4       0x2c C:/ST/STM32CubeIDE_1.18.1/STM32CubeIDE/plugins/com.st.stm32cube.ide.mcu.externaltools.gnu-tools-for-stm32.14.3.rel1.win32_1.0.100.202602081740/tools/bin/../lib/gcc/arm-none-eabi/14.3.1/thumb/v7e-m+fp/hard\libgcc.a(_aeabi_uldivmod.o)
 .debug_frame   0x00005720       0x34 C:/ST/STM32CubeIDE_1.18.1/STM32CubeIDE/plugins/com.st.stm32cube.ide.mcu.externaltools.gnu-tools-for-stm32.14.3.rel1.win32_1.0.100.202602081740/tools/bin/../lib/gcc/arm-none-eabi/14.3.1/thumb/v7e-m+fp/hard\libgcc.a(_udivmoddi4.o)

.debug_line_str
                0x00000000       0x5d
 .debug_line_str
                0x00000000       0x5d ./Core/Startup/startup_stm32f446retx.o
