../Core/Src/main.c:102:6:moveStepper_Blocking	32	static
../Core/Src/main.c:119:15:VL53L0X_i2c_init	4	static
../Core/Src/main.c:124:15:VL53L0X_WriteMulti	40	static
../Core/Src/main.c:131:15:VL53L0X_ReadMulti	40	static
../Core/Src/main.c:138:15:VL53L0X_WrByte	16	static
../Core/Src/main.c:143:15:VL53L0X_RdByte	24	static
../Core/Src/main.c:148:15:VL53L0X_WrWord	24	static
../Core/Src/main.c:154:15:VL53L0X_RdWord	32	static
../Core/Src/main.c:162:15:VL53L0X_WrDWord	32	static
../Core/Src/main.c:171:15:VL53L0X_RdDWord	32	static
../Core/Src/main.c:180:15:VL53L0X_UpdateByte	24	static
../Core/Src/main.c:194:15:VL53L0X_PollingDelay	16	static
../Core/Src/main.c:200:13:VL53L0X_Init	16	static
../Core/Src/main.c:225:6:HAL_SYSTICK_Callback	4	static
../Core/Src/main.c:234:6:Motor_Step_Handler	8	static
../Core/Src/main.c:256:5:main	320	static,ignoring_inline_asm
../Core/Src/main.c:402:6:SystemClock_Config	88	static
../Core/Src/main.c:456:13:MX_I2C1_Init	8	static
../Core/Src/main.c:490:13:MX_TIM6_Init	16	static
../Core/Src/main.c:528:13:MX_USART2_UART_Init	8	static
../Core/Src/main.c:561:13:MX_GPIO_Init	48	static
../Core/Src/main.c:596:6:HAL_TIM_PeriodElapsedCallback	16	static
../Core/Src/main.c:609:6:Error_Handler	4	static,ignoring_inline_asm
