Archive member included to satisfy reference by file (symbol)

C:/ST/STM32CubeIDE_1.18.1/STM32CubeIDE/plugins/com.st.stm32cube.ide.mcu.externaltools.gnu-tools-for-stm32.14.3.rel1.win32_1.0.100.202602081740/tools/bin/../lib/gcc/arm-none-eabi/14.3.1/../../../../arm-none-eabi/lib/thumb/v7e-m+fp/hard\libc_nano.a(libc_a-exit.o)
                              C:/ST/STM32CubeIDE_1.18.1/STM32CubeIDE/plugins/com.st.stm32cube.ide.mcu.externaltools.gnu-tools-for-stm32.14.3.rel1.win32_1.0.100.202602081740/tools/bin/../lib/gcc/arm-none-eabi/14.3.1/../../../../arm-none-eabi/lib/thumb/v7e-m+fp/hard/crt0.o (exit)
C:/ST/STM32CubeIDE_1.18.1/STM32CubeIDE/plugins/com.st.stm32cube.ide.mcu.externaltools.gnu-tools-for-stm32.14.3.rel1.win32_1.0.100.202602081740/tools/bin/../lib/gcc/arm-none-eabi/14.3.1/../../../../arm-none-eabi/lib/thumb/v7e-m+fp/hard\libc_nano.a(libc_a-findfp.o)
                              C:/ST/STM32CubeIDE_1.18.1/STM32CubeIDE/plugins/com.st.stm32cube.ide.mcu.externaltools.gnu-tools-for-stm32.14.3.rel1.win32_1.0.100.202602081740/tools/bin/../lib/gcc/arm-none-eabi/14.3.1/../../../../arm-none-eabi/lib/thumb/v7e-m+fp/hard\libc_nano.a(libc_a-exit.o) (__stdio_exit_handler)
C:/ST/STM32CubeIDE_1.18.1/STM32CubeIDE/plugins/com.st.stm32cube.ide.mcu.externaltools.gnu-tools-for-stm32.14.3.rel1.win32_1.0.100.202602081740/tools/bin/../lib/gcc/arm-none-eabi/14.3.1/../../../../arm-none-eabi/lib/thumb/v7e-m+fp/hard\libc_nano.a(libc_a-fwalk.o)
                              C:/ST/STM32CubeIDE_1.18.1/STM32CubeIDE/plugins/com.st.stm32cube.ide.mcu.externaltools.gnu-tools-for-stm32.14.3.rel1.win32_1.0.100.202602081740/tools/bin/../lib/gcc/arm-none-eabi/14.3.1/../../../../arm-none-eabi/lib/thumb/v7e-m+fp/hard\libc_nano.a(libc_a-findfp.o) (_fwalk_sglue)
C:/ST/STM32CubeIDE_1.18.1/STM32CubeIDE/plugins/com.st.stm32cube.ide.mcu.externaltools.gnu-tools-for-stm32.14.3.rel1.win32_1.0.100.202602081740/tools/bin/../lib/gcc/arm-none-eabi/14.3.1/../../../../arm-none-eabi/lib/thumb/v7e-m+fp/hard\libc_nano.a(libc_a-snprintf.o)
                              ./Core/Src/main.o (snprintf)
C:/ST/STM32CubeIDE_1.18.1/STM32CubeIDE/plugins/com.st.stm32cube.ide.mcu.externaltools.gnu-tools-for-stm32.14.3.rel1.win32_1.0.100.202602081740/tools/bin/../lib/gcc/arm-none-eabi/14.3.1/../../../../arm-none-eabi/lib/thumb/v7e-m+fp/hard\libc_nano.a(libc_a-stdio.o)
                              C:/ST/STM32CubeIDE_1.18.1/STM32CubeIDE/plugins/com.st.stm32cube.ide.mcu.externaltools.gnu-tools-for-stm32.14.3.rel1.win32_1.0.100.202602081740/tools/bin/../lib/gcc/arm-none-eabi/14.3.1/../../../../arm-none-eabi/lib/thumb/v7e-m+fp/hard\libc_nano.a(libc_a-findfp.o) (__sread)
C:/ST/STM32CubeIDE_1.18.1/STM32CubeIDE/plugins/com.st.stm32cube.ide.mcu.externaltools.gnu-tools-for-stm32.14.3.rel1.win32_1.0.100.202602081740/tools/bin/../lib/gcc/arm-none-eabi/14.3.1/../../../../arm-none-eabi/lib/thumb/v7e-m+fp/hard\libc_nano.a(libc_a-memset.o)
                              C:/ST/STM32CubeIDE_1.18.1/STM32CubeIDE/plugins/com.st.stm32cube.ide.mcu.externaltools.gnu-tools-for-stm32.14.3.rel1.win32_1.0.100.202602081740/tools/bin/../lib/gcc/arm-none-eabi/14.3.1/../../../../arm-none-eabi/lib/thumb/v7e-m+fp/hard/crt0.o (memset)
C:/ST/STM32CubeIDE_1.18.1/STM32CubeIDE/plugins/com.st.stm32cube.ide.mcu.externaltools.gnu-tools-for-stm32.14.3.rel1.win32_1.0.100.202602081740/tools/bin/../lib/gcc/arm-none-eabi/14.3.1/../../../../arm-none-eabi/lib/thumb/v7e-m+fp/hard\libc_nano.a(libc_a-closer.o)
                              C:/ST/STM32CubeIDE_1.18.1/STM32CubeIDE/plugins/com.st.stm32cube.ide.mcu.externaltools.gnu-tools-for-stm32.14.3.rel1.win32_1.0.100.202602081740/tools/bin/../lib/gcc/arm-none-eabi/14.3.1/../../../../arm-none-eabi/lib/thumb/v7e-m+fp/hard\libc_nano.a(libc_a-stdio.o) (_close_r)
C:/ST/STM32CubeIDE_1.18.1/STM32CubeIDE/plugins/com.st.stm32cube.ide.mcu.externaltools.gnu-tools-for-stm32.14.3.rel1.win32_1.0.100.202602081740/tools/bin/../lib/gcc/arm-none-eabi/14.3.1/../../../../arm-none-eabi/lib/thumb/v7e-m+fp/hard\libc_nano.a(libc_a-reent.o)
                              C:/ST/STM32CubeIDE_1.18.1/STM32CubeIDE/plugins/com.st.stm32cube.ide.mcu.externaltools.gnu-tools-for-stm32.14.3.rel1.win32_1.0.100.202602081740/tools/bin/../lib/gcc/arm-none-eabi/14.3.1/../../../../arm-none-eabi/lib/thumb/v7e-m+fp/hard\libc_nano.a(libc_a-closer.o) (errno)
C:/ST/STM32CubeIDE_1.18.1/STM32CubeIDE/plugins/com.st.stm32cube.ide.mcu.externaltools.gnu-tools-for-stm32.14.3.rel1.win32_1.0.100.202602081740/tools/bin/../lib/gcc/arm-none-eabi/14.3.1/../../../../arm-none-eabi/lib/thumb/v7e-m+fp/hard\libc_nano.a(libc_a-impure.o)
                              C:/ST/STM32CubeIDE_1.18.1/STM32CubeIDE/plugins/com.st.stm32cube.ide.mcu.externaltools.gnu-tools-for-stm32.14.3.rel1.win32_1.0.100.202602081740/tools/bin/../lib/gcc/arm-none-eabi/14.3.1/../../../../arm-none-eabi/lib/thumb/v7e-m+fp/hard\libc_nano.a(libc_a-snprintf.o) (_impure_ptr)
[...]
Memory Configuration

Name             Origin             Length             Attributes
RAM              0x20000000         0x00020000         xrw
FLASH            0x08000000         0x00080000         xr
*default*        0x00000000         0xffffffff

Linker script and memory map

LOAD C:/ST/STM32CubeIDE_1.18.1/STM32CubeIDE/plugins/com.st.stm32cube.ide.mcu.externaltools.gnu-tools-for-stm32.14.3.rel1.win32_1.0.100.202602081740/tools/bin/../lib/gcc/arm-none-eabi/14.3.1/thumb/v7e-m+fp/hard/crti.o
LOAD C:/ST/STM32CubeIDE_1.18.1/STM32CubeIDE/plugins/com.st.stm32cube.ide.mcu.externaltools.gnu-tools-for-stm32.14.3.rel1.win32_1.0.100.202602081740/tools/bin/../lib/gcc/arm-none-eabi/14.3.1/thumb/v7e-m+fp/hard/crtbegin.o
LOAD C:/ST/STM32CubeIDE_1.18.1/STM32CubeIDE/plugins/com.st.stm32cube.ide.mcu.externaltools.gnu-tools-for-stm32.14.3.rel1.win32_1.0.100.202602081740/tools/bin/../lib/gcc/arm-none-eabi/14.3.1/../../../../arm-none-eabi/lib/thumb/v7e-m+fp/hard/crt0.o
LOAD ./Core/Src/main.o
LOAD ./Core/Src/stm32f4xx_hal_msp.o
LOAD ./Core/Src/stm32f4xx_it.o
LOAD ./Core/Src/syscalls.o
LOAD ./Core/Src/sysmem.o
LOAD ./Core/Src/system_stm32f4xx.o
LOAD ./Core/Src/vl53l0x_api.o
LOAD ./Core/Src/vl53l0x_api_calibration.o
LOAD ./Core/Src/vl53l0x_api_core.o
LOAD ./Core/Src/vl53l0x_api_ranging.o
LOAD ./Core/Src/vl53l0x_api_strings.o
LOAD ./Core/Startup/startup_stm32f446retx.o
LOAD ./Drivers/STM32F4xx_HAL_Driver/Src/stm32f4xx_hal.o
LOAD ./Drivers/STM32F4xx_HAL_Driver/Src/stm32f4xx_hal_cortex.o
LOAD ./Drivers/STM32F4xx_HAL_Driver/Src/stm32f4xx_hal_dma.o
LOAD ./Drivers/STM32F4xx_HAL_Driver/Src/stm32f4xx_hal_dma_ex.o
LOAD ./Drivers/STM32F4xx_HAL_Driver/Src/stm32f4xx_hal_exti.o
LOAD ./Drivers/STM32F4xx_HAL_Driver/Src/stm32f4xx_hal_flash.o
LOAD ./Drivers/STM32F4xx_HAL_Driver/Src/stm32f4xx_hal_flash_ex.o
LOAD ./Drivers/STM32F4xx_HAL_Driver/Src/stm32f4xx_hal_flash_ramfunc.o
LOAD ./Drivers/STM32F4xx_HAL_Driver/Src/stm32f4xx_hal_gpio.o
LOAD ./Drivers/STM32F4xx_HAL_Driver/Src/stm32f4xx_hal_i2c.o
LOAD ./Drivers/STM32F4xx_HAL_Driver/Src/stm32f4xx_hal_i2c_ex.o
LOAD ./Drivers/STM32F4xx_HAL_Driver/Src/stm32f4xx_hal_pwr.o
LOAD ./Drivers/STM32F4xx_HAL_Driver/Src/stm32f4xx_hal_pwr_ex.o
LOAD ./Drivers/STM32F4xx_HAL_Driver/Src/stm32f4xx_hal_rcc.o
LOAD ./Drivers/STM32F4xx_HAL_Driver/Src/stm32f4xx_hal_rcc_ex.o
LOAD ./Drivers/STM32F4xx_HAL_Driver/Src/stm32f4xx_hal_tim.o
LOAD ./Drivers/STM32F4xx_HAL_Driver/Src/stm32f4xx_hal_tim_ex.o
LOAD ./Drivers/STM32F4xx_HAL_Driver/Src/stm32f4xx_hal_uart.o
START GROUP
LOAD C:/ST/STM32CubeIDE_1.18.1/STM32CubeIDE/plugins/com.st.stm32cube.ide.mcu.externaltools.gnu-tools-for-stm32.14.3.rel1.win32_1.0.100.202602081740/tools/bin/../lib/gcc/arm-none-eabi/14.3.1/../../../../arm-none-eabi/lib/thumb/v7e-m+fp/hard\libc_nano.a
LOAD C:/ST/STM32CubeIDE_1.18.1/STM32CubeIDE/plugins/com.st.stm32cube.ide.mcu.externaltools.gnu-tools-for-stm32.14.3.rel1.win32_1.0.100.202602081740/tools/bin/../lib/gcc/arm-none-eabi/14.3.1/../../../../arm-none-eabi/lib/thumb/v7e-m+fp/hard\libm.a
END GROUP
START GROUP
LOAD C:/ST/STM32CubeIDE_1.18.1/STM32CubeIDE/plugins/com.st.stm32cube.ide.mcu.externaltools.gnu-tools-for-stm32.14.3.rel1.win32_1.0.100.202602081740/tools/bin/../lib/gcc/arm-none-eabi/14.3.1/thumb/v7e-m+fp/hard\libgcc.a
LOAD C:/ST/STM32CubeIDE_1.18.1/STM32CubeIDE/plugins/com.st.stm32cube.ide.mcu.externaltools.gnu-tools-for-stm32.14.3.rel1.win32_1.0.100.202602081740/tools/bin/../lib/gcc/arm-none-eabi/14.3.1/../../../../arm-none-eabi/lib/thumb/v7e-m+fp/hard\libc_nano.a
END GROUP
START GROUP
LOAD C:/ST/STM32CubeIDE_1.18.1/STM32CubeIDE/plugins/com.st.stm32cube.ide.mcu.externaltools.gnu-tools-for-stm32.14.3.rel1.win32_1.0.100.202602081740/tools/bin/../lib/gcc/arm-none-eabi/14.3.1/thumb/v7e-m+fp/hard\libgcc.a
LOAD C:/ST/STM32CubeIDE_1.18.1/STM32CubeIDE/plugins/com.st.stm32cube.ide.mcu.externaltools.gnu-tools-for-stm32.14.3.rel1.win32_1.0.100.202602081740/tools/bin/../lib/gcc/arm-none-eabi/14.3.1/../../../../arm-none-eabi/lib/thumb/v7e-m+fp/hard\libc_nano.a
LOAD C:/ST/STM32CubeIDE_1.18.1/STM32CubeIDE/plugins/com.st.stm32cube.ide.mcu.externaltools.gnu-tools-for-stm32.14.3.rel1.win32_1.0.100.202602081740/tools/bin/../lib/gcc/arm-none-eabi/14.3.1/../../../../arm-none-eabi/lib/thumb/v7e-m+fp/hard\libnosys.a
END GROUP
START GROUP
LOAD C:/ST/STM32CubeIDE_1.18.1/STM32CubeIDE/plugins/com.st.stm32cube.ide.mcu.externaltools.gnu-tools-for-stm32.14.3.rel1.win32_1.0.100.202602081740/tools/bin/../lib/gcc/arm-none-eabi/14.3.1/thumb/v7e-m+fp/hard\libgcc.a
LOAD C:/ST/STM32CubeIDE_1.18.1/STM32CubeIDE/plugins/com.st.stm32cube.ide.mcu.externaltools.gnu-tools-for-stm32.14.3.rel1.win32_1.0.100.202602081740/tools/bin/../lib/gcc/arm-none-eabi/14.3.1/../../../../arm-none-eabi/lib/thumb/v7e-m+fp/hard\libc_nano.a
LOAD C:/ST/STM32CubeIDE_1.18.1/STM32CubeIDE/plugins/com.st.stm32cube.ide.mcu.externaltools.gnu-tools-for-stm32.14.3.rel1.win32_1.0.100.202602081740/tools/bin/../lib/gcc/arm-none-eabi/14.3.1/../../../../arm-none-eabi/lib/thumb/v7e-m+fp/hard\libnosys.a
END GROUP
LOAD C:/ST/STM32CubeIDE_1.18.1/STM32CubeIDE/plugins/com.st.stm32cube.ide.mcu.externaltools.gnu-tools-for-stm32.14.3.rel1.win32_1.0.100.202602081740/tools/bin/../lib/gcc/arm-none-eabi/14.3.1/thumb/v7e-m+fp/hard/crtend.o
LOAD C:/ST/STM32CubeIDE_1.18.1/STM32CubeIDE/plugins/com.st.stm32cube.ide.mcu.externaltools.gnu-tools-for-stm32.14.3.rel1.win32_1.0.100.202602081740/tools/bin/../lib/gcc/arm-none-eabi/14.3.1/thumb/v7e-m+fp/hard/crtn.o
                0x20020000                        _estack = (ORIGIN (RAM) + LENGTH (RAM))
                0x00000200                        _Min_Heap_Size = 0x200
                0x00000400                        _Min_Stack_Size = 0x400

.isr_vector     0x08000000      0x1c4
                0x08000000                        . = ALIGN (0x4)
 *(.isr_vector)
 .isr_vector    0x08000000      0x1c4 ./Core/Startup/startup_stm32f446retx.o
                0x08000000                g_pfnVectors
                0x080001c4                        . = ALIGN (0x4)

.text           0x080001d0     0x9e7c
                0x080001d0                        . = ALIGN (0x4)
 *(.text)
 .text          0x080001d0       0x40 C:/ST/STM32CubeIDE_1.18.1/STM32CubeIDE/plugins/com.st.stm32cube.ide.mcu.externaltools.gnu-tools-for-stm32.14.3.rel1.win32_1.0.100.202602081740/tools/bin/../lib/gcc/arm-none-eabi/14.3.1/thumb/v7e-m+fp/hard/crtbegin.o
 .text          0x08000210       0x10 C:/ST/STM32CubeIDE_1.18.1/STM32CubeIDE/plugins/com.st.stm32cube.ide.mcu.externaltools.gnu-tools-for-stm32.14.3.rel1.win32_1.0.100.202602081740/tools/bin/../lib/gcc/arm-none-eabi/14.3.1/../../../../arm-none-eabi/lib/thumb/v7e-m+fp/hard\libc_nano.a(libc_a-strlen.o)
                0x08000210                strlen
 .text          0x08000220       0xa0 C:/ST/STM32CubeIDE_1.18.1/STM32CubeIDE/plugins/com.st.stm32cube.ide.mcu.externaltools.gnu-tools-for-stm32.14.3.rel1.win32_1.0.100.202602081740/tools/bin/../lib/gcc/arm-none-eabi/14.3.1/../../../../arm-none-eabi/lib/thumb/v7e-m+fp/hard\libc_nano.a(libc_a-memchr.o)
                0x08000220                memchr
 .text          0x080002c0      0x378 C:/ST/STM32CubeIDE_1.18.1/STM32CubeIDE/plugins/com.st.stm32cube.ide.mcu.externaltools.gnu-tools-for-stm32.14.3.rel1.win32_1.0.100.202602081740/tools/bin/../lib/gcc/arm-none-eabi/14.3.1/thumb/v7e-m+fp/hard\libgcc.a(_arm_addsubdf3.o)
                0x080002c0                __aeabi_drsub
                0x080002c8                __aeabi_dsub
                0x080002c8                __subdf3
                0x080002cc                __aeabi_dadd
                0x080002cc                __adddf3
                0x08000544                __floatunsidf
                0x08000544                __aeabi_ui2d
                0x08000564                __floatsidf
                0x08000564                __aeabi_i2d
                0x08000588                __aeabi_f2d
                0x08000588                __extendsfdf2
                0x080005cc                __floatundidf
                0x080005cc                __aeabi_ul2d
                0x080005dc                __floatdidf
                0x080005dc                __aeabi_l2d
 .text          0x08000638      0x424 C:/ST/STM32CubeIDE_1.18.1/STM32CubeIDE/plugins/com.st.stm32cube.ide.mcu.externaltools.gnu-tools-for-stm32.14.3.rel1.win32_1.0.100.202602081740/tools/bin/../lib/gcc/arm-none-eabi/14.3.1/thumb/v7e-m+fp/hard\libgcc.a(_arm_muldivdf3.o)
                0x08000638                __aeabi_dmul
                0x08000638                __muldf3
                0x0800088c                __divdf3
                0x0800088c                __aeabi_ddiv
 .text          0x08000a5c      0x110 C:/ST/STM32CubeIDE_1.18.1/STM32CubeIDE/plugins/com.st.stm32cube.ide.mcu.externaltools.gnu-tools-for-stm32.14.3.rel1.win32_1.0.100.202602081740/tools/bin/../lib/gcc/arm-none-eabi/14.3.1/thumb/v7e-m+fp/hard\libgcc.a(_arm_cmpdf2.o)
                0x08000a5c                __gtdf2
                0x08000a5c                __gedf2
                0x08000a64                __ltdf2
                0x08000a64                __ledf2
                0x08000a6c                __nedf2
                0x08000a6c                __eqdf2
                0x08000a6c                __cmpdf2
                0x08000ae8                __aeabi_cdrcmple
                0x08000af8                __aeabi_cdcmpeq
                0x08000af8                __aeabi_cdcmple
                0x08000b08                __aeabi_dcmpeq
                0x08000b1c                __aeabi_dcmplt
                0x08000b30                __aeabi_dcmple
                0x08000b44                __aeabi_dcmpge
                0x08000b58                __aeabi_dcmpgt
 .text          0x08000b6c       0x50 C:/ST/STM32CubeIDE_1.18.1/STM32CubeIDE/plugins/com.st.stm32cube.ide.mcu.externaltools.gnu-tools-for-stm32.14.3.rel1.win32_1.0.100.202602081740/tools/bin/../lib/gcc/arm-none-eabi/14.3.1/thumb/v7e-m+fp/hard\libgcc.a(_arm_fixdfsi.o)
                0x08000b6c                __aeabi_d2iz
                0x08000b6c                __fixdfsi
 .text          0x08000bbc       0x30 C:/ST/STM32CubeIDE_1.18.1/STM32CubeIDE/plugins/com.st.stm32cube.ide.mcu.externaltools.gnu-tools-for-stm32.14.3.rel1.win32_1.0.100.202602081740/tools/bin/../lib/gcc/arm-none-eabi/14.3.1/thumb/v7e-m+fp/hard\libgcc.a(_aeabi_uldivmod.o)
                0x08000bbc                __aeabi_uldivmod
 .text          0x08000bec      0x2f8 C:/ST/STM32CubeIDE_1.18.1/STM32CubeIDE/plugins/com.st.stm32cube.ide.mcu.externaltools.gnu-tools-for-stm32.14.3.rel1.win32_1.0.100.202602081740/tools/bin/../lib/gcc/arm-none-eabi/14.3.1/thumb/v7e-m+fp/hard\libgcc.a(_udivmoddi4.o)
                0x08000bec                __udivmoddi4
 .text          0x08000ee4        0x4 C:/ST/STM32CubeIDE_1.18.1/STM32CubeIDE/plugins/com.st.stm32cube.ide.mcu.externaltools.gnu-tools-for-stm32.14.3.rel1.win32_1.0.100.202602081740/tools/bin/../lib/gcc/arm-none-eabi/14.3.1/thumb/v7e-m+fp/hard\libgcc.a(_dvmd_tls.o)
                0x08000ee4                __aeabi_idiv0
                0x08000ee4                __aeabi_ldiv0
 *(.text*)
 .text.moveStepper_Blocking
                0x08000ee8       0x84 ./Core/Src/main.o
                0x08000ee8                moveStepper_Blocking
 .text.VL53L0X_WriteMulti
                0x08000f6c       0x50 ./Core/Src/main.o
                0x08000f6c                VL53L0X_WriteMulti
 .text.VL53L0X_ReadMulti
                0x08000fbc       0x50 ./Core/Src/main.o
                0x08000fbc                VL53L0X_ReadMulti
 .text.VL53L0X_WrByte
                0x0800100c       0x26 ./Core/Src/main.o
                0x0800100c                VL53L0X_WrByte
 .text.VL53L0X_RdByte
                0x08001032       0x24 ./Core/Src/main.o
                0x08001032                VL53L0X_RdByte
 .text.VL53L0X_WrWord
                0x08001056       0x38 ./Core/Src/main.o
                0x08001056                VL53L0X_WrWord
 .text.VL53L0X_RdWord
                0x0800108e       0x42 ./Core/Src/main.o
                0x0800108e                VL53L0X_RdWord
 .text.VL53L0X_RdDWord
                0x080010d0       0x44 ./Core/Src/main.o
                0x080010d0                VL53L0X_RdDWord
 .text.VL53L0X_UpdateByte
                0x08001114       0x6a ./Core/Src/main.o
                0x08001114                VL53L0X_UpdateByte
 .text.VL53L0X_PollingDelay
                0x0800117e       0x18 ./Core/Src/main.o
                0x0800117e                VL53L0X_PollingDelay
 *fill*         0x08001196        0x2 
 .text.VL53L0X_Init
                0x08001198       0x90 ./Core/Src/main.o
 .text.HAL_SYSTICK_Callback
                0x08001228       0x34 ./Core/Src/main.o
                0x08001228                HAL_SYSTICK_Callback
 .text.Motor_Step_Handler
                0x0800125c       0x90 ./Core/Src/main.o
                0x0800125c                Motor_Step_Handler
 *fill*         0x080012ec        0x4 
 .text.main     0x080012f0      0x540 ./Core/Src/main.o
                0x080012f0                main
 .text.SystemClock_Config
                0x08001830       0xe4 ./Core/Src/main.o
                0x08001830                SystemClock_Config
 .text.MX_I2C1_Init
                0x08001914       0x5c ./Core/Src/main.o
 .text.MX_TIM6_Init
                0x08001970       0x6c ./Core/Src/main.o
 .text.MX_USART2_UART_Init
                0x080019dc       0x54 ./Core/Src/main.o
 .text.MX_GPIO_Init
                0x08001a30       0xdc ./Core/Src/main.o
 .text.HAL_TIM_PeriodElapsedCallback
                0x08001b0c       0x24 ./Core/Src/main.o
                0x08001b0c                HAL_TIM_PeriodElapsedCallback
 .text.Error_Handler
                0x08001b30        0xc ./Core/Src/main.o
                0x08001b30                Error_Handler
 .text.HAL_MspInit
                0x08001b3c       0x50 ./Core/Src/stm32f4xx_hal_msp.o
                0x08001b3c                HAL_MspInit
 .text.HAL_I2C_MspInit
                0x08001b8c       0x90 ./Core/Src/stm32f4xx_hal_msp.o
                0x08001b8c                HAL_I2C_MspInit
 .text.HAL_TIM_Base_MspInit
                0x08001c1c       0x50 ./Core/Src/stm32f4xx_hal_msp.o
                0x08001c1c                HAL_TIM_Base_MspInit
 .text.HAL_UART_MspInit
                0x08001c6c       0x90 ./Core/Src/stm32f4xx_hal_msp.o
                0x08001c6c                HAL_UART_MspInit
 .text.NMI_Handler
                0x08001cfc        0x8 ./Core/Src/stm32f4xx_it.o
                0x08001cfc                NMI_Handler
 .text.HardFault_Handler
                0x08001d04        0x8 ./Core/Src/stm32f4xx_it.o
                0x08001d04                HardFault_Handler
 .text.MemManage_Handler
                0x08001d0c        0x8 ./Core/Src/stm32f4xx_it.o
                0x08001d0c                MemManage_Handler
 .text.BusFault_Handler
                0x08001d14        0x8 ./Core/Src/stm32f4xx_it.o
                0x08001d14                BusFault_Handler
 .text.UsageFault_Handler
                0x08001d1c        0x8 ./Core/Src/stm32f4xx_it.o
                0x08001d1c                UsageFault_Handler
 .text.SVC_Handler
                0x08001d24        0xe ./Core/Src/stm32f4xx_it.o
                0x08001d24                SVC_Handler
 .text.DebugMon_Handler
                0x08001d32        0xe ./Core/Src/stm32f4xx_it.o
                0x08001d32                DebugMon_Handler
 .text.PendSV_Handler
                0x08001d40        0xe ./Core/Src/stm32f4xx_it.o
                0x08001d40                PendSV_Handler
 .text.SysTick_Handler
                0x08001d4e       0x10 ./Core/Src/stm32f4xx_it.o
                0x08001d4e                SysTick_Handler
 *fill*         0x08001d5e        0x2 
 .text.TIM6_DAC_IRQHandler
                0x08001d60       0x14 ./Core/Src/stm32f4xx_it.o
                0x08001d60                TIM6_DAC_IRQHandler
 .text._sbrk    0x08001d74       0x6c ./Core/Src/sysmem.o
                0x08001d74                _sbrk
 .text.SystemInit
                0x08001de0       0x24 ./Core/Src/system_stm32f4xx.o
                0x08001de0                SystemInit
 .text.VL53L0X_GetOffsetCalibrationDataMicroMeter
                0x08001e04       0x26 ./Core/Src/vl53l0x_api.o
                0x08001e04                VL53L0X_GetOffsetCalibrationDataMicroMeter
 *fill*         0x08001e2a        0x2 
 .text.VL53L0X_DataInit
                0x08001e2c      0x2c8 ./Core/Src/vl53l0x_api.o
                0x08001e2c                VL53L0X_DataInit
 .text.VL53L0X_StaticInit
                0x080020f4      0x300 ./Core/Src/vl53l0x_api.o
                0x080020f4                VL53L0X_StaticInit
 .text.VL53L0X_GetDeviceParameters
                0x080023f4      0x120 ./Core/Src/vl53l0x_api.o
                0x080023f4                VL53L0X_GetDeviceParameters
 .text.VL53L0X_SetDeviceMode
                0x08002514       0x58 ./Core/Src/vl53l0x_api.o
                0x08002514                VL53L0X_SetDeviceMode
 .text.VL53L0X_GetDeviceMode
                0x0800256c       0x26 ./Core/Src/vl53l0x_api.o
                0x0800256c                VL53L0X_GetDeviceMode
 .text.VL53L0X_GetFractionEnable
                0x08002592       0x3e ./Core/Src/vl53l0x_api.o
                0x08002592                VL53L0X_GetFractionEnable
 .text.VL53L0X_SetMeasurementTimingBudgetMicroSeconds
                0x080025d0       0x26 ./Core/Src/vl53l0x_api.o
                0x080025d0                VL53L0X_SetMeasurementTimingBudgetMicroSeconds
 .text.VL53L0X_GetMeasurementTimingBudgetMicroSeconds
                0x080025f6       0x26 ./Core/Src/vl53l0x_api.o
                0x080025f6                VL53L0X_GetMeasurementTimingBudgetMicroSeconds
 .text.VL53L0X_GetVcselPulsePeriod
                0x0800261c       0x2e ./Core/Src/vl53l0x_api.o
                0x0800261c                VL53L0X_GetVcselPulsePeriod
 *fill*         0x0800264a        0x2 
 .text.VL53L0X_SetSequenceStepEnable
                0x0800264c      0x140 ./Core/Src/vl53l0x_api.o
                0x0800264c                VL53L0X_SetSequenceStepEnable
 .text.sequence_step_enabled
                0x0800278c       0xa4 ./Core/Src/vl53l0x_api.o
                0x0800278c                sequence_step_enabled
 .text.VL53L0X_GetSequenceStepEnables
                0x08002830       0xb0 ./Core/Src/vl53l0x_api.o
                0x08002830                VL53L0X_GetSequenceStepEnables
 .text.VL53L0X_GetInterMeasurementPeriodMilliSeconds
                0x080028e0       0x68 ./Core/Src/vl53l0x_api.o
                0x080028e0                VL53L0X_GetInterMeasurementPeriodMilliSeconds
 .text.VL53L0X_GetXTalkCompensationEnable
                0x08002948       0x2a ./Core/Src/vl53l0x_api.o
                0x08002948                VL53L0X_GetXTalkCompensationEnable
 .text.VL53L0X_GetXTalkCompensationRateMegaCps
                0x08002972       0x66 ./Core/Src/vl53l0x_api.o
                0x08002972                VL53L0X_GetXTalkCompensationRateMegaCps
 .text.VL53L0X_SetLimitCheckEnable
                0x080029d8      0x118 ./Core/Src/vl53l0x_api.o
                0x080029d8                VL53L0X_SetLimitCheckEnable
 .text.VL53L0X_GetLimitCheckEnable
                0x08002af0       0x46 ./Core/Src/vl53l0x_api.o
                0x08002af0                VL53L0X_GetLimitCheckEnable
 *fill*         0x08002b36        0x2 
 .text.VL53L0X_SetLimitCheckValue
                0x08002b38       0xc4 ./Core/Src/vl53l0x_api.o
                0x08002b38                VL53L0X_SetLimitCheckValue
 .text.VL53L0X_GetLimitCheckValue
                0x08002bfc      0x11c ./Core/Src/vl53l0x_api.o
                0x08002bfc                VL53L0X_GetLimitCheckValue
 .text.VL53L0X_GetWrapAroundCheckEnable
                0x08002d18       0x64 ./Core/Src/vl53l0x_api.o
                0x08002d18                VL53L0X_GetWrapAroundCheckEnable
 .text.VL53L0X_PerformSingleMeasurement
                0x08002d7c       0x68 ./Core/Src/vl53l0x_api.o
                0x08002d7c                VL53L0X_PerformSingleMeasurement
 .text.VL53L0X_PerformRefCalibration
                0x08002de4       0x2c ./Core/Src/vl53l0x_api.o
                0x08002de4                VL53L0X_PerformRefCalibration
 .text.VL53L0X_CheckAndLoadInterruptSettings
                0x08002e10       0xcc ./Core/Src/vl53l0x_api.o
                0x08002e10                VL53L0X_CheckAndLoadInterruptSettings
 .text.VL53L0X_StartMeasurement
                0x08002edc      0x184 ./Core/Src/vl53l0x_api.o
                0x08002edc                VL53L0X_StartMeasurement
 .text.VL53L0X_GetMeasurementDataReady
                0x08003060       0x80 ./Core/Src/vl53l0x_api.o
                0x08003060                VL53L0X_GetMeasurementDataReady
 .text.VL53L0X_GetRangingMeasurementData
                0x080030e0      0x238 ./Core/Src/vl53l0x_api.o
                0x080030e0                VL53L0X_GetRangingMeasurementData
 .text.VL53L0X_PerformSingleRangingMeasurement
                0x08003318       0x60 ./Core/Src/vl53l0x_api.o
                0x08003318                VL53L0X_PerformSingleRangingMeasurement
 .text.VL53L0X_SetGpioConfig
                0x08003378      0x244 ./Core/Src/vl53l0x_api.o
                0x08003378                VL53L0X_SetGpioConfig
 .text.VL53L0X_GetInterruptThresholds
                0x080035bc       0x68 ./Core/Src/vl53l0x_api.o
                0x080035bc                VL53L0X_GetInterruptThresholds
 .text.VL53L0X_ClearInterruptMask
                0x08003624       0x80 ./Core/Src/vl53l0x_api.o
                0x08003624                VL53L0X_ClearInterruptMask
 .text.VL53L0X_GetInterruptMaskStatus
                0x080036a4       0x44 ./Core/Src/vl53l0x_api.o
                0x080036a4                VL53L0X_GetInterruptMaskStatus
 .text.VL53L0X_PerformRefSpadManagement
                0x080036e8       0x2a ./Core/Src/vl53l0x_api.o
                0x080036e8                VL53L0X_PerformRefSpadManagement
 .text.VL53L0X_get_offset_calibration_data_micro_meter
                0x08003712       0x7e ./Core/Src/vl53l0x_api_calibration.o
                0x08003712                VL53L0X_get_offset_calibration_data_micro_meter
 .text.get_next_good_spad
                0x08003790       0xbc ./Core/Src/vl53l0x_api_calibration.o
                0x08003790                get_next_good_spad
 .text.is_aperture
                0x0800384c       0x34 ./Core/Src/vl53l0x_api_calibration.o
                0x0800384c                is_aperture
 .text.enable_spad_bit
                0x08003880       0x70 ./Core/Src/vl53l0x_api_calibration.o
                0x08003880                enable_spad_bit
 .text.set_ref_spad_map
                0x080038f0       0x26 ./Core/Src/vl53l0x_api_calibration.o
                0x080038f0                set_ref_spad_map
 .text.get_ref_spad_map
                0x08003916       0x26 ./Core/Src/vl53l0x_api_calibration.o
                0x08003916                get_ref_spad_map
 .text.enable_ref_spads
                0x0800393c       0xf8 ./Core/Src/vl53l0x_api_calibration.o
                0x0800393c                enable_ref_spads
 .text.perform_ref_signal_measurement
                0x08003a34       0xd4 ./Core/Src/vl53l0x_api_calibration.o
                0x08003a34                perform_ref_signal_measurement
 .text.VL53L0X_perform_ref_spad_management
                0x08003b08      0x418 ./Core/Src/vl53l0x_api_calibration.o
                0x08003b08                VL53L0X_perform_ref_spad_management
 .text.VL53L0X_set_reference_spads
                0x08003f20      0x14a ./Core/Src/vl53l0x_api_calibration.o
                0x08003f20                VL53L0X_set_reference_spads
 .text.VL53L0X_perform_single_ref_calibration
                0x0800406a       0x76 ./Core/Src/vl53l0x_api_calibration.o
                0x0800406a                VL53L0X_perform_single_ref_calibration
 .text.VL53L0X_ref_calibration_io
                0x080040e0      0x132 ./Core/Src/vl53l0x_api_calibration.o
                0x080040e0                VL53L0X_ref_calibration_io
 .text.VL53L0X_perform_vhv_calibration
                0x08004212       0xce ./Core/Src/vl53l0x_api_calibration.o
                0x08004212                VL53L0X_perform_vhv_calibration
 .text.VL53L0X_perform_phase_calibration
                0x080042e0       0xca ./Core/Src/vl53l0x_api_calibration.o
                0x080042e0                VL53L0X_perform_phase_calibration
 .text.VL53L0X_perform_ref_calibration
                0x080043aa       0x7a ./Core/Src/vl53l0x_api_calibration.o
                0x080043aa                VL53L0X_perform_ref_calibration
 .text.VL53L0X_measurement_poll_for_completion
                0x08004424       0x60 ./Core/Src/vl53l0x_api_core.o
                0x08004424                VL53L0X_measurement_poll_for_completion
 .text.VL53L0X_decode_vcsel_period
                0x08004484       0x26 ./Core/Src/vl53l0x_api_core.o
                0x08004484                VL53L0X_decode_vcsel_period
 .text.VL53L0X_isqrt
                0x080044aa       0x68 ./Core/Src/vl53l0x_api_core.o
                0x080044aa                VL53L0X_isqrt
 .text.VL53L0X_device_read_strobe
                0x08004512       0x86 ./Core/Src/vl53l0x_api_core.o
                0x08004512                VL53L0X_device_read_strobe
 .text.VL53L0X_get_info_from_device
                0x08004598      0x99a ./Core/Src/vl53l0x_api_core.o
                0x08004598                VL53L0X_get_info_from_device
 .text.VL53L0X_calc_macro_period_ps
                0x08004f32       0x3c ./Core/Src/vl53l0x_api_core.o
                0x08004f32                VL53L0X_calc_macro_period_ps
 .text.VL53L0X_encode_timeout
                0x08004f6e       0x54 ./Core/Src/vl53l0x_api_core.o
                0x08004f6e                VL53L0X_encode_timeout
 .text.VL53L0X_decode_timeout
                0x08004fc2       0x2c ./Core/Src/vl53l0x_api_core.o
                0x08004fc2                VL53L0X_decode_timeout
 *fill*         0x08004fee        0x2 
 .text.VL53L0X_calc_timeout_mclks
                0x08004ff0       0x54 ./Core/Src/vl53l0x_api_core.o
                0x08004ff0                VL53L0X_calc_timeout_mclks
 .text.VL53L0X_calc_timeout_us
                0x08005044       0x54 ./Core/Src/vl53l0x_api_core.o
                0x08005044                VL53L0X_calc_timeout_us
 .text.get_sequence_step_timeout
                0x08005098      0x1c0 ./Core/Src/vl53l0x_api_core.o
                0x08005098                get_sequence_step_timeout
 .text.set_sequence_step_timeout
                0x08005258      0x1e4 ./Core/Src/vl53l0x_api_core.o
                0x08005258                set_sequence_step_timeout
 .text.VL53L0X_get_vcsel_pulse_period
                0x0800543c       0x6e ./Core/Src/vl53l0x_api_core.o
                0x0800543c                VL53L0X_get_vcsel_pulse_period
 .text.VL53L0X_set_measurement_timing_budget_micro_seconds
                0x080054aa      0x1c0 ./Core/Src/vl53l0x_api_core.o
                0x080054aa                VL53L0X_set_measurement_timing_budget_micro_seconds
 .text.VL53L0X_get_measurement_timing_budget_micro_seconds
                0x0800566a      0x162 ./Core/Src/vl53l0x_api_core.o
                0x0800566a                VL53L0X_get_measurement_timing_budget_micro_seconds
 .text.VL53L0X_load_tuning_settings
                0x080057cc      0x1c4 ./Core/Src/vl53l0x_api_core.o
                0x080057cc                VL53L0X_load_tuning_settings
 .text.VL53L0X_get_total_xtalk_rate
                0x08005990       0x5e ./Core/Src/vl53l0x_api_core.o
                0x08005990                VL53L0X_get_total_xtalk_rate
 .text.VL53L0X_get_total_signal_rate
                0x080059ee       0x4a ./Core/Src/vl53l0x_api_core.o
                0x080059ee                VL53L0X_get_total_signal_rate
 .text.VL53L0X_calc_dmax
                0x08005a38      0x238 ./Core/Src/vl53l0x_api_core.o
                0x08005a38                VL53L0X_calc_dmax
 .text.VL53L0X_calc_sigma_estimate
                0x08005c70      0x498 ./Core/Src/vl53l0x_api_core.o
                0x08005c70                VL53L0X_calc_sigma_estimate
 .text.VL53L0X_get_pal_range_status
                0x08006108      0x3b6 ./Core/Src/vl53l0x_api_core.o
                0x08006108                VL53L0X_get_pal_range_status
 *fill*         0x080064be        0x2 
 .text.Reset_Handler
                0x080064c0       0x50 ./Core/Startup/startup_stm32f446retx.o
                0x080064c0                Reset_Handler
 .text.Default_Handler
                0x08006510        0x2 ./Core/Startup/startup_stm32f446retx.o
                0x08006510                RTC_Alarm_IRQHandler
                0x08006510                EXTI2_IRQHandler
                0x08006510                TIM8_CC_IRQHandler
                0x08006510                FMPI2C1_EV_IRQHandler
                0x08006510                SPI4_IRQHandler
                0x08006510                TIM1_CC_IRQHandler
                0x08006510                DMA2_Stream5_IRQHandler
                0x08006510                DMA1_Stream5_IRQHandler
                0x08006510                PVD_IRQHandler
                0x08006510                SDIO_IRQHandler
                0x08006510                TAMP_STAMP_IRQHandler
                0x08006510                CAN2_RX1_IRQHandler
                0x08006510                EXTI3_IRQHandler
                0x08006510                TIM8_TRG_COM_TIM14_IRQHandler
                0x08006510                TIM1_UP_TIM10_IRQHandler
                0x08006510                TIM8_UP_TIM13_IRQHandler
                0x08006510                I2C3_ER_IRQHandler
                0x08006510                EXTI0_IRQHandler
                0x08006510                I2C2_EV_IRQHandler
                0x08006510                DMA1_Stream2_IRQHandler
                0x08006510                CAN1_RX0_IRQHandler
                0x08006510                FPU_IRQHandler
                0x08006510                OTG_HS_WKUP_IRQHandler
                0x08006510                CAN2_SCE_IRQHandler
                0x08006510                DMA2_Stream2_IRQHandler
                0x08006510                SPI1_IRQHandler
                0x08006510                TIM1_BRK_TIM9_IRQHandler
                0x08006510                DCMI_IRQHandler
                0x08006510                CAN2_RX0_IRQHandler
                0x08006510                DMA2_Stream3_IRQHandler
                0x08006510                SAI2_IRQHandler
                0x08006510                USART6_IRQHandler
                0x08006510                USART3_IRQHandler
                0x08006510                CAN1_RX1_IRQHandler
                0x08006510                UART5_IRQHandler
                0x08006510                DMA2_Stream0_IRQHandler
                0x08006510                TIM4_IRQHandler
                0x08006510                QUADSPI_IRQHandler
                0x08006510                I2C1_EV_IRQHandler
                0x08006510                DMA1_Stream6_IRQHandler
                0x08006510                DMA1_Stream1_IRQHandler
                0x08006510                UART4_IRQHandler
                0x08006510                TIM3_IRQHandler
                0x08006510                RCC_IRQHandler
                0x08006510                TIM8_BRK_TIM12_IRQHandler
                0x08006510                Default_Handler
                0x08006510                CEC_IRQHandler
                0x08006510                EXTI15_10_IRQHandler
                0x08006510                ADC_IRQHandler
                0x08006510                DMA1_Stream7_IRQHandler
                0x08006510                TIM7_IRQHandler
                0x08006510                CAN2_TX_IRQHandler
                0x08006510                TIM5_IRQHandler
                0x08006510                DMA2_Stream7_IRQHandler
                0x08006510                I2C3_EV_IRQHandler
                0x08006510                EXTI9_5_IRQHandler
                0x08006510                RTC_WKUP_IRQHandler
                0x08006510                SPDIF_RX_IRQHandler
                0x08006510                SPI2_IRQHandler
                0x08006510                OTG_HS_EP1_IN_IRQHandler
                0x08006510                DMA1_Stream0_IRQHandler
                0x08006510                CAN1_TX_IRQHandler
                0x08006510                FMPI2C1_ER_IRQHandler
                0x08006510                EXTI4_IRQHandler
                0x08006510                OTG_HS_EP1_OUT_IRQHandler
                0x08006510                WWDG_IRQHandler
                0x08006510                TIM2_IRQHandler
                0x08006510                OTG_FS_WKUP_IRQHandler
                0x08006510                TIM1_TRG_COM_TIM11_IRQHandler
                0x08006510                OTG_HS_IRQHandler
                0x08006510                EXTI1_IRQHandler
                0x08006510                USART2_IRQHandler
                0x08006510                I2C2_ER_IRQHandler
                0x08006510                DMA2_Stream1_IRQHandler
                0x08006510                CAN1_SCE_IRQHandler
                0x08006510                FLASH_IRQHandler
                0x08006510                DMA2_Stream4_IRQHandler
                0x08006510                USART1_IRQHandler
                0x08006510                OTG_FS_IRQHandler
                0x08006510                SPI3_IRQHandler
                0x08006510                DMA1_Stream4_IRQHandler
                0x08006510                I2C1_ER_IRQHandler
                0x08006510                FMC_IRQHandler
                0x08006510                DMA2_Stream6_IRQHandler
                0x08006510                SAI1_IRQHandler
                0x08006510                DMA1_Stream3_IRQHandler
 *fill*         0x08006512        0x2 
 .text.HAL_Init
                0x08006514       0x44 ./Drivers/STM32F4xx_HAL_Driver/Src/stm32f4xx_hal.o
                0x08006514                HAL_Init
 .text.HAL_InitTick
                0x08006558       0x60 ./Drivers/STM32F4xx_HAL_Driver/Src/stm32f4xx_hal.o
                0x08006558                HAL_InitTick
 .text.HAL_IncTick
                0x080065b8       0x28 ./Drivers/STM32F4xx_HAL_Driver/Src/stm32f4xx_hal.o
                0x080065b8                HAL_IncTick
 .text.HAL_GetTick
                0x080065e0       0x18 ./Drivers/STM32F4xx_HAL_Driver/Src/stm32f4xx_hal.o
                0x080065e0                HAL_GetTick
 .text.HAL_Delay
                0x080065f8       0x48 ./Drivers/STM32F4xx_HAL_Driver/Src/stm32f4xx_hal.o
                0x080065f8                HAL_Delay
 .text.__NVIC_SetPriorityGrouping
                0x08006640       0x48 ./Drivers/STM32F4xx_HAL_Driver/Src/stm32f4xx_hal_cortex.o
 .text.__NVIC_GetPriorityGrouping
                0x08006688       0x1c ./Drivers/STM32F4xx_HAL_Driver/Src/stm32f4xx_hal_cortex.o
 .text.__NVIC_EnableIRQ
                0x080066a4       0x3c ./Drivers/STM32F4xx_HAL_Driver/Src/stm32f4xx_hal_cortex.o
 .text.__NVIC_SetPriority
                0x080066e0       0x54 ./Drivers/STM32F4xx_HAL_Driver/Src/stm32f4xx_hal_cortex.o
 .text.NVIC_EncodePriority
                0x08006734       0x66 ./Drivers/STM32F4xx_HAL_Driver/Src/stm32f4xx_hal_cortex.o
 *fill*         0x0800679a        0x2 
 .text.SysTick_Config
                0x0800679c       0x44 ./Drivers/STM32F4xx_HAL_Driver/Src/stm32f4xx_hal_cortex.o
 .text.HAL_NVIC_SetPriorityGrouping
                0x080067e0       0x16 ./Drivers/STM32F4xx_HAL_Driver/Src/stm32f4xx_hal_cortex.o
                0x080067e0                HAL_NVIC_SetPriorityGrouping
 .text.HAL_NVIC_SetPriority
                0x080067f6       0x38 ./Drivers/STM32F4xx_HAL_Driver/Src/stm32f4xx_hal_cortex.o
                0x080067f6                HAL_NVIC_SetPriority
 .text.HAL_NVIC_EnableIRQ
                0x0800682e       0x1c ./Drivers/STM32F4xx_HAL_Driver/Src/stm32f4xx_hal_cortex.o
                0x0800682e                HAL_NVIC_EnableIRQ
 .text.HAL_SYSTICK_Config
                0x0800684a       0x18 ./Drivers/STM32F4xx_HAL_Driver/Src/stm32f4xx_hal_cortex.o
                0x0800684a                HAL_SYSTICK_Config
 *fill*         0x08006862        0x2 
 .text.HAL_GPIO_Init
                0x08006864      0x328 ./Drivers/STM32F4xx_HAL_Driver/Src/stm32f4xx_hal_gpio.o
                0x08006864                HAL_GPIO_Init
 .text.HAL_GPIO_WritePin
                0x08006b8c       0x32 ./Drivers/STM32F4xx_HAL_Driver/Src/stm32f4xx_hal_gpio.o
                0x08006b8c                HAL_GPIO_WritePin
 *fill*         0x08006bbe        0x2 
 .text.HAL_I2C_Init
                0x08006bc0      0x288 ./Drivers/STM32F4xx_HAL_Driver/Src/stm32f4xx_hal_i2c.o
                0x08006bc0                HAL_I2C_Init
 .text.HAL_I2C_Mem_Write
                0x08006e48      0x1f4 ./Drivers/STM32F4xx_HAL_Driver/Src/stm32f4xx_hal_i2c.o
                0x08006e48                HAL_I2C_Mem_Write
 .text.HAL_I2C_Mem_Read
                0x0800703c      0x464 ./Drivers/STM32F4xx_HAL_Driver/Src/stm32f4xx_hal_i2c.o
                0x0800703c                HAL_I2C_Mem_Read
 .text.I2C_RequestMemoryWrite
                0x080074a0      0x12c ./Drivers/STM32F4xx_HAL_Driver/Src/stm32f4xx_hal_i2c.o
 .text.I2C_RequestMemoryRead
                0x080075cc      0x1d0 ./Drivers/STM32F4xx_HAL_Driver/Src/stm32f4xx_hal_i2c.o
 .text.I2C_WaitOnFlagUntilTimeout
                0x0800779c       0xf4 ./Drivers/STM32F4xx_HAL_Driver/Src/stm32f4xx_hal_i2c.o
 .text.I2C_WaitOnMasterAddressFlagUntilTimeout
                0x08007890      0x140 ./Drivers/STM32F4xx_HAL_Driver/Src/stm32f4xx_hal_i2c.o
 .text.I2C_WaitOnTXEFlagUntilTimeout
                0x080079d0       0x90 ./Drivers/STM32F4xx_HAL_Driver/Src/stm32f4xx_hal_i2c.o
 .text.I2C_WaitOnBTFFlagUntilTimeout
                0x08007a60       0x90 ./Drivers/STM32F4xx_HAL_Driver/Src/stm32f4xx_hal_i2c.o
 .text.I2C_WaitOnRXNEFlagUntilTimeout
                0x08007af0       0xba ./Drivers/STM32F4xx_HAL_Driver/Src/stm32f4xx_hal_i2c.o
 .text.I2C_IsAcknowledgeFailed
                0x08007baa       0x5e ./Drivers/STM32F4xx_HAL_Driver/Src/stm32f4xx_hal_i2c.o
 .text.HAL_PWREx_EnableOverDrive
                0x08007c08       0xa0 ./Drivers/STM32F4xx_HAL_Driver/Src/stm32f4xx_hal_pwr_ex.o
                0x08007c08                HAL_PWREx_EnableOverDrive
 .text.HAL_RCC_ClockConfig
                0x08007ca8      0x1cc ./Drivers/STM32F4xx_HAL_Driver/Src/stm32f4xx_hal_rcc.o
                0x08007ca8                HAL_RCC_ClockConfig
 .text.HAL_RCC_GetHCLKFreq
                0x08007e74       0x18 ./Drivers/STM32F4xx_HAL_Driver/Src/stm32f4xx_hal_rcc.o
                0x08007e74                HAL_RCC_GetHCLKFreq
 .text.HAL_RCC_GetPCLK1Freq
                0x08007e8c       0x28 ./Drivers/STM32F4xx_HAL_Driver/Src/stm32f4xx_hal_rcc.o
                0x08007e8c                HAL_RCC_GetPCLK1Freq
 .text.HAL_RCC_GetPCLK2Freq
                0x08007eb4       0x28 ./Drivers/STM32F4xx_HAL_Driver/Src/stm32f4xx_hal_rcc.o
                0x08007eb4                HAL_RCC_GetPCLK2Freq
 .text.HAL_RCC_GetSysClockFreq
                0x08007edc      0x460 ./Drivers/STM32F4xx_HAL_Driver/Src/stm32f4xx_hal_rcc_ex.o
                0x08007edc                HAL_RCC_GetSysClockFreq
 .text.HAL_RCC_OscConfig
                0x0800833c      0x53c ./Drivers/STM32F4xx_HAL_Driver/Src/stm32f4xx_hal_rcc_ex.o
                0x0800833c                HAL_RCC_OscConfig
 .text.HAL_TIM_Base_Init
                0x08008878       0x9e ./Drivers/STM32F4xx_HAL_Driver/Src/stm32f4xx_hal_tim.o
                0x08008878                HAL_TIM_Base_Init
 *fill*         0x08008916        0x2 
 .text.HAL_TIM_Base_Start_IT
                0x08008918       0xe0 ./Drivers/STM32F4xx_HAL_Driver/Src/stm32f4xx_hal_tim.o
                0x08008918                HAL_TIM_Base_Start_IT
 .text.HAL_TIM_IRQHandler
                0x080089f8      0x1e0 ./Drivers/STM32F4xx_HAL_Driver/Src/stm32f4xx_hal_tim.o
                0x080089f8                HAL_TIM_IRQHandler
 .text.HAL_TIM_OC_DelayElapsedCallback
                0x08008bd8       0x14 ./Drivers/STM32F4xx_HAL_Driver/Src/stm32f4xx_hal_tim.o
                0x08008bd8                HAL_TIM_OC_DelayElapsedCallback
 .text.HAL_TIM_IC_CaptureCallback
                0x08008bec       0x14 ./Drivers/STM32F4xx_HAL_Driver/Src/stm32f4xx_hal_tim.o
                0x08008bec                HAL_TIM_IC_CaptureCallback
 .text.HAL_TIM_PWM_PulseFinishedCallback
                0x08008c00       0x14 ./Drivers/STM32F4xx_HAL_Driver/Src/stm32f4xx_hal_tim.o
                0x08008c00                HAL_TIM_PWM_PulseFinishedCallback
 .text.HAL_TIM_TriggerCallback
                0x08008c14       0x14 ./Drivers/STM32F4xx_HAL_Driver/Src/stm32f4xx_hal_tim.o
                0x08008c14                HAL_TIM_TriggerCallback
 .text.TIM_Base_SetConfig
                0x08008c28      0x14c ./Drivers/STM32F4xx_HAL_Driver/Src/stm32f4xx_hal_tim.o
                0x08008c28                TIM_Base_SetConfig
 .text.HAL_TIMEx_MasterConfigSynchronization
                0x08008d74       0xf8 ./Drivers/STM32F4xx_HAL_Driver/Src/stm32f4xx_hal_tim_ex.o
                0x08008d74                HAL_TIMEx_MasterConfigSynchronization
 .text.HAL_TIMEx_CommutCallback
                0x08008e6c       0x14 ./Drivers/STM32F4xx_HAL_Driver/Src/stm32f4xx_hal_tim_ex.o
                0x08008e6c                HAL_TIMEx_CommutCallback
 .text.HAL_TIMEx_BreakCallback
                0x08008e80       0x14 ./Drivers/STM32F4xx_HAL_Driver/Src/stm32f4xx_hal_tim_ex.o
                0x08008e80                HAL_TIMEx_BreakCallback
 .text.HAL_UART_Init
                0x08008e94       0xa0 ./Drivers/STM32F4xx_HAL_Driver/Src/stm32f4xx_hal_uart.o
                0x08008e94                HAL_UART_Init
 .text.HAL_UART_Transmit
                0x08008f34      0x116 ./Drivers/STM32F4xx_HAL_Driver/Src/stm32f4xx_hal_uart.o
                0x08008f34                HAL_UART_Transmit
 .text.UART_WaitOnFlagUntilTimeout
                0x0800904a       0xb2 ./Drivers/STM32F4xx_HAL_Driver/Src/stm32f4xx_hal_uart.o
 .text.UART_EndRxTransfer
                0x080090fc       0xc6 ./Drivers/STM32F4xx_HAL_Driver/Src/stm32f4xx_hal_uart.o
 *fill*         0x080091c2        0x2 
 .text.UART_SetConfig
                0x080091c4      0x4e8 ./Drivers/STM32F4xx_HAL_Driver/Src/stm32f4xx_hal_uart.o
 .text.snprintf
                0x080096ac       0x6c C:/ST/STM32CubeIDE_1.18.1/STM32CubeIDE/plugins/com.st.stm32cube.ide.mcu.externaltools.gnu-tools-for-stm32.14.3.rel1.win32_1.0.100.202602081740/tools/bin/../lib/gcc/arm-none-eabi/14.3.1/../../../../arm-none-eabi/lib/thumb/v7e-m+fp/hard\libc_nano.a(libc_a-snprintf.o)
                0x080096ac                sniprintf
                0x080096ac                snprintf
 .text.memset   0x08009718       0x10 C:/ST/STM32CubeIDE_1.18.1/STM32CubeIDE/plugins/com.st.stm32cube.ide.mcu.externaltools.gnu-tools-for-stm32.14.3.rel1.win32_1.0.100.202602081740/tools/bin/../lib/gcc/arm-none-eabi/14.3.1/../../../../arm-none-eabi/lib/thumb/v7e-m+fp/hard\libc_nano.a(libc_a-memset.o)
                0x08009718                memset
 .text.__errno  0x08009728        0xc C:/ST/STM32CubeIDE_1.18.1/STM32CubeIDE/plugins/com.st.stm32cube.ide.mcu.externaltools.gnu-tools-for-stm32.14.3.rel1.win32_1.0.100.202602081740/tools/bin/../lib/gcc/arm-none-eabi/14.3.1/../../../../arm-none-eabi/lib/thumb/v7e-m+fp/hard\libc_nano.a(libc_a-errno.o)
                0x08009728                __errno
 .text.__libc_init_array
                0x08009734       0x48 C:/ST/STM32CubeIDE_1.18.1/STM32CubeIDE/plugins/com.st.stm32cube.ide.mcu.externaltools.gnu-tools-for-stm32.14.3.rel1.win32_1.0.100.202602081740/tools/bin/../lib/gcc/arm-none-eabi/14.3.1/../../../../arm-none-eabi/lib/thumb/v7e-m+fp/hard\libc_nano.a(libc_a-init.o)
                0x08009734                __libc_init_array
 .text.__retarget_lock_acquire_recursive
                0x0800977c        0x2 C:/ST/STM32CubeIDE_1.18.1/STM32CubeIDE/plugins/com.st.stm32cube.ide.mcu.externaltools.gnu-tools-for-stm32.14.3.rel1.win32_1.0.100.202602081740/tools/bin/../lib/gcc/arm-none-eabi/14.3.1/../../../../arm-none-eabi/lib/thumb/v7e-m+fp/hard\libc_nano.a(libc_a-lock.o)
                0x0800977c                __retarget_lock_acquire_recursive
 .text.__retarget_lock_release_recursive
                0x0800977e        0x2 C:/ST/STM32CubeIDE_1.18.1/STM32CubeIDE/plugins/com.st.stm32cube.ide.mcu.externaltools.gnu-tools-for-stm32.14.3.rel1.win32_1.0.100.202602081740/tools/bin/../lib/gcc/arm-none-eabi/14.3.1/../../../../arm-none-eabi/lib/thumb/v7e-m+fp/hard\libc_nano.a(libc_a-lock.o)
                0x0800977e                __retarget_lock_release_recursive
 .text.strcpy   0x08009780       0x10 C:/ST/STM32CubeIDE_1.18.1/STM32CubeIDE/plugins/com.st.stm32cube.ide.mcu.externaltools.gnu-tools-for-stm32.14.3.rel1.win32_1.0.100.202602081740/tools/bin/../lib/gcc/arm-none-eabi/14.3.1/../../../../arm-none-eabi/lib/thumb/v7e-m+fp/hard\libc_nano.a(libc_a-strcpy.o)
                0x08009780                strcpy
 .text.memcpy   0x08009790       0x1c C:/ST/STM32CubeIDE_1.18.1/STM32CubeIDE/plugins/com.st.stm32cube.ide.mcu.externaltools.gnu-tools-for-stm32.14.3.rel1.win32_1.0.100.202602081740/tools/bin/../lib/gcc/arm-none-eabi/14.3.1/../../../../arm-none-eabi/lib/thumb/v7e-m+fp/hard\libc_nano.a(libc_a-memcpy-stub.o)
                0x08009790                memcpy
 .text._free_r  0x080097ac       0x94 C:/ST/STM32CubeIDE_1.18.1/STM32CubeIDE/plugins/com.st.stm32cube.ide.mcu.externaltools.gnu-tools-for-stm32.14.3.rel1.win32_1.0.100.202602081740/tools/bin/../lib/gcc/arm-none-eabi/14.3.1/../../../../arm-none-eabi/lib/thumb/v7e-m+fp/hard\libc_nano.a(libc_a-freer.o)
                0x080097ac                _free_r
 .text.sbrk_aligned
                0x08009840       0x44 C:/ST/STM32CubeIDE_1.18.1/STM32CubeIDE/plugins/com.st.stm32cube.ide.mcu.externaltools.gnu-tools-for-stm32.14.3.rel1.win32_1.0.100.202602081740/tools/bin/../lib/gcc/arm-none-eabi/14.3.1/../../../../arm-none-eabi/lib/thumb/v7e-m+fp/hard\libc_nano.a(libc_a-mallocr.o)
 .text._malloc_r
                0x08009884      0x100 C:/ST/STM32CubeIDE_1.18.1/STM32CubeIDE/plugins/com.st.stm32cube.ide.mcu.externaltools.gnu-tools-for-stm32.14.3.rel1.win32_1.0.100.202602081740/tools/bin/../lib/gcc/arm-none-eabi/14.3.1/../../../../arm-none-eabi/lib/thumb/v7e-m+fp/hard\libc_nano.a(libc_a-mallocr.o)
                0x08009884                _malloc_r
 .text.__malloc_lock
                0x08009984        0xc C:/ST/STM32CubeIDE_1.18.1/STM32CubeIDE/plugins/com.st.stm32cube.ide.mcu.externaltools.gnu-tools-for-stm32.14.3.rel1.win32_1.0.100.202602081740/tools/bin/../lib/gcc/arm-none-eabi/14.3.1/../../../../arm-none-eabi/lib/thumb/v7e-m+fp/hard\libc_nano.a(libc_a-mlock.o)
                0x08009984                __malloc_lock
 .text.__malloc_unlock
                0x08009990        0xc C:/ST/STM32CubeIDE_1.18.1/STM32CubeIDE/plugins/com.st.stm32cube.ide.mcu.externaltools.gnu-tools-for-stm32.14.3.rel1.win32_1.0.100.202602081740/tools/bin/../lib/gcc/arm-none-eabi/14.3.1/../../../../arm-none-eabi/lib/thumb/v7e-m+fp/hard\libc_nano.a(libc_a-mlock.o)
                0x08009990                __malloc_unlock
 .text.__ssputs_r
                0x0800999c       0xc0 C:/ST/STM32CubeIDE_1.18.1/STM32CubeIDE/plugins/com.st.stm32cube.ide.mcu.externaltools.gnu-tools-for-stm32.14.3.rel1.win32_1.0.100.202602081740/tools/bin/../lib/gcc/arm-none-eabi/14.3.1/../../../../arm-none-eabi/lib/thumb/v7e-m+fp/hard\libc_nano.a(libc_a-nano-svfprintf.o)
                0x0800999c                __ssputs_r
 .text._svfprintf_r
                0x08009a5c      0x1f0 C:/ST/STM32CubeIDE_1.18.1/STM32CubeIDE/plugins/com.st.stm32cube.ide.mcu.externaltools.gnu-tools-for-stm32.14.3.rel1.win32_1.0.100.202602081740/tools/bin/../lib/gcc/arm-none-eabi/14.3.1/../../../../arm-none-eabi/lib/thumb/v7e-m+fp/hard\libc_nano.a(libc_a-nano-svfprintf.o)
                0x08009a5c                _svfiprintf_r
                0x08009a5c                _svfprintf_r
 .text._printf_common
                0x08009c4c       0xda C:/ST/STM32CubeIDE_1.18.1/STM32CubeIDE/plugins/com.st.stm32cube.ide.mcu.externaltools.gnu-tools-for-stm32.14.3.rel1.win32_1.0.100.202602081740/tools/bin/../lib/gcc/arm-none-eabi/14.3.1/../../../../arm-none-eabi/lib/thumb/v7e-m+fp/hard\libc_nano.a(libc_a-nano-vfprintf_i.o)
                0x08009c4c                _printf_common
 *fill*         0x08009d26        0x2 
 .text._printf_i
                0x08009d28      0x24c C:/ST/STM32CubeIDE_1.18.1/STM32CubeIDE/plugins/com.st.stm32cube.ide.mcu.externaltools.gnu-tools-for-stm32.14.3.rel1.win32_1.0.100.202602081740/tools/bin/../lib/gcc/arm-none-eabi/14.3.1/../../../../arm-none-eabi/lib/thumb/v7e-m+fp/hard\libc_nano.a(libc_a-nano-vfprintf_i.o)
                0x08009d28                _printf_i
 .text.memmove  0x08009f74       0x32 C:/ST/STM32CubeIDE_1.18.1/STM32CubeIDE/plugins/com.st.stm32cube.ide.mcu.externaltools.gnu-tools-for-stm32.14.3.rel1.win32_1.0.100.202602081740/tools/bin/../lib/gcc/arm-none-eabi/14.3.1/../../../../arm-none-eabi/lib/thumb/v7e-m+fp/hard\libc_nano.a(libc_a-memmove.o)
                0x08009f74                memmove
 *fill*         0x08009fa6        0x2 
 .text._sbrk_r  0x08009fa8       0x20 C:/ST/STM32CubeIDE_1.18.1/STM32CubeIDE/plugins/com.st.stm32cube.ide.mcu.externaltools.gnu-tools-for-stm32.14.3.rel1.win32_1.0.100.202602081740/tools/bin/../lib/gcc/arm-none-eabi/14.3.1/../../../../arm-none-eabi/lib/thumb/v7e-m+fp/hard\libc_nano.a(libc_a-sbrkr.o)
                0x08009fa8                _sbrk_r
 .text._realloc_r
                0x08009fc8       0x5c C:/ST/STM32CubeIDE_1.18.1/STM32CubeIDE/plugins/com.st.stm32cube.ide.mcu.externaltools.gnu-tools-for-stm32.14.3.rel1.win32_1.0.100.202602081740/tools/bin/../lib/gcc/arm-none-eabi/14.3.1/../../../../arm-none-eabi/lib/thumb/v7e-m+fp/hard\libc_nano.a(libc_a-reallocr.o)
                0x08009fc8                _realloc_r
 .text._malloc_usable_size_r
                0x0800a024       0x10 C:/ST/STM32CubeIDE_1.18.1/STM32CubeIDE/plugins/com.st.stm32cube.ide.mcu.externaltools.gnu-tools-for-stm32.14.3.rel1.win32_1.0.100.202602081740/tools/bin/../lib/gcc/arm-none-eabi/14.3.1/../../../../arm-none-eabi/lib/thumb/v7e-m+fp/hard\libc_nano.a(libc_a-msizer.o)
                0x0800a024                _malloc_usable_size_r
 *(.glue_7)
 .glue_7        0x0800a034        0x0 linker stubs
 *(.glue_7t)
 .glue_7t       0x0800a034        0x0 linker stubs
 *(.eh_frame)
 .eh_frame      0x0800a034        0x0 C:/ST/STM32CubeIDE_1.18.1/STM32CubeIDE/plugins/com.st.stm32cube.ide.mcu.externaltools.gnu-tools-for-stm32.14.3.rel1.win32_1.0.100.202602081740/tools/bin/../lib/gcc/arm-none-eabi/14.3.1/thumb/v7e-m+fp/hard/crtbegin.o
 *(.init)
 .init          0x0800a034        0x4 C:/ST/STM32CubeIDE_1.18.1/STM32CubeIDE/plugins/com.st.stm32cube.ide.mcu.externaltools.gnu-tools-for-stm32.14.3.rel1.win32_1.0.100.202602081740/tools/bin/../lib/gcc/arm-none-eabi/14.3.1/thumb/v7e-m+fp/hard/crti.o
                0x0800a034                _init
 .init          0x0800a038        0x8 C:/ST/STM32CubeIDE_1.18.1/STM32CubeIDE/plugins/com.st.stm32cube.ide.mcu.externaltools.gnu-tools-for-stm32.14.3.rel1.win32_1.0.100.202602081740/tools/bin/../lib/gcc/arm-none-eabi/14.3.1/thumb/v7e-m+fp/hard/crtn.o
 *(.fini)
 .fini          0x0800a040        0x4 C:/ST/STM32CubeIDE_1.18.1/STM32CubeIDE/plugins/com.st.stm32cube.ide.mcu.externaltools.gnu-tools-for-stm32.14.3.rel1.win32_1.0.100.202602081740/tools/bin/../lib/gcc/arm-none-eabi/14.3.1/thumb/v7e-m+fp/hard/crti.o
                0x0800a040                _fini
 .fini          0x0800a044        0x8 C:/ST/STM32CubeIDE_1.18.1/STM32CubeIDE/plugins/com.st.stm32cube.ide.mcu.externaltools.gnu-tools-for-stm32.14.3.rel1.win32_1.0.100.202602081740/tools/bin/../lib/gcc/arm-none-eabi/14.3.1/thumb/v7e-m+fp/hard/crtn.o
                0x0800a04c                        . = ALIGN (0x4)
                0x0800a04c                        _etext = .

.vfp11_veneer   0x0800a04c        0x0
 .vfp11_veneer  0x0800a04c        0x0 linker stubs

.v4_bx          0x0800a04c        0x0
 .v4_bx         0x0800a04c        0x0 linker stubs

.iplt           0x0800a04c        0x0
 .iplt          0x0800a04c        0x0 C:/ST/STM32CubeIDE_1.18.1/STM32CubeIDE/plugins/com.st.stm32cube.ide.mcu.externaltools.gnu-tools-for-stm32.14.3.rel1.win32_1.0.100.202602081740/tools/bin/../lib/gcc/arm-none-eabi/14.3.1/thumb/v7e-m+fp/hard/crtbegin.o

.rodata         0x0800a04c       0x78
                0x0800a04c                        . = ALIGN (0x4)
 *(.rodata)
 .rodata        0x0800a04c       0x2b ./Core/Src/main.o
 *(.rodata*)
 *fill*         0x0800a077        0x1 
 .rodata.AHBPrescTable
                0x0800a078       0x10 ./Core/Src/system_stm32f4xx.o
                0x0800a078                AHBPrescTable
 .rodata.APBPrescTable
                0x0800a088        0x8 ./Core/Src/system_stm32f4xx.o
                0x0800a088                APBPrescTable
 .rodata._svfprintf_r.str1.1
                0x0800a090       0x33 C:/ST/STM32CubeIDE_1.18.1/STM32CubeIDE/plugins/com.st.stm32cube.ide.mcu.externaltools.gnu-tools-for-stm32.14.3.rel1.win32_1.0.100.202602081740/tools/bin/../lib/gcc/arm-none-eabi/14.3.1/../../../../arm-none-eabi/lib/thumb/v7e-m+fp/hard\libc_nano.a(libc_a-nano-svfprintf.o)
                                 0x11 (size before relaxing)
 .rodata._printf_i.str1.1
                0x0800a0c3       0x22 C:/ST/STM32CubeIDE_1.18.1/STM32CubeIDE/plugins/com.st.stm32cube.ide.mcu.externaltools.gnu-tools-for-stm32.14.3.rel1.win32_1.0.100.202602081740/tools/bin/../lib/gcc/arm-none-eabi/14.3.1/../../../../arm-none-eabi/lib/thumb/v7e-m+fp/hard\libc_nano.a(libc_a-nano-vfprintf_i.o)
                0x0800a0e8                        . = ALIGN (0x4)
 *fill*         0x0800a0c3        0x1 

.ARM.extab      0x0800a0c4        0x0
                0x0800a0c4                        . = ALIGN (0x4)
 *(.ARM.extab* .gnu.linkonce.armextab.*)
                0x0800a0c4                        . = ALIGN (0x4)

.ARM            0x0800a0c4        0x8
                0x0800a0c4                        . = ALIGN (0x4)
                0x0800a0c4                        __exidx_start = .
 *(.ARM.exidx*)
 .ARM.exidx     0x0800a0c4        0x8 C:/ST/STM32CubeIDE_1.18.1/STM32CubeIDE/plugins/com.st.stm32cube.ide.mcu.externaltools.gnu-tools-for-stm32.14.3.rel1.win32_1.0.100.202602081740/tools/bin/../lib/gcc/arm-none-eabi/14.3.1/../../../../arm-none-eabi/lib/thumb/v7e-m+fp/hard\libc_nano.a(libc_a-strlen.o)
 .ARM.exidx     0x0800a0cc        0x0 C:/ST/STM32CubeIDE_1.18.1/STM32CubeIDE/plugins/com.st.stm32cube.ide.mcu.externaltools.gnu-tools-for-stm32.14.3.rel1.win32_1.0.100.202602081740/tools/bin/../lib/gcc/arm-none-eabi/14.3.1/../../../../arm-none-eabi/lib/thumb/v7e-m+fp/hard\libc_nano.a(libc_a-memchr.o)
                                  0x8 (size before relaxing)
 .ARM.exidx     0x0800a0cc        0x0 C:/ST/STM32CubeIDE_1.18.1/STM32CubeIDE/plugins/com.st.stm32cube.ide.mcu.externaltools.gnu-tools-for-stm32.14.3.rel1.win32_1.0.100.202602081740/tools/bin/../lib/gcc/arm-none-eabi/14.3.1/thumb/v7e-m+fp/hard\libgcc.a(_udivmoddi4.o)
                                  0x8 (size before relaxing)
                0x0800a0cc                        __exidx_end = .
                0x0800a0cc                        . = ALIGN (0x4)

.preinit_array  0x0800a0cc        0x0
                0x0800a0cc                        . = ALIGN (0x4)
                0x0800a0cc                        PROVIDE (__preinit_array_start = .)
 *(.preinit_array*)
                0x0800a0cc                        PROVIDE (__preinit_array_end = .)
                0x0800a0cc                        . = ALIGN (0x4)

.init_array     0x0800a0cc        0x4
                0x0800a0cc                        . = ALIGN (0x4)
                0x0800a0cc                        PROVIDE (__init_array_start = .)
 *(SORT_BY_NAME(.init_array.*))
 *(.init_array*)
 .init_array    0x0800a0cc        0x4 C:/ST/STM32CubeIDE_1.18.1/STM32CubeIDE/plugins/com.st.stm32cube.ide.mcu.externaltools.gnu-tools-for-stm32.14.3.rel1.win32_1.0.100.202602081740/tools/bin/../lib/gcc/arm-none-eabi/14.3.1/thumb/v7e-m+fp/hard/crtbegin.o
                0x0800a0d0                        PROVIDE (__init_array_end = .)
                0x0800a0d0                        . = ALIGN (0x4)

.fini_array     0x0800a0d0        0x4
                0x0800a0d0                        . = ALIGN (0x4)
                [!provide]                        PROVIDE (__fini_array_start = .)
 *(SORT_BY_NAME(.fini_array.*))
 *(.fini_array*)
 .fini_array    0x0800a0d0        0x4 C:/ST/STM32CubeIDE_1.18.1/STM32CubeIDE/plugins/com.st.stm32cube.ide.mcu.externaltools.gnu-tools-for-stm32.14.3.rel1.win32_1.0.100.202602081740/tools/bin/../lib/gcc/arm-none-eabi/14.3.1/thumb/v7e-m+fp/hard/crtbegin.o
                [!provide]                        PROVIDE (__fini_array_end = .)
                0x0800a0d4                        . = ALIGN (0x4)
                0x0800a0d4                        _sidata = LOADADDR (.data)

.rel.dyn        0x0800a0d4        0x0
 .rel.iplt      0x0800a0d4        0x0 C:/ST/STM32CubeIDE_1.18.1/STM32CubeIDE/plugins/com.st.stm32cube.ide.mcu.externaltools.gnu-tools-for-stm32.14.3.rel1.win32_1.0.100.202602081740/tools/bin/../lib/gcc/arm-none-eabi/14.3.1/thumb/v7e-m+fp/hard/crtbegin.o

.data           0x20000000      0x360 load address 0x0800a0d4
                0x20000000                        . = ALIGN (0x4)
                0x20000000                        _sdata = .
 *(.data)
 *(.data*)
 .data.setpoint
                0x20000000        0x8 ./Core/Src/main.o
                0x20000000                setpoint
 .data.smc_c    0x20000008        0x8 ./Core/Src/main.o
                0x20000008                smc_c
 .data.smc_M    0x20000010        0x8 ./Core/Src/main.o
                0x20000010                smc_M
 .data.smc_Phi  0x20000018        0x8 ./Core/Src/main.o
                0x20000018                smc_Phi
 .data.Gamma    0x20000020        0x8 ./Core/Src/main.o
                0x20000020                Gamma
 .data.sigma_mod
                0x20000028        0x8 ./Core/Src/main.o
                0x20000028                sigma_mod
 .data.A_MIN    0x20000030        0x8 ./Core/Src/main.o
                0x20000030                A_MIN
 .data.A_MAX    0x20000038        0x8 ./Core/Src/main.o
                0x20000038                A_MAX
 .data.currentStep
                0x20000040        0x4 ./Core/Src/main.o
                0x20000040                currentStep
 .data.targetStep
                0x20000044        0x4 ./Core/Src/main.o
                0x20000044                targetStep
 .data.SystemCoreClock
                0x20000048        0x4 ./Core/Src/system_stm32f4xx.o
                0x20000048                SystemCoreClock
 .data.DefaultTuningSettings
                0x2000004c       0xf3 ./Core/Src/vl53l0x_api.o
                0x2000004c                DefaultTuningSettings
 *fill*         0x2000013f        0x1 
 .data.InterruptThresholdSettings
                0x20000140      0x1b6 ./Core/Src/vl53l0x_api.o
                0x20000140                InterruptThresholdSettings
 *fill*         0x200002f6        0x2 
 .data.refArrayQuadrants
                0x200002f8       0x10 ./Core/Src/vl53l0x_api_calibration.o
                0x200002f8                refArrayQuadrants
 .data.uwTickPrio
                0x20000308        0x4 ./Drivers/STM32F4xx_HAL_Driver/Src/stm32f4xx_hal.o
                0x20000308                uwTickPrio
 .data.uwTickFreq
                0x2000030c        0x1 ./Drivers/STM32F4xx_HAL_Driver/Src/stm32f4xx_hal.o
                0x2000030c                uwTickFreq
 *fill*         0x2000030d        0x3 
 .data._impure_ptr
                0x20000310        0x4 C:/ST/STM32CubeIDE_1.18.1/STM32CubeIDE/plugins/com.st.stm32cube.ide.mcu.externaltools.gnu-tools-for-stm32.14.3.rel1.win32_1.0.100.202602081740/tools/bin/../lib/gcc/arm-none-eabi/14.3.1/../../../../arm-none-eabi/lib/thumb/v7e-m+fp/hard\libc_nano.a(libc_a-impure.o)
                0x20000310                _impure_ptr
 .data._impure_data
                0x20000314       0x4c C:/ST/STM32CubeIDE_1.18.1/STM32CubeIDE/plugins/com.st.stm32cube.ide.mcu.externaltools.gnu-tools-for-stm32.14.3.rel1.win32_1.0.100.202602081740/tools/bin/../lib/gcc/arm-none-eabi/14.3.1/../../../../arm-none-eabi/lib/thumb/v7e-m+fp/hard\libc_nano.a(libc_a-impure.o)
                0x20000314                _impure_data
 *(.RamFunc)
 *(.RamFunc*)
                0x20000360                        . = ALIGN (0x4)
                0x20000360                        _edata = .

.igot.plt       0x20000360        0x0 load address 0x0800a434
 .igot.plt      0x20000360        0x0 C:/ST/STM32CubeIDE_1.18.1/STM32CubeIDE/plugins/com.st.stm32cube.ide.mcu.externaltools.gnu-tools-for-stm32.14.3.rel1.win32_1.0.100.202602081740/tools/bin/../lib/gcc/arm-none-eabi/14.3.1/thumb/v7e-m+fp/hard/crtbegin.o
                0x20000360                        . = ALIGN (0x4)

.bss            0x20000360      0x3f8 load address 0x0800a434
                0x20000360                        _sbss = .
                0x20000360                        __bss_start__ = _sbss
 *(.bss)
 .bss           0x20000360       0x1c C:/ST/STM32CubeIDE_1.18.1/STM32CubeIDE/plugins/com.st.stm32cube.ide.mcu.externaltools.gnu-tools-for-stm32.14.3.rel1.win32_1.0.100.202602081740/tools/bin/../lib/gcc/arm-none-eabi/14.3.1/thumb/v7e-m+fp/hard/crtbegin.o
 *(.bss*)
 .bss.hi2c1     0x2000037c       0x54 ./Core/Src/main.o
                0x2000037c                hi2c1
 .bss.htim6     0x200003d0       0x48 ./Core/Src/main.o
                0x200003d0                htim6
 .bss.huart2    0x20000418       0x48 ./Core/Src/main.o
                0x20000418                huart2
 .bss.vl53_dev  0x20000460      0x160 ./Core/Src/main.o
 .bss.range_data
                0x200005c0       0x1c ./Core/Src/main.o
 *fill*         0x200005dc        0x4 
 .bss.a_hat     0x200005e0        0x8 ./Core/Src/main.o
                0x200005e0                a_hat
 .bss.previousError
                0x200005e8        0x8 ./Core/Src/main.o
                0x200005e8                previousError
 .bss.currentDistance
                0x200005f0        0x8 ./Core/Src/main.o
                0x200005f0                currentDistance
 .bss.stepsRemaining
                0x200005f8        0x4 ./Core/Src/main.o
                0x200005f8                stepsRemaining
 .bss.motorDirection
                0x200005fc        0x4 ./Core/Src/main.o
                0x200005fc                motorDirection
 .bss.stepPinState
                0x20000600        0x1 ./Core/Src/main.o
                0x20000600                stepPinState
 .bss.pid_flag_20ms
                0x20000601        0x1 ./Core/Src/main.o
                0x20000601                pid_flag_20ms
 *fill*         0x20000602        0x2 
 .bss.ms_tick_count
                0x20000604        0x4 ./Core/Src/main.o
                0x20000604                ms_tick_count
 .bss.__sbrk_heap_end
                0x20000608        0x4 ./Core/Src/sysmem.o
 .bss.uwTick    0x2000060c        0x4 ./Drivers/STM32F4xx_HAL_Driver/Src/stm32f4xx_hal.o
                0x2000060c                uwTick
 .bss.__sf      0x20000610      0x138 C:/ST/STM32CubeIDE_1.18.1/STM32CubeIDE/plugins/com.st.stm32cube.ide.mcu.externaltools.gnu-tools-for-stm32.14.3.rel1.win32_1.0.100.202602081740/tools/bin/../lib/gcc/arm-none-eabi/14.3.1/../../../../arm-none-eabi/lib/thumb/v7e-m+fp/hard\libc_nano.a(libc_a-findfp.o)
                0x20000610                __sf
 .bss.errno     0x20000748        0x4 C:/ST/STM32CubeIDE_1.18.1/STM32CubeIDE/plugins/com.st.stm32cube.ide.mcu.externaltools.gnu-tools-for-stm32.14.3.rel1.win32_1.0.100.202602081740/tools/bin/../lib/gcc/arm-none-eabi/14.3.1/../../../../arm-none-eabi/lib/thumb/v7e-m+fp/hard\libc_nano.a(libc_a-reent.o)
                0x20000748                errno
 .bss.__lock___malloc_recursive_mutex
                0x2000074c        0x1 C:/ST/STM32CubeIDE_1.18.1/STM32CubeIDE/plugins/com.st.stm32cube.ide.mcu.externaltools.gnu-tools-for-stm32.14.3.rel1.win32_1.0.100.202602081740/tools/bin/../lib/gcc/arm-none-eabi/14.3.1/../../../../arm-none-eabi/lib/thumb/v7e-m+fp/hard\libc_nano.a(libc_a-lock.o)
                0x2000074c                __lock___malloc_recursive_mutex
 *fill*         0x2000074d        0x3 
 .bss.__malloc_sbrk_start
                0x20000750        0x4 C:/ST/STM32CubeIDE_1.18.1/STM32CubeIDE/plugins/com.st.stm32cube.ide.mcu.externaltools.gnu-tools-for-stm32.14.3.rel1.win32_1.0.100.202602081740/tools/bin/../lib/gcc/arm-none-eabi/14.3.1/../../../../arm-none-eabi/lib/thumb/v7e-m+fp/hard\libc_nano.a(libc_a-mallocr.o)
                0x20000750                __malloc_sbrk_start
 .bss.__malloc_free_list
                0x20000754        0x4 C:/ST/STM32CubeIDE_1.18.1/STM32CubeIDE/plugins/com.st.stm32cube.ide.mcu.externaltools.gnu-tools-for-stm32.14.3.rel1.win32_1.0.100.202602081740/tools/bin/../lib/gcc/arm-none-eabi/14.3.1/../../../../arm-none-eabi/lib/thumb/v7e-m+fp/hard\libc_nano.a(libc_a-mallocr.o)
                0x20000754                __malloc_free_list
 *(COMMON)
                0x20000758                        . = ALIGN (0x4)
                0x20000758                        _ebss = .
                0x20000758                        __bss_end__ = _ebss

._user_heap_stack
                0x20000758      0x600 load address 0x0800a434
                0x20000758                        . = ALIGN (0x8)
                [!provide]                        PROVIDE (end = .)
                0x20000758                        PROVIDE (_end = .)
                0x20000958                        . = (. + _Min_Heap_Size)
 *fill*         0x20000758      0x200 
                0x20000d58                        . = (. + _Min_Stack_Size)
 *fill*         0x20000958      0x400 
                0x20000d58                        . = ALIGN (0x8)

/DISCARD/
 libc.a(*)
 libm.a(*)
 libgcc.a(*)

.ARM.attributes
                0x00000000       0x30
 *(.ARM.attributes)
 .ARM.attributes
                0x00000000       0x22 C:/ST/STM32CubeIDE_1.18.1/STM32CubeIDE/plugins/com.st.stm32cube.ide.mcu.externaltools.gnu-tools-for-stm32.14.3.rel1.win32_1.0.100.202602081740/tools/bin/../lib/gcc/arm-none-eabi/14.3.1/thumb/v7e-m+fp/hard/crti.o
 .ARM.attributes
                0x00000022       0x34 C:/ST/STM32CubeIDE_1.18.1/STM32CubeIDE/plugins/com.st.stm32cube.ide.mcu.externaltools.gnu-tools-for-stm32.14.3.rel1.win32_1.0.100.202602081740/tools/bin/../lib/gcc/arm-none-eabi/14.3.1/thumb/v7e-m+fp/hard/crtbegin.o
 .ARM.attributes
                0x00000056       0x34 ./Core/Src/main.o
 .ARM.attributes
                0x0000008a       0x34 ./Core/Src/stm32f4xx_hal_msp.o
 .ARM.attributes
                0x000000be       0x34 ./Core/Src/stm32f4xx_it.o
 .ARM.attributes
                0x000000f2       0x34 ./Core/Src/sysmem.o
 .ARM.attributes
                0x00000126       0x34 ./Core/Src/system_stm32f4xx.o
 .ARM.attributes
                0x0000015a       0x34 ./Core/Src/vl53l0x_api.o
 .ARM.attributes
                0x0000018e       0x34 ./Core/Src/vl53l0x_api_calibration.o
 .ARM.attributes
                0x000001c2       0x34 ./Core/Src/vl53l0x_api_core.o
 .ARM.attributes
                0x000001f6       0x21 ./Core/Startup/startup_stm32f446retx.o
 .ARM.attributes
                0x00000217       0x34 ./Drivers/STM32F4xx_HAL_Driver/Src/stm32f4xx_hal.o
 .ARM.attributes
                0x0000024b       0x34 ./Drivers/STM32F4xx_HAL_Driver/Src/stm32f4xx_hal_cortex.o
 .ARM.attributes
                0x0000027f       0x34 ./Drivers/STM32F4xx_HAL_Driver/Src/stm32f4xx_hal_gpio.o
 .ARM.attributes
                0x000002b3       0x34 ./Drivers/STM32F4xx_HAL_Driver/Src/stm32f4xx_hal_i2c.o
 .ARM.attributes
                0x000002e7       0x34 ./Drivers/STM32F4xx_HAL_Driver/Src/stm32f4xx_hal_pwr_ex.o
 .ARM.attributes
                0x0000031b       0x34 ./Drivers/STM32F4xx_HAL_Driver/Src/stm32f4xx_hal_rcc.o
 .ARM.attributes
                0x0000034f       0x34 ./Drivers/STM32F4xx_HAL_Driver/Src/stm32f4xx_hal_rcc_ex.o
 .ARM.attributes
                0x00000383       0x34 ./Drivers/STM32F4xx_HAL_Driver/Src/stm32f4xx_hal_tim.o
 .ARM.attributes
                0x000003b7       0x34 ./Drivers/STM32F4xx_HAL_Driver/Src/stm32f4xx_hal_tim_ex.o
 .ARM.attributes
                0x000003eb       0x34 ./Drivers/STM32F4xx_HAL_Driver/Src/stm32f4xx_hal_uart.o
 .ARM.attributes
                0x0000041f       0x34 C:/ST/STM32CubeIDE_1.18.1/STM32CubeIDE/plugins/com.st.stm32cube.ide.mcu.externaltools.gnu-tools-for-stm32.14.3.rel1.win32_1.0.100.202602081740/tools/bin/../lib/gcc/arm-none-eabi/14.3.1/../../../../arm-none-eabi/lib/thumb/v7e-m+fp/hard\libc_nano.a(libc_a-findfp.o)
 .ARM.attributes
                0x00000453       0x34 C:/ST/STM32CubeIDE_1.18.1/STM32CubeIDE/plugins/com.st.stm32cube.ide.mcu.externaltools.gnu-tools-for-stm32.14.3.rel1.win32_1.0.100.202602081740/tools/bin/../lib/gcc/arm-none-eabi/14.3.1/../../../../arm-none-eabi/lib/thumb/v7e-m+fp/hard\libc_nano.a(libc_a-snprintf.o)
 .ARM.attributes
                0x00000487       0x34 C:/ST/STM32CubeIDE_1.18.1/STM32CubeIDE/plugins/com.st.stm32cube.ide.mcu.externaltools.gnu-tools-for-stm32.14.3.rel1.win32_1.0.100.202602081740/tools/bin/../lib/gcc/arm-none-eabi/14.3.1/../../../../arm-none-eabi/lib/thumb/v7e-m+fp/hard\libc_nano.a(libc_a-memset.o)
 .ARM.attributes
                0x000004bb       0x34 C:/ST/STM32CubeIDE_1.18.1/STM32CubeIDE/plugins/com.st.stm32cube.ide.mcu.externaltools.gnu-tools-for-stm32.14.3.rel1.win32_1.0.100.202602081740/tools/bin/../lib/gcc/arm-none-eabi/14.3.1/../../../../arm-none-eabi/lib/thumb/v7e-m+fp/hard\libc_nano.a(libc_a-reent.o)
 .ARM.attributes
                0x000004ef       0x34 C:/ST/STM32CubeIDE_1.18.1/STM32CubeIDE/plugins/com.st.stm32cube.ide.mcu.externaltools.gnu-tools-for-stm32.14.3.rel1.win32_1.0.100.202602081740/tools/bin/../lib/gcc/arm-none-eabi/14.3.1/../../../../arm-none-eabi/lib/thumb/v7e-m+fp/hard\libc_nano.a(libc_a-impure.o)
 .ARM.attributes
                0x00000523       0x34 C:/ST/STM32CubeIDE_1.18.1/STM32CubeIDE/plugins/com.st.stm32cube.ide.mcu.externaltools.gnu-tools-for-stm32.14.3.rel1.win32_1.0.100.202602081740/tools/bin/../lib/gcc/arm-none-eabi/14.3.1/../../../../arm-none-eabi/lib/thumb/v7e-m+fp/hard\libc_nano.a(libc_a-errno.o)
 .ARM.attributes
                0x00000557       0x34 C:/ST/STM32CubeIDE_1.18.1/STM32CubeIDE/plugins/com.st.stm32cube.ide.mcu.externaltools.gnu-tools-for-stm32.14.3.rel1.win32_1.0.100.202602081740/tools/bin/../lib/gcc/arm-none-eabi/14.3.1/../../../../arm-none-eabi/lib/thumb/v7e-m+fp/hard\libc_nano.a(libc_a-init.o)
 .ARM.attributes
                0x0000058b       0x34 C:/ST/STM32CubeIDE_1.18.1/STM32CubeIDE/plugins/com.st.stm32cube.ide.mcu.externaltools.gnu-tools-for-stm32.14.3.rel1.win32_1.0.100.202602081740/tools/bin/../lib/gcc/arm-none-eabi/14.3.1/../../../../arm-none-eabi/lib/thumb/v7e-m+fp/hard\libc_nano.a(libc_a-lock.o)
 .ARM.attributes
                0x000005bf       0x34 C:/ST/STM32CubeIDE_1.18.1/STM32CubeIDE/plugins/com.st.stm32cube.ide.mcu.externaltools.gnu-tools-for-stm32.14.3.rel1.win32_1.0.100.202602081740/tools/bin/../lib/gcc/arm-none-eabi/14.3.1/../../../../arm-none-eabi/lib/thumb/v7e-m+fp/hard\libc_nano.a(libc_a-strcpy.o)
 .ARM.attributes
                0x000005f3       0x34 C:/ST/STM32CubeIDE_1.18.1/STM32CubeIDE/plugins/com.st.stm32cube.ide.mcu.externaltools.gnu-tools-for-stm32.14.3.rel1.win32_1.0.100.202602081740/tools/bin/../lib/gcc/arm-none-eabi/14.3.1/../../../../arm-none-eabi/lib/thumb/v7e-m+fp/hard\libc_nano.a(libc_a-memcpy-stub.o)
 .ARM.attributes
                0x00000627       0x17 C:/ST/STM32CubeIDE_1.18.1/STM32CubeIDE/plugins/com.st.stm32cube.ide.mcu.externaltools.gnu-tools-for-stm32.14.3.rel1.win32_1.0.100.202602081740/tools/bin/../lib/gcc/arm-none-eabi/14.3.1/../../../../arm-none-eabi/lib/thumb/v7e-m+fp/hard\libc_nano.a(libc_a-strlen.o)
 .ARM.attributes
                0x0000063e       0x34 C:/ST/STM32CubeIDE_1.18.1/STM32CubeIDE/plugins/com.st.stm32cube.ide.mcu.externaltools.gnu-tools-for-stm32.14.3.rel1.win32_1.0.100.202602081740/tools/bin/../lib/gcc/arm-none-eabi/14.3.1/../../../../arm-none-eabi/lib/thumb/v7e-m+fp/hard\libc_nano.a(libc_a-freer.o)
 .ARM.attributes
                0x00000672       0x34 C:/ST/STM32CubeIDE_1.18.1/STM32CubeIDE/plugins/com.st.stm32cube.ide.mcu.externaltools.gnu-tools-for-stm32.14.3.rel1.win32_1.0.100.202602081740/tools/bin/../lib/gcc/arm-none-eabi/14.3.1/../../../../arm-none-eabi/lib/thumb/v7e-m+fp/hard\libc_nano.a(libc_a-mallocr.o)
 .ARM.attributes
                0x000006a6       0x34 C:/ST/STM32CubeIDE_1.18.1/STM32CubeIDE/plugins/com.st.stm32cube.ide.mcu.externaltools.gnu-tools-for-stm32.14.3.rel1.win32_1.0.100.202602081740/tools/bin/../lib/gcc/arm-none-eabi/14.3.1/../../../../arm-none-eabi/lib/thumb/v7e-m+fp/hard\libc_nano.a(libc_a-mlock.o)
 .ARM.attributes
                0x000006da       0x34 C:/ST/STM32CubeIDE_1.18.1/STM32CubeIDE/plugins/com.st.stm32cube.ide.mcu.externaltools.gnu-tools-for-stm32.14.3.rel1.win32_1.0.100.202602081740/tools/bin/../lib/gcc/arm-none-eabi/14.3.1/../../../../arm-none-eabi/lib/thumb/v7e-m+fp/hard\libc_nano.a(libc_a-nano-svfprintf.o)
 .ARM.attributes
                0x0000070e       0x34 C:/ST/STM32CubeIDE_1.18.1/STM32CubeIDE/plugins/com.st.stm32cube.ide.mcu.externaltools.gnu-tools-for-stm32.14.3.rel1.win32_1.0.100.202602081740/tools/bin/../lib/gcc/arm-none-eabi/14.3.1/../../../../arm-none-eabi/lib/thumb/v7e-m+fp/hard\libc_nano.a(libc_a-nano-vfprintf_i.o)
 .ARM.attributes
                0x00000742       0x34 C:/ST/STM32CubeIDE_1.18.1/STM32CubeIDE/plugins/com.st.stm32cube.ide.mcu.externaltools.gnu-tools-for-stm32.14.3.rel1.win32_1.0.100.202602081740/tools/bin/../lib/gcc/arm-none-eabi/14.3.1/../../../../arm-none-eabi/lib/thumb/v7e-m+fp/hard\libc_nano.a(libc_a-memmove.o)
 .ARM.attributes
                0x00000776       0x34 C:/ST/STM32CubeIDE_1.18.1/STM32CubeIDE/plugins/com.st.stm32cube.ide.mcu.externaltools.gnu-tools-for-stm32.14.3.rel1.win32_1.0.100.202602081740/tools/bin/../lib/gcc/arm-none-eabi/14.3.1/../../../../arm-none-eabi/lib/thumb/v7e-m+fp/hard\libc_nano.a(libc_a-sbrkr.o)
 .ARM.attributes
                0x000007aa       0x1c C:/ST/STM32CubeIDE_1.18.1/STM32CubeIDE/plugins/com.st.stm32cube.ide.mcu.externaltools.gnu-tools-for-stm32.14.3.rel1.win32_1.0.100.202602081740/tools/bin/../lib/gcc/arm-none-eabi/14.3.1/../../../../arm-none-eabi/lib/thumb/v7e-m+fp/hard\libc_nano.a(libc_a-memchr.o)
 .ARM.attributes
                0x000007c6       0x34 C:/ST/STM32CubeIDE_1.18.1/STM32CubeIDE/plugins/com.st.stm32cube.ide.mcu.externaltools.gnu-tools-for-stm32.14.3.rel1.win32_1.0.100.202602081740/tools/bin/../lib/gcc/arm-none-eabi/14.3.1/../../../../arm-none-eabi/lib/thumb/v7e-m+fp/hard\libc_nano.a(libc_a-reallocr.o)
 .ARM.attributes
                0x000007fa       0x34 C:/ST/STM32CubeIDE_1.18.1/STM32CubeIDE/plugins/com.st.stm32cube.ide.mcu.externaltools.gnu-tools-for-stm32.14.3.rel1.win32_1.0.100.202602081740/tools/bin/../lib/gcc/arm-none-eabi/14.3.1/../../../../arm-none-eabi/lib/thumb/v7e-m+fp/hard\libc_nano.a(libc_a-msizer.o)
 .ARM.attributes
                0x0000082e       0x22 C:/ST/STM32CubeIDE_1.18.1/STM32CubeIDE/plugins/com.st.stm32cube.ide.mcu.externaltools.gnu-tools-for-stm32.14.3.rel1.win32_1.0.100.202602081740/tools/bin/../lib/gcc/arm-none-eabi/14.3.1/thumb/v7e-m+fp/hard\libgcc.a(_arm_addsubdf3.o)
 .ARM.attributes
                0x00000850       0x22 C:/ST/STM32CubeIDE_1.18.1/STM32CubeIDE/plugins/com.st.stm32cube.ide.mcu.externaltools.gnu-tools-for-stm32.14.3.rel1.win32_1.0.100.202602081740/tools/bin/../lib/gcc/arm-none-eabi/14.3.1/thumb/v7e-m+fp/hard\libgcc.a(_arm_muldivdf3.o)
 .ARM.attributes
                0x00000872       0x22 C:/ST/STM32CubeIDE_1.18.1/STM32CubeIDE/plugins/com.st.stm32cube.ide.mcu.externaltools.gnu-tools-for-stm32.14.3.rel1.win32_1.0.100.202602081740/tools/bin/../lib/gcc/arm-none-eabi/14.3.1/thumb/v7e-m+fp/hard\libgcc.a(_arm_cmpdf2.o)
 .ARM.attributes
                0x00000894       0x22 C:/ST/STM32CubeIDE_1.18.1/STM32CubeIDE/plugins/com.st.stm32cube.ide.mcu.externaltools.gnu-tools-for-stm32.14.3.rel1.win32_1.0.100.202602081740/tools/bin/../lib/gcc/arm-none-eabi/14.3.1/thumb/v7e-m+fp/hard\libgcc.a(_arm_fixdfsi.o)
 .ARM.attributes
                0x000008b6       0x22 C:/ST/STM32CubeIDE_1.18.1/STM32CubeIDE/plugins/com.st.stm32cube.ide.mcu.externaltools.gnu-tools-for-stm32.14.3.rel1.win32_1.0.100.202602081740/tools/bin/../lib/gcc/arm-none-eabi/14.3.1/thumb/v7e-m+fp/hard\libgcc.a(_aeabi_uldivmod.o)
 .ARM.attributes
                0x000008d8       0x34 C:/ST/STM32CubeIDE_1.18.1/STM32CubeIDE/plugins/com.st.stm32cube.ide.mcu.externaltools.gnu-tools-for-stm32.14.3.rel1.win32_1.0.100.202602081740/tools/bin/../lib/gcc/arm-none-eabi/14.3.1/thumb/v7e-m+fp/hard\libgcc.a(_udivmoddi4.o)
 .ARM.attributes
                0x0000090c       0x22 C:/ST/STM32CubeIDE_1.18.1/STM32CubeIDE/plugins/com.st.stm32cube.ide.mcu.externaltools.gnu-tools-for-stm32.14.3.rel1.win32_1.0.100.202602081740/tools/bin/../lib/gcc/arm-none-eabi/14.3.1/thumb/v7e-m+fp/hard\libgcc.a(_dvmd_tls.o)
 .ARM.attributes
                0x0000092e       0x22 C:/ST/STM32CubeIDE_1.18.1/STM32CubeIDE/plugins/com.st.stm32cube.ide.mcu.externaltools.gnu-tools-for-stm32.14.3.rel1.win32_1.0.100.202602081740/tools/bin/../lib/gcc/arm-none-eabi/14.3.1/thumb/v7e-m+fp/hard/crtn.o
OUTPUT(pid_f446re.elf elf32-littlearm)
LOAD linker stubs
LOAD C:/ST/STM32CubeIDE_1.18.1/STM32CubeIDE/plugins/com.st.stm32cube.ide.mcu.externaltools.gnu-tools-for-stm32.14.3.rel1.win32_1.0.100.202602081740/tools/bin/../lib/gcc/arm-none-eabi/14.3.1/../../../../arm-none-eabi/lib/thumb/v7e-m+fp/hard\libc.a
LOAD C:/ST/STM32CubeIDE_1.18.1/STM32CubeIDE/plugins/com.st.stm32cube.ide.mcu.externaltools.gnu-tools-for-stm32.14.3.rel1.win32_1.0.100.202602081740/tools/bin/../lib/gcc/arm-none-eabi/14.3.1/../../../../arm-none-eabi/lib/thumb/v7e-m+fp/hard\libm.a
LOAD C:/ST/STM32CubeIDE_1.18.1/STM32CubeIDE/plugins/com.st.stm32cube.ide.mcu.externaltools.gnu-tools-for-stm32.14.3.rel1.win32_1.0.100.202602081740/tools/bin/../lib/gcc/arm-none-eabi/14.3.1/thumb/v7e-m+fp/hard\libgcc.a

.debug_info     0x00000000    0x16e8f
 .debug_info    0x00000000     0x2260 ./Core/Src/main.o
 .debug_info    0x00002260     0x12b8 ./Core/Src/stm32f4xx_hal_msp.o
 .debug_info    0x00003518      0x6ea ./Core/Src/stm32f4xx_it.o
 .debug_info    0x00003c02      0x168 ./Core/Src/sysmem.o
 .debug_info    0x00003d6a      0x54a ./Core/Src/system_stm32f4xx.o
 .debug_info    0x000042b4     0x2f4c ./Core/Src/vl53l0x_api.o
 .debug_info    0x00007200     0x171b ./Core/Src/vl53l0x_api_calibration.o
 .debug_info    0x0000891b     0x1bd4 ./Core/Src/vl53l0x_api_core.o
 .debug_info    0x0000a4ef       0x30 ./Core/Startup/startup_stm32f446retx.o
 .debug_info    0x0000a51f      0x99a ./Drivers/STM32F4xx_HAL_Driver/Src/stm32f4xx_hal.o
 .debug_info    0x0000aeb9      0xdaa ./Drivers/STM32F4xx_HAL_Driver/Src/stm32f4xx_hal_cortex.o
 .debug_info    0x0000bc63      0x70b ./Drivers/STM32F4xx_HAL_Driver/Src/stm32f4xx_hal_gpio.o
 .debug_info    0x0000c36e     0x2421 ./Drivers/STM32F4xx_HAL_Driver/Src/stm32f4xx_hal_i2c.o
 .debug_info    0x0000e78f      0x6da ./Drivers/STM32F4xx_HAL_Driver/Src/stm32f4xx_hal_pwr_ex.o
 .debug_info    0x0000ee69      0x8ff ./Drivers/STM32F4xx_HAL_Driver/Src/stm32f4xx_hal_rcc.o
 .debug_info    0x0000f768      0x960 ./Drivers/STM32F4xx_HAL_Driver/Src/stm32f4xx_hal_rcc_ex.o
 .debug_info    0x000100c8     0x299d ./Drivers/STM32F4xx_HAL_Driver/Src/stm32f4xx_hal_tim.o
 .debug_info    0x00012a65     0x14db ./Drivers/STM32F4xx_HAL_Driver/Src/stm32f4xx_hal_tim_ex.o
 .debug_info    0x00013f40     0x2f4f ./Drivers/STM32F4xx_HAL_Driver/Src/stm32f4xx_hal_uart.o

.debug_abbrev   0x00000000     0x2872
 .debug_abbrev  0x00000000      0x3ce ./Core/Src/main.o
 .debug_abbrev  0x000003ce      0x1de ./Core/Src/stm32f4xx_hal_msp.o
 .debug_abbrev  0x000005ac      0x1a5 ./Core/Src/stm32f4xx_it.o
 .debug_abbrev  0x00000751       0xbc ./Core/Src/sysmem.o
 .debug_abbrev  0x0000080d      0x11a ./Core/Src/system_stm32f4xx.o
 .debug_abbrev  0x00000927      0x248 ./Core/Src/vl53l0x_api.o
 .debug_abbrev  0x00000b6f      0x23e ./Core/Src/vl53l0x_api_calibration.o
 .debug_abbrev  0x00000dad      0x24f ./Core/Src/vl53l0x_api_core.o
 .debug_abbrev  0x00000ffc       0x24 ./Core/Startup/startup_stm32f446retx.o
 .debug_abbrev  0x00001020      0x214 ./Drivers/STM32F4xx_HAL_Driver/Src/stm32f4xx_hal.o
 .debug_abbrev  0x00001234      0x31d ./Drivers/STM32F4xx_HAL_Driver/Src/stm32f4xx_hal_cortex.o
 .debug_abbrev  0x00001551      0x1d4 ./Drivers/STM32F4xx_HAL_Driver/Src/stm32f4xx_hal_gpio.o
 .debug_abbrev  0x00001725      0x2ad ./Drivers/STM32F4xx_HAL_Driver/Src/stm32f4xx_hal_i2c.o
 .debug_abbrev  0x000019d2      0x1cf ./Drivers/STM32F4xx_HAL_Driver/Src/stm32f4xx_hal_pwr_ex.o
 .debug_abbrev  0x00001ba1      0x2b7 ./Drivers/STM32F4xx_HAL_Driver/Src/stm32f4xx_hal_rcc.o
 .debug_abbrev  0x00001e58      0x211 ./Drivers/STM32F4xx_HAL_Driver/Src/stm32f4xx_hal_rcc_ex.o
 .debug_abbrev  0x00002069      0x278 ./Drivers/STM32F4xx_HAL_Driver/Src/stm32f4xx_hal_tim.o
 .debug_abbrev  0x000022e1      0x283 ./Drivers/STM32F4xx_HAL_Driver/Src/stm32f4xx_hal_tim_ex.o
 .debug_abbrev  0x00002564      0x30e ./Drivers/STM32F4xx_HAL_Driver/Src/stm32f4xx_hal_uart.o

.debug_aranges  0x00000000     0x1498
 .debug_aranges
                0x00000000       0xd0 ./Core/Src/main.o
 .debug_aranges
                0x000000d0       0x50 ./Core/Src/stm32f4xx_hal_msp.o
 .debug_aranges
                0x00000120       0x68 ./Core/Src/stm32f4xx_it.o
 .debug_aranges
                0x00000188       0x20 ./Core/Src/sysmem.o
 .debug_aranges
                0x000001a8       0x28 ./Core/Src/system_stm32f4xx.o
 .debug_aranges
                0x000001d0      0x330 ./Core/Src/vl53l0x_api.o
 .debug_aranges
                0x00000500       0xd0 ./Core/Src/vl53l0x_api_calibration.o
 .debug_aranges
                0x000005d0       0xe0 ./Core/Src/vl53l0x_api_core.o
 .debug_aranges
                0x000006b0       0x28 ./Core/Startup/startup_stm32f446retx.o
 .debug_aranges
                0x000006d8       0xf0 ./Drivers/STM32F4xx_HAL_Driver/Src/stm32f4xx_hal.o
 .debug_aranges
                0x000007c8      0x130 ./Drivers/STM32F4xx_HAL_Driver/Src/stm32f4xx_hal_cortex.o
 .debug_aranges
                0x000008f8       0x58 ./Drivers/STM32F4xx_HAL_Driver/Src/stm32f4xx_hal_gpio.o
 .debug_aranges
                0x00000950      0x2a8 ./Drivers/STM32F4xx_HAL_Driver/Src/stm32f4xx_hal_i2c.o
 .debug_aranges
                0x00000bf8       0x60 ./Drivers/STM32F4xx_HAL_Driver/Src/stm32f4xx_hal_pwr_ex.o
 .debug_aranges
                0x00000c58       0x88 ./Drivers/STM32F4xx_HAL_Driver/Src/stm32f4xx_hal_rcc.o
 .debug_aranges
                0x00000ce0       0x78 ./Drivers/STM32F4xx_HAL_Driver/Src/stm32f4xx_hal_rcc_ex.o
 .debug_aranges
                0x00000d58      0x3d0 ./Drivers/STM32F4xx_HAL_Driver/Src/stm32f4xx_hal_tim.o
 .debug_aranges
                0x00001128      0x168 ./Drivers/STM32F4xx_HAL_Driver/Src/stm32f4xx_hal_tim_ex.o
 .debug_aranges
                0x00001290      0x208 ./Drivers/STM32F4xx_HAL_Driver/Src/stm32f4xx_hal_uart.o

.debug_rnglists
                0x00000000     0x103d
 .debug_rnglists
                0x00000000       0x9d ./Core/Src/main.o
 .debug_rnglists
                0x0000009d       0x39 ./Core/Src/stm32f4xx_hal_msp.o
 .debug_rnglists
                0x000000d6       0x49 ./Core/Src/stm32f4xx_it.o
 .debug_rnglists
                0x0000011f       0x13 ./Core/Src/sysmem.o
 .debug_rnglists
                0x00000132       0x1a ./Core/Src/system_stm32f4xx.o
 .debug_rnglists
                0x0000014c      0x276 ./Core/Src/vl53l0x_api.o
 .debug_rnglists
                0x000003c2       0xa4 ./Core/Src/vl53l0x_api_calibration.o
 .debug_rnglists
                0x00000466       0xae ./Core/Src/vl53l0x_api_core.o
 .debug_rnglists
                0x00000514       0x19 ./Core/Startup/startup_stm32f446retx.o
 .debug_rnglists
                0x0000052d       0xaf ./Drivers/STM32F4xx_HAL_Driver/Src/stm32f4xx_hal.o
 .debug_rnglists
                0x000005dc       0xe0 ./Drivers/STM32F4xx_HAL_Driver/Src/stm32f4xx_hal_cortex.o
 .debug_rnglists
                0x000006bc       0x3f ./Drivers/STM32F4xx_HAL_Driver/Src/stm32f4xx_hal_gpio.o
 .debug_rnglists
                0x000006fb      0x23c ./Drivers/STM32F4xx_HAL_Driver/Src/stm32f4xx_hal_i2c.o
 .debug_rnglists
                0x00000937       0x47 ./Drivers/STM32F4xx_HAL_Driver/Src/stm32f4xx_hal_pwr_ex.o
 .debug_rnglists
                0x0000097e       0x66 ./Drivers/STM32F4xx_HAL_Driver/Src/stm32f4xx_hal_rcc.o
 .debug_rnglists
                0x000009e4       0x5e ./Drivers/STM32F4xx_HAL_Driver/Src/stm32f4xx_hal_rcc_ex.o
 .debug_rnglists
                0x00000a42      0x31a ./Drivers/STM32F4xx_HAL_Driver/Src/stm32f4xx_hal_tim.o
 .debug_rnglists
                0x00000d5c      0x125 ./Drivers/STM32F4xx_HAL_Driver/Src/stm32f4xx_hal_tim_ex.o
 .debug_rnglists
                0x00000e81      0x1bc ./Drivers/STM32F4xx_HAL_Driver/Src/stm32f4xx_hal_uart.o

.debug_macro    0x00000000    0x234b9
 .debug_macro   0x00000000      0x384 ./Core/Src/main.o
 .debug_macro   0x00000384      0xad8 ./Core/Src/main.o
 .debug_macro   0x00000e5c      0x2a1 ./Core/Src/main.o
 .debug_macro   0x000010fd       0x2e ./Core/Src/main.o
 .debug_macro   0x0000112b       0x28 ./Core/Src/main.o
 .debug_macro   0x00001153       0x22 ./Core/Src/main.o
 .debug_macro   0x00001175       0x8e ./Core/Src/main.o
 .debug_macro   0x00001203       0x51 ./Core/Src/main.o
 .debug_macro   0x00001254      0x103 ./Core/Src/main.o
 .debug_macro   0x00001357       0x6a ./Core/Src/main.o
 .debug_macro   0x000013c1      0x1df ./Core/Src/main.o
 .debug_macro   0x000015a0       0x1c ./Core/Src/main.o
 .debug_macro   0x000015bc       0x22 ./Core/Src/main.o
 .debug_macro   0x000015de       0xfb ./Core/Src/main.o
 .debug_macro   0x000016d9     0x1011 ./Core/Src/main.o
 .debug_macro   0x000026ea      0x11f ./Core/Src/main.o
 .debug_macro   0x00002809    0x1675e ./Core/Src/main.o
 .debug_macro   0x00018f67       0x6d ./Core/Src/main.o
 .debug_macro   0x00018fd4     0x3693 ./Core/Src/main.o
 .debug_macro   0x0001c667      0x190 ./Core/Src/main.o
 .debug_macro   0x0001c7f7       0x5c ./Core/Src/main.o
 .debug_macro   0x0001c853      0xca5 ./Core/Src/main.o
 .debug_macro   0x0001d4f8      0x9e9 ./Core/Src/main.o
 .debug_macro   0x0001dee1      0x115 ./Core/Src/main.o
 .debug_macro   0x0001dff6      0x1a0 ./Core/Src/main.o
 .debug_macro   0x0001e196       0xa5 ./Core/Src/main.o
 .debug_macro   0x0001e23b      0x16d ./Core/Src/main.o
 .debug_macro   0x0001e3a8      0x287 ./Core/Src/main.o
 .debug_macro   0x0001e62f       0x5f ./Core/Src/main.o
 .debug_macro   0x0001e68e      0x236 ./Core/Src/main.o
 .debug_macro   0x0001e8c4      0x132 ./Core/Src/main.o
 .debug_macro   0x0001e9f6      0x29c ./Core/Src/main.o
 .debug_macro   0x0001ec92       0x2e ./Core/Src/main.o
 .debug_macro   0x0001ecc0      0x1b5 ./Core/Src/main.o
 .debug_macro   0x0001ee75       0x22 ./Core/Src/main.o
 .debug_macro   0x0001ee97       0xd6 ./Core/Src/main.o
 .debug_macro   0x0001ef6d      0x127 ./Core/Src/main.o
 .debug_macro   0x0001f094       0xe8 ./Core/Src/main.o
 .debug_macro   0x0001f17c       0x89 ./Core/Src/main.o
 .debug_macro   0x0001f205      0x8ed ./Core/Src/main.o
 .debug_macro   0x0001faf2       0x53 ./Core/Src/main.o
 .debug_macro   0x0001fb45      0x2aa ./Core/Src/main.o
 .debug_macro   0x0001fdef      0x126 ./Core/Src/main.o
 .debug_macro   0x0001ff15       0x58 ./Core/Src/main.o
 .debug_macro   0x0001ff6d       0x76 ./Core/Src/main.o
 .debug_macro   0x0001ffe3      0x29c ./Core/Src/main.o
 .debug_macro   0x0002027f      0x203 ./Core/Src/main.o
 .debug_macro   0x00020482       0x61 ./Core/Src/main.o
 .debug_macro   0x000204e3       0x2a ./Core/Src/main.o
 .debug_macro   0x0002050d       0x43 ./Core/Src/main.o
 .debug_macro   0x00020550       0x34 ./Core/Src/main.o
 .debug_macro   0x00020584       0x16 ./Core/Src/main.o
 .debug_macro   0x0002059a       0x3c ./Core/Src/main.o
 .debug_macro   0x000205d6      0x364 ./Core/Src/main.o
 .debug_macro   0x0002093a       0x10 ./Core/Src/main.o
 .debug_macro   0x0002094a       0x16 ./Core/Src/main.o
 .debug_macro   0x00020960       0x4a ./Core/Src/main.o
 .debug_macro   0x000209aa       0x34 ./Core/Src/main.o
 .debug_macro   0x000209de       0x10 ./Core/Src/main.o
 .debug_macro   0x000209ee       0x58 ./Core/Src/main.o
 .debug_macro   0x00020a46       0x8e ./Core/Src/main.o
 .debug_macro   0x00020ad4       0x1c ./Core/Src/main.o
 .debug_macro   0x00020af0      0x17e ./Core/Src/main.o
 .debug_macro   0x00020c6e       0x16 ./Core/Src/main.o
 .debug_macro   0x00020c84       0x16 ./Core/Src/main.o
 .debug_macro   0x00020c9a      0x146 ./Core/Src/main.o
 .debug_macro   0x00020de0       0x16 ./Core/Src/main.o
 .debug_macro   0x00020df6       0x20 ./Core/Src/main.o
 .debug_macro   0x00020e16       0x22 ./Core/Src/main.o
 .debug_macro   0x00020e38       0x4c ./Core/Src/main.o
 .debug_macro   0x00020e84       0x28 ./Core/Src/main.o
 .debug_macro   0x00020eac       0x10 ./Core/Src/main.o
 .debug_macro   0x00020ebc      0x1d2 ./Core/Src/main.o
 .debug_macro   0x0002108e      0x1f6 ./Core/Src/stm32f4xx_hal_msp.o
 .debug_macro   0x00021284      0x200 ./Core/Src/stm32f4xx_it.o
 .debug_macro   0x00021484      0x112 ./Core/Src/sysmem.o
 .debug_macro   0x00021596      0x23c ./Core/Src/sysmem.o
 .debug_macro   0x000217d2      0x1e7 ./Core/Src/system_stm32f4xx.o
 .debug_macro   0x000219b9      0x262 ./Core/Src/vl53l0x_api.o
 .debug_macro   0x00021c1b      0x25c ./Core/Src/vl53l0x_api_calibration.o
 .debug_macro   0x00021e77      0x24a ./Core/Src/vl53l0x_api_core.o
 .debug_macro   0x000220c1      0x247 ./Drivers/STM32F4xx_HAL_Driver/Src/stm32f4xx_hal.o
 .debug_macro   0x00022308      0x1e7 ./Drivers/STM32F4xx_HAL_Driver/Src/stm32f4xx_hal_cortex.o
 .debug_macro   0x000224ef      0x1ed ./Drivers/STM32F4xx_HAL_Driver/Src/stm32f4xx_hal_gpio.o
 .debug_macro   0x000226dc      0x235 ./Drivers/STM32F4xx_HAL_Driver/Src/stm32f4xx_hal_i2c.o
 .debug_macro   0x00022911      0x1ff ./Drivers/STM32F4xx_HAL_Driver/Src/stm32f4xx_hal_pwr_ex.o
 .debug_macro   0x00022b10      0x20b ./Drivers/STM32F4xx_HAL_Driver/Src/stm32f4xx_hal_rcc.o
 .debug_macro   0x00022d1b      0x1e7 ./Drivers/STM32F4xx_HAL_Driver/Src/stm32f4xx_hal_rcc_ex.o
 .debug_macro   0x00022f02      0x1e8 ./Drivers/STM32F4xx_HAL_Driver/Src/stm32f4xx_hal_tim.o
 .debug_macro   0x000230ea      0x1e7 ./Drivers/STM32F4xx_HAL_Driver/Src/stm32f4xx_hal_tim_ex.o
 .debug_macro   0x000232d1      0x1e8 ./Drivers/STM32F4xx_HAL_Driver/Src/stm32f4xx_hal_uart.o

.debug_line     0x00000000    0x176a2
 .debug_line    0x00000000      0xf7b ./Core/Src/main.o
 .debug_line    0x00000f7b      0x856 ./Core/Src/stm32f4xx_hal_msp.o
 .debug_line    0x000017d1      0x847 ./Core/Src/stm32f4xx_it.o
 .debug_line    0x00002018      0x592 ./Core/Src/sysmem.o
 .debug_line    0x000025aa      0x7f5 ./Core/Src/system_stm32f4xx.o
 .debug_line    0x00002d9f     0x1cb5 ./Core/Src/vl53l0x_api.o
 .debug_line    0x00004a54     0x1040 ./Core/Src/vl53l0x_api_calibration.o
 .debug_line    0x00005a94     0x17f2 ./Core/Src/vl53l0x_api_core.o
 .debug_line    0x00007286       0x7a ./Core/Startup/startup_stm32f446retx.o
 .debug_line    0x00007300      0xa74 ./Drivers/STM32F4xx_HAL_Driver/Src/stm32f4xx_hal.o
 .debug_line    0x00007d74      0xd41 ./Drivers/STM32F4xx_HAL_Driver/Src/stm32f4xx_hal_cortex.o
 .debug_line    0x00008ab5      0xbb2 ./Drivers/STM32F4xx_HAL_Driver/Src/stm32f4xx_hal_gpio.o
 .debug_line    0x00009667     0x3b1e ./Drivers/STM32F4xx_HAL_Driver/Src/stm32f4xx_hal_i2c.o
 .debug_line    0x0000d185      0x9de ./Drivers/STM32F4xx_HAL_Driver/Src/stm32f4xx_hal_pwr_ex.o
 .debug_line    0x0000db63      0xe8c ./Drivers/STM32F4xx_HAL_Driver/Src/stm32f4xx_hal_rcc.o
 .debug_line    0x0000e9ef     0x153d ./Drivers/STM32F4xx_HAL_Driver/Src/stm32f4xx_hal_rcc_ex.o
 .debug_line    0x0000ff2c     0x37ec ./Drivers/STM32F4xx_HAL_Driver/Src/stm32f4xx_hal_tim.o
 .debug_line    0x00013718     0x19d1 ./Drivers/STM32F4xx_HAL_Driver/Src/stm32f4xx_hal_tim_ex.o
 .debug_line    0x000150e9     0x25b9 ./Drivers/STM32F4xx_HAL_Driver/Src/stm32f4xx_hal_uart.o

.debug_str      0x00000000    0xda3e3
 .debug_str     0x00000000    0xda3e3 ./Core/Src/main.o
                              0xd3c9c (size before relaxing)
 .debug_str     0x000da3e3    0xcc360 ./Core/Src/stm32f4xx_hal_msp.o
 .debug_str     0x000da3e3    0xcb7df ./Core/Src/stm32f4xx_it.o
 .debug_str     0x000da3e3     0x7701 ./Core/Src/sysmem.o
 .debug_str     0x000da3e3    0xcb291 ./Core/Src/system_stm32f4xx.o
 .debug_str     0x000da3e3     0xd615 ./Core/Src/vl53l0x_api.o
 .debug_str     0x000da3e3     0xc6bc ./Core/Src/vl53l0x_api_calibration.o
 .debug_str     0x000da3e3     0xcc95 ./Core/Src/vl53l0x_api_core.o
 .debug_str     0x000da3e3       0x79 ./Core/Startup/startup_stm32f446retx.o
 .debug_str     0x000da3e3    0xcbe56 ./Drivers/STM32F4xx_HAL_Driver/Src/stm32f4xx_hal.o
 .debug_str     0x000da3e3    0xcbbad ./Drivers/STM32F4xx_HAL_Driver/Src/stm32f4xx_hal_cortex.o
 .debug_str     0x000da3e3    0xcb40c ./Drivers/STM32F4xx_HAL_Driver/Src/stm32f4xx_hal_gpio.o
 .debug_str     0x000da3e3    0xcc28f ./Drivers/STM32F4xx_HAL_Driver/Src/stm32f4xx_hal_i2c.o
 .debug_str     0x000da3e3    0xcb469 ./Drivers/STM32F4xx_HAL_Driver/Src/stm32f4xx_hal_pwr_ex.o
 .debug_str     0x000da3e3    0xcb6ca ./Drivers/STM32F4xx_HAL_Driver/Src/stm32f4xx_hal_rcc.o
 .debug_str     0x000da3e3    0xcb6fd ./Drivers/STM32F4xx_HAL_Driver/Src/stm32f4xx_hal_rcc_ex.o
 .debug_str     0x000da3e3    0xcc5f6 ./Drivers/STM32F4xx_HAL_Driver/Src/stm32f4xx_hal_tim.o
 .debug_str     0x000da3e3    0xcbe02 ./Drivers/STM32F4xx_HAL_Driver/Src/stm32f4xx_hal_tim_ex.o
 .debug_str     0x000da3e3    0xcbc81 ./Drivers/STM32F4xx_HAL_Driver/Src/stm32f4xx_hal_uart.o

.comment        0x00000000       0x43
 .comment       0x00000000       0x43 ./Core/Src/main.o
                                 0x44 (size before relaxing)
 .comment       0x00000043       0x44 ./Core/Src/stm32f4xx_hal_msp.o
 .comment       0x00000043       0x44 ./Core/Src/stm32f4xx_it.o
 .comment       0x00000043       0x44 ./Core/Src/sysmem.o
 .comment       0x00000043       0x44 ./Core/Src/system_stm32f4xx.o
 .comment       0x00000043       0x44 ./Core/Src/vl53l0x_api.o
 .comment       0x00000043       0x44 ./Core/Src/vl53l0x_api_calibration.o
 .comment       0x00000043       0x44 ./Core/Src/vl53l0x_api_core.o