../Core/Src/main.c:93:6:moveStepper_Blocking	32	static
../Core/Src/main.c:110:15:VL53L0X_i2c_init	4	static
../Core/Src/main.c:115:15:VL53L0X_WriteMulti	40	static
../Core/Src/main.c:122:15:VL53L0X_ReadMulti	40	static
../Core/Src/main.c:129:15:VL53L0X_WrByte	16	static
../Core/Src/main.c:134:15:VL53L0X_RdByte	24	static
../Core/Src/main.c:139:15:VL53L0X_WrWord	24	static
../Core/Src/main.c:145:15:VL53L0X_RdWord	32	static
../Core/Src/main.c:153:15:VL53L0X_WrDWord	32	static
../Core/Src/main.c:162:15:VL53L0X_RdDWord	32	static
../Core/Src/main.c:171:15:VL53L0X_UpdateByte	24	static
../Core/Src/main.c:185:15:VL53L0X_PollingDelay	16	static
../Core/Src/main.c:191:13:VL53L0X_Init	16	static
../Core/Src/main.c:216:6:HAL_SYSTICK_Callback	4	static
../Core/Src/main.c:225:6:Motor_Step_Handler	8	static
../Core/Src/main.c:247:5:main	128	static,ignoring_inline_asm
../Core/Src/main.c:368:6:SystemClock_Config	88	static
../Core/Src/main.c:422:13:MX_I2C1_Init	8	static
../Core/Src/main.c:456:13:MX_TIM6_Init	16	static
../Core/Src/main.c:494:13:MX_USART2_UART_Init	8	static
../Core/Src/main.c:527:13:MX_GPIO_Init	48	static
../Core/Src/main.c:562:6:HAL_TIM_PeriodElapsedCallback	16	static
../Core/Src/main.c:575:6:Error_Handler	4	static,ignoring_inline_asm
